
*** Running vivado
    with args -log adder_toplevel.vds -m64 -product Vivado -mode batch -messageDb vivado.pb -notrace -source adder_toplevel.tcl


****** Vivado v2022.2 (64-bit)
  **** SW Build 3671981 on Fri Oct 14 04:59:54 MDT 2022
  **** IP Build 3669848 on Fri Oct 14 08:30:02 MDT 2022
    ** Copyright 1986-2022 Xilinx, Inc. All Rights Reserved.

source adder_toplevel.tcl -notrace
Command: synth_design -top adder_toplevel -part xc7s50csga324-1
Starting synth_design
Attempting to get a license for feature 'Synthesis' and/or device 'xc7s50'
INFO: [Common 17-349] Got license for feature 'Synthesis' and/or device 'xc7s50'
INFO: [Device 21-403] Loading part xc7s50csga324-1
INFO: [Synth 8-7079] Multithreading enabled for synth_design using a maximum of 4 processes.
INFO: [Synth 8-7078] Launching helper process for spawning children vivado processes
INFO: [Synth 8-7075] Helper process launched with PID 104130
INFO: [Synth 8-11241] undeclared symbol 'REGCCE', assumed default net type 'wire' [/tools/Xilinx/Vivado/2022.2/data/verilog/src/unimacro/BRAM_SINGLE_MACRO.v:2170]
WARNING: [Synth 8-11121] redeclaration of ANSI port 'q' is not allowed [/home/amogk/Vivado/ECE-385-LABS/lab4/Lab 4 vivado/Lab 4 vivado.srcs/sources_1/imports/design_source/sync_debounce.sv:20]
---------------------------------------------------------------------------------
Starting RTL Elaboration : Time (s): cpu = 00:00:03 ; elapsed = 00:00:04 . Memory (MB): peak = 2619.629 ; gain = 370.801 ; free physical = 308 ; free virtual = 11918
Synthesis current peak Physical Memory [PSS] (MB): peak = 1830.646; parent = 1625.250; children = 205.396
Synthesis current peak Virtual Memory [VSS] (MB): peak = 4251.910; parent = 2622.602; children = 1629.309
---------------------------------------------------------------------------------
INFO: [Synth 8-6157] synthesizing module 'adder_toplevel' [/home/amogk/Vivado/ECE-385-LABS/lab4/Lab 4 vivado/Lab 4 vivado.srcs/sources_1/imports/design_source/adder_toplevel.sv:8]
INFO: [Synth 8-6157] synthesizing module 'negedge_detector' [/home/amogk/Vivado/ECE-385-LABS/lab4/Lab 4 vivado/Lab 4 vivado.srcs/sources_1/imports/design_source/negedge_detector.sv:1]
INFO: [Synth 8-6155] done synthesizing module 'negedge_detector' (0#1) [/home/amogk/Vivado/ECE-385-LABS/lab4/Lab 4 vivado/Lab 4 vivado.srcs/sources_1/imports/design_source/negedge_detector.sv:1]
INFO: [Synth 8-6157] synthesizing module 'control' [/home/amogk/Vivado/ECE-385-LABS/lab4/Lab 4 vivado/Lab 4 vivado.srcs/sources_1/new/control.sv:23]
INFO: [Synth 8-294] found qualifier unique on case statement: implementing as parallel_case [/home/amogk/Vivado/ECE-385-LABS/lab4/Lab 4 vivado/Lab 4 vivado.srcs/sources_1/new/control.sv:59]
INFO: [Synth 8-6155] done synthesizing module 'control' (0#1) [/home/amogk/Vivado/ECE-385-LABS/lab4/Lab 4 vivado/Lab 4 vivado.srcs/sources_1/new/control.sv:23]
INFO: [Synth 8-6157] synthesizing module 'ripple_adder' [/home/amogk/Vivado/ECE-385-LABS/lab4/Lab 4 vivado/Lab 4 vivado.srcs/sources_1/imports/design_source/ripple_adder.sv:1]
INFO: [Synth 8-6157] synthesizing module 'single_ripple' [/home/amogk/Vivado/ECE-385-LABS/lab4/Lab 4 vivado/Lab 4 vivado.srcs/sources_1/imports/new/single_ripple.sv:23]
INFO: [Synth 8-6155] done synthesizing module 'single_ripple' (0#1) [/home/amogk/Vivado/ECE-385-LABS/lab4/Lab 4 vivado/Lab 4 vivado.srcs/sources_1/imports/new/single_ripple.sv:23]
INFO: [Synth 8-6155] done synthesizing module 'ripple_adder' (0#1) [/home/amogk/Vivado/ECE-385-LABS/lab4/Lab 4 vivado/Lab 4 vivado.srcs/sources_1/imports/design_source/ripple_adder.sv:1]
INFO: [Synth 8-6157] synthesizing module 'hex_driver' [/home/amogk/Vivado/ECE-385-LABS/lab4/Lab 4 vivado/Lab 4 vivado.srcs/sources_1/imports/design_source/hex_driver.sv:1]
INFO: [Synth 8-6157] synthesizing module 'nibble_to_hex' [/home/amogk/Vivado/ECE-385-LABS/lab4/Lab 4 vivado/Lab 4 vivado.srcs/sources_1/imports/design_source/hex_driver.sv:11]
INFO: [Synth 8-6155] done synthesizing module 'nibble_to_hex' (0#1) [/home/amogk/Vivado/ECE-385-LABS/lab4/Lab 4 vivado/Lab 4 vivado.srcs/sources_1/imports/design_source/hex_driver.sv:11]
INFO: [Synth 8-6157] synthesizing module 'nibble_to_hex' [/home/amogk/Vivado/ECE-385-LABS/lab4/Lab 4 vivado/Lab 4 vivado.srcs/sources_1/imports/design_source/hex_driver.sv:11]
INFO: [Synth 8-6155] done synthesizing module 'nibble_to_hex' (0#1) [/home/amogk/Vivado/ECE-385-LABS/lab4/Lab 4 vivado/Lab 4 vivado.srcs/sources_1/imports/design_source/hex_driver.sv:11]
INFO: [Synth 8-6157] synthesizing module 'nibble_to_hex' [/home/amogk/Vivado/ECE-385-LABS/lab4/Lab 4 vivado/Lab 4 vivado.srcs/sources_1/imports/design_source/hex_driver.sv:11]
INFO: [Synth 8-6155] done synthesizing module 'nibble_to_hex' (0#1) [/home/amogk/Vivado/ECE-385-LABS/lab4/Lab 4 vivado/Lab 4 vivado.srcs/sources_1/imports/design_source/hex_driver.sv:11]
INFO: [Synth 8-6157] synthesizing module 'nibble_to_hex' [/home/amogk/Vivado/ECE-385-LABS/lab4/Lab 4 vivado/Lab 4 vivado.srcs/sources_1/imports/design_source/hex_driver.sv:11]
INFO: [Synth 8-6155] done synthesizing module 'nibble_to_hex' (0#1) [/home/amogk/Vivado/ECE-385-LABS/lab4/Lab 4 vivado/Lab 4 vivado.srcs/sources_1/imports/design_source/hex_driver.sv:11]
INFO: [Synth 8-6155] done synthesizing module 'hex_driver' (0#1) [/home/amogk/Vivado/ECE-385-LABS/lab4/Lab 4 vivado/Lab 4 vivado.srcs/sources_1/imports/design_source/hex_driver.sv:1]
INFO: [Synth 8-6157] synthesizing module 'sync_debounce' [/home/amogk/Vivado/ECE-385-LABS/lab4/Lab 4 vivado/Lab 4 vivado.srcs/sources_1/imports/design_source/sync_debounce.sv:13]
INFO: [Synth 8-6155] done synthesizing module 'sync_debounce' (0#1) [/home/amogk/Vivado/ECE-385-LABS/lab4/Lab 4 vivado/Lab 4 vivado.srcs/sources_1/imports/design_source/sync_debounce.sv:13]
INFO: [Synth 8-6157] synthesizing module 'load_reg' [/home/amogk/Vivado/ECE-385-LABS/lab4/Lab 4 vivado/Lab 4 vivado.srcs/sources_1/imports/design_source/load_reg.sv:1]
	Parameter DATA_WIDTH bound to: 8 - type: integer 
INFO: [Synth 8-6155] done synthesizing module 'load_reg' (0#1) [/home/amogk/Vivado/ECE-385-LABS/lab4/Lab 4 vivado/Lab 4 vivado.srcs/sources_1/imports/design_source/load_reg.sv:1]
INFO: [Synth 8-6155] done synthesizing module 'adder_toplevel' (0#1) [/home/amogk/Vivado/ECE-385-LABS/lab4/Lab 4 vivado/Lab 4 vivado.srcs/sources_1/imports/design_source/adder_toplevel.sv:8]
---------------------------------------------------------------------------------
Finished RTL Elaboration : Time (s): cpu = 00:00:04 ; elapsed = 00:00:05 . Memory (MB): peak = 2689.566 ; gain = 440.738 ; free physical = 271 ; free virtual = 11903
Synthesis current peak Physical Memory [PSS] (MB): peak = 1830.646; parent = 1625.250; children = 205.396
Synthesis current peak Virtual Memory [VSS] (MB): peak = 4318.879; parent = 2689.570; children = 1629.309
---------------------------------------------------------------------------------
---------------------------------------------------------------------------------
Start Handling Custom Attributes
---------------------------------------------------------------------------------
---------------------------------------------------------------------------------
Finished Handling Custom Attributes : Time (s): cpu = 00:00:04 ; elapsed = 00:00:05 . Memory (MB): peak = 2707.379 ; gain = 458.551 ; free physical = 271 ; free virtual = 11904
Synthesis current peak Physical Memory [PSS] (MB): peak = 1830.646; parent = 1625.250; children = 205.396
Synthesis current peak Virtual Memory [VSS] (MB): peak = 4336.691; parent = 2707.383; children = 1629.309
---------------------------------------------------------------------------------
---------------------------------------------------------------------------------
Finished RTL Optimization Phase 1 : Time (s): cpu = 00:00:04 ; elapsed = 00:00:05 . Memory (MB): peak = 2707.379 ; gain = 458.551 ; free physical = 268 ; free virtual = 11901
Synthesis current peak Physical Memory [PSS] (MB): peak = 1830.646; parent = 1625.250; children = 205.396
Synthesis current peak Virtual Memory [VSS] (MB): peak = 4336.691; parent = 2707.383; children = 1629.309
---------------------------------------------------------------------------------
Netlist sorting complete. Time (s): cpu = 00:00:00.01 ; elapsed = 00:00:00 . Memory (MB): peak = 2707.379 ; gain = 0.000 ; free physical = 260 ; free virtual = 11893
INFO: [Project 1-570] Preparing netlist for logic optimization

Processing XDC Constraints
Initializing timing engine
Parsing XDC File [/home/amogk/Vivado/ECE-385-LABS/lab4/Lab 4 vivado/Lab 4 vivado.srcs/constrs_1/imports/new/lab2_constraints.xdc]
WARNING: [Vivado 12-584] No ports matched 'hex_grid_a[3]'. [/home/amogk/Vivado/ECE-385-LABS/lab4/Lab 4 vivado/Lab 4 vivado.srcs/constrs_1/imports/new/lab2_constraints.xdc:1]
CRITICAL WARNING: [Common 17-55] 'set_property' expects at least one object. [/home/amogk/Vivado/ECE-385-LABS/lab4/Lab 4 vivado/Lab 4 vivado.srcs/constrs_1/imports/new/lab2_constraints.xdc:1]
Resolution: If [get_<value>] was used to populate the object, check to make sure this command returns at least one valid object.
WARNING: [Vivado 12-584] No ports matched 'hex_grid_a[2]'. [/home/amogk/Vivado/ECE-385-LABS/lab4/Lab 4 vivado/Lab 4 vivado.srcs/constrs_1/imports/new/lab2_constraints.xdc:2]
CRITICAL WARNING: [Common 17-55] 'set_property' expects at least one object. [/home/amogk/Vivado/ECE-385-LABS/lab4/Lab 4 vivado/Lab 4 vivado.srcs/constrs_1/imports/new/lab2_constraints.xdc:2]
Resolution: If [get_<value>] was used to populate the object, check to make sure this command returns at least one valid object.
WARNING: [Vivado 12-584] No ports matched 'hex_grid_a[1]'. [/home/amogk/Vivado/ECE-385-LABS/lab4/Lab 4 vivado/Lab 4 vivado.srcs/constrs_1/imports/new/lab2_constraints.xdc:3]
CRITICAL WARNING: [Common 17-55] 'set_property' expects at least one object. [/home/amogk/Vivado/ECE-385-LABS/lab4/Lab 4 vivado/Lab 4 vivado.srcs/constrs_1/imports/new/lab2_constraints.xdc:3]
Resolution: If [get_<value>] was used to populate the object, check to make sure this command returns at least one valid object.
WARNING: [Vivado 12-584] No ports matched 'hex_grid_a[0]'. [/home/amogk/Vivado/ECE-385-LABS/lab4/Lab 4 vivado/Lab 4 vivado.srcs/constrs_1/imports/new/lab2_constraints.xdc:4]
CRITICAL WARNING: [Common 17-55] 'set_property' expects at least one object. [/home/amogk/Vivado/ECE-385-LABS/lab4/Lab 4 vivado/Lab 4 vivado.srcs/constrs_1/imports/new/lab2_constraints.xdc:4]
Resolution: If [get_<value>] was used to populate the object, check to make sure this command returns at least one valid object.
WARNING: [Vivado 12-584] No ports matched 'hex_grid_b[3]'. [/home/amogk/Vivado/ECE-385-LABS/lab4/Lab 4 vivado/Lab 4 vivado.srcs/constrs_1/imports/new/lab2_constraints.xdc:5]
CRITICAL WARNING: [Common 17-55] 'set_property' expects at least one object. [/home/amogk/Vivado/ECE-385-LABS/lab4/Lab 4 vivado/Lab 4 vivado.srcs/constrs_1/imports/new/lab2_constraints.xdc:5]
Resolution: If [get_<value>] was used to populate the object, check to make sure this command returns at least one valid object.
WARNING: [Vivado 12-584] No ports matched 'hex_grid_b[2]'. [/home/amogk/Vivado/ECE-385-LABS/lab4/Lab 4 vivado/Lab 4 vivado.srcs/constrs_1/imports/new/lab2_constraints.xdc:6]
CRITICAL WARNING: [Common 17-55] 'set_property' expects at least one object. [/home/amogk/Vivado/ECE-385-LABS/lab4/Lab 4 vivado/Lab 4 vivado.srcs/constrs_1/imports/new/lab2_constraints.xdc:6]
Resolution: If [get_<value>] was used to populate the object, check to make sure this command returns at least one valid object.
WARNING: [Vivado 12-584] No ports matched 'hex_grid_b[1]'. [/home/amogk/Vivado/ECE-385-LABS/lab4/Lab 4 vivado/Lab 4 vivado.srcs/constrs_1/imports/new/lab2_constraints.xdc:7]
CRITICAL WARNING: [Common 17-55] 'set_property' expects at least one object. [/home/amogk/Vivado/ECE-385-LABS/lab4/Lab 4 vivado/Lab 4 vivado.srcs/constrs_1/imports/new/lab2_constraints.xdc:7]
Resolution: If [get_<value>] was used to populate the object, check to make sure this command returns at least one valid object.
WARNING: [Vivado 12-584] No ports matched 'hex_grid_b[0]'. [/home/amogk/Vivado/ECE-385-LABS/lab4/Lab 4 vivado/Lab 4 vivado.srcs/constrs_1/imports/new/lab2_constraints.xdc:8]
CRITICAL WARNING: [Common 17-55] 'set_property' expects at least one object. [/home/amogk/Vivado/ECE-385-LABS/lab4/Lab 4 vivado/Lab 4 vivado.srcs/constrs_1/imports/new/lab2_constraints.xdc:8]
Resolution: If [get_<value>] was used to populate the object, check to make sure this command returns at least one valid object.
WARNING: [Vivado 12-584] No ports matched 'hex_seg_a[7]'. [/home/amogk/Vivado/ECE-385-LABS/lab4/Lab 4 vivado/Lab 4 vivado.srcs/constrs_1/imports/new/lab2_constraints.xdc:9]
CRITICAL WARNING: [Common 17-55] 'set_property' expects at least one object. [/home/amogk/Vivado/ECE-385-LABS/lab4/Lab 4 vivado/Lab 4 vivado.srcs/constrs_1/imports/new/lab2_constraints.xdc:9]
Resolution: If [get_<value>] was used to populate the object, check to make sure this command returns at least one valid object.
WARNING: [Vivado 12-584] No ports matched 'hex_seg_a[6]'. [/home/amogk/Vivado/ECE-385-LABS/lab4/Lab 4 vivado/Lab 4 vivado.srcs/constrs_1/imports/new/lab2_constraints.xdc:10]
CRITICAL WARNING: [Common 17-55] 'set_property' expects at least one object. [/home/amogk/Vivado/ECE-385-LABS/lab4/Lab 4 vivado/Lab 4 vivado.srcs/constrs_1/imports/new/lab2_constraints.xdc:10]
Resolution: If [get_<value>] was used to populate the object, check to make sure this command returns at least one valid object.
WARNING: [Vivado 12-584] No ports matched 'hex_seg_a[5]'. [/home/amogk/Vivado/ECE-385-LABS/lab4/Lab 4 vivado/Lab 4 vivado.srcs/constrs_1/imports/new/lab2_constraints.xdc:11]
CRITICAL WARNING: [Common 17-55] 'set_property' expects at least one object. [/home/amogk/Vivado/ECE-385-LABS/lab4/Lab 4 vivado/Lab 4 vivado.srcs/constrs_1/imports/new/lab2_constraints.xdc:11]
Resolution: If [get_<value>] was used to populate the object, check to make sure this command returns at least one valid object.
WARNING: [Vivado 12-584] No ports matched 'hex_seg_a[4]'. [/home/amogk/Vivado/ECE-385-LABS/lab4/Lab 4 vivado/Lab 4 vivado.srcs/constrs_1/imports/new/lab2_constraints.xdc:12]
CRITICAL WARNING: [Common 17-55] 'set_property' expects at least one object. [/home/amogk/Vivado/ECE-385-LABS/lab4/Lab 4 vivado/Lab 4 vivado.srcs/constrs_1/imports/new/lab2_constraints.xdc:12]
Resolution: If [get_<value>] was used to populate the object, check to make sure this command returns at least one valid object.
WARNING: [Vivado 12-584] No ports matched 'hex_seg_a[3]'. [/home/amogk/Vivado/ECE-385-LABS/lab4/Lab 4 vivado/Lab 4 vivado.srcs/constrs_1/imports/new/lab2_constraints.xdc:13]
CRITICAL WARNING: [Common 17-55] 'set_property' expects at least one object. [/home/amogk/Vivado/ECE-385-LABS/lab4/Lab 4 vivado/Lab 4 vivado.srcs/constrs_1/imports/new/lab2_constraints.xdc:13]
Resolution: If [get_<value>] was used to populate the object, check to make sure this command returns at least one valid object.
WARNING: [Vivado 12-584] No ports matched 'hex_seg_a[2]'. [/home/amogk/Vivado/ECE-385-LABS/lab4/Lab 4 vivado/Lab 4 vivado.srcs/constrs_1/imports/new/lab2_constraints.xdc:14]
CRITICAL WARNING: [Common 17-55] 'set_property' expects at least one object. [/home/amogk/Vivado/ECE-385-LABS/lab4/Lab 4 vivado/Lab 4 vivado.srcs/constrs_1/imports/new/lab2_constraints.xdc:14]
Resolution: If [get_<value>] was used to populate the object, check to make sure this command returns at least one valid object.
WARNING: [Vivado 12-584] No ports matched 'hex_seg_a[1]'. [/home/amogk/Vivado/ECE-385-LABS/lab4/Lab 4 vivado/Lab 4 vivado.srcs/constrs_1/imports/new/lab2_constraints.xdc:15]
CRITICAL WARNING: [Common 17-55] 'set_property' expects at least one object. [/home/amogk/Vivado/ECE-385-LABS/lab4/Lab 4 vivado/Lab 4 vivado.srcs/constrs_1/imports/new/lab2_constraints.xdc:15]
Resolution: If [get_<value>] was used to populate the object, check to make sure this command returns at least one valid object.
WARNING: [Vivado 12-584] No ports matched 'hex_seg_a[0]'. [/home/amogk/Vivado/ECE-385-LABS/lab4/Lab 4 vivado/Lab 4 vivado.srcs/constrs_1/imports/new/lab2_constraints.xdc:16]
CRITICAL WARNING: [Common 17-55] 'set_property' expects at least one object. [/home/amogk/Vivado/ECE-385-LABS/lab4/Lab 4 vivado/Lab 4 vivado.srcs/constrs_1/imports/new/lab2_constraints.xdc:16]
Resolution: If [get_<value>] was used to populate the object, check to make sure this command returns at least one valid object.
WARNING: [Vivado 12-584] No ports matched 'hex_seg_b[7]'. [/home/amogk/Vivado/ECE-385-LABS/lab4/Lab 4 vivado/Lab 4 vivado.srcs/constrs_1/imports/new/lab2_constraints.xdc:17]
CRITICAL WARNING: [Common 17-55] 'set_property' expects at least one object. [/home/amogk/Vivado/ECE-385-LABS/lab4/Lab 4 vivado/Lab 4 vivado.srcs/constrs_1/imports/new/lab2_constraints.xdc:17]
Resolution: If [get_<value>] was used to populate the object, check to make sure this command returns at least one valid object.
WARNING: [Vivado 12-584] No ports matched 'hex_seg_b[6]'. [/home/amogk/Vivado/ECE-385-LABS/lab4/Lab 4 vivado/Lab 4 vivado.srcs/constrs_1/imports/new/lab2_constraints.xdc:18]
CRITICAL WARNING: [Common 17-55] 'set_property' expects at least one object. [/home/amogk/Vivado/ECE-385-LABS/lab4/Lab 4 vivado/Lab 4 vivado.srcs/constrs_1/imports/new/lab2_constraints.xdc:18]
Resolution: If [get_<value>] was used to populate the object, check to make sure this command returns at least one valid object.
WARNING: [Vivado 12-584] No ports matched 'hex_seg_b[5]'. [/home/amogk/Vivado/ECE-385-LABS/lab4/Lab 4 vivado/Lab 4 vivado.srcs/constrs_1/imports/new/lab2_constraints.xdc:19]
CRITICAL WARNING: [Common 17-55] 'set_property' expects at least one object. [/home/amogk/Vivado/ECE-385-LABS/lab4/Lab 4 vivado/Lab 4 vivado.srcs/constrs_1/imports/new/lab2_constraints.xdc:19]
Resolution: If [get_<value>] was used to populate the object, check to make sure this command returns at least one valid object.
WARNING: [Vivado 12-584] No ports matched 'hex_seg_b[4]'. [/home/amogk/Vivado/ECE-385-LABS/lab4/Lab 4 vivado/Lab 4 vivado.srcs/constrs_1/imports/new/lab2_constraints.xdc:20]
CRITICAL WARNING: [Common 17-55] 'set_property' expects at least one object. [/home/amogk/Vivado/ECE-385-LABS/lab4/Lab 4 vivado/Lab 4 vivado.srcs/constrs_1/imports/new/lab2_constraints.xdc:20]
Resolution: If [get_<value>] was used to populate the object, check to make sure this command returns at least one valid object.
WARNING: [Vivado 12-584] No ports matched 'hex_seg_b[3]'. [/home/amogk/Vivado/ECE-385-LABS/lab4/Lab 4 vivado/Lab 4 vivado.srcs/constrs_1/imports/new/lab2_constraints.xdc:21]
CRITICAL WARNING: [Common 17-55] 'set_property' expects at least one object. [/home/amogk/Vivado/ECE-385-LABS/lab4/Lab 4 vivado/Lab 4 vivado.srcs/constrs_1/imports/new/lab2_constraints.xdc:21]
Resolution: If [get_<value>] was used to populate the object, check to make sure this command returns at least one valid object.
WARNING: [Vivado 12-584] No ports matched 'hex_seg_b[2]'. [/home/amogk/Vivado/ECE-385-LABS/lab4/Lab 4 vivado/Lab 4 vivado.srcs/constrs_1/imports/new/lab2_constraints.xdc:22]
CRITICAL WARNING: [Common 17-55] 'set_property' expects at least one object. [/home/amogk/Vivado/ECE-385-LABS/lab4/Lab 4 vivado/Lab 4 vivado.srcs/constrs_1/imports/new/lab2_constraints.xdc:22]
Resolution: If [get_<value>] was used to populate the object, check to make sure this command returns at least one valid object.
WARNING: [Vivado 12-584] No ports matched 'hex_seg_b[1]'. [/home/amogk/Vivado/ECE-385-LABS/lab4/Lab 4 vivado/Lab 4 vivado.srcs/constrs_1/imports/new/lab2_constraints.xdc:23]
CRITICAL WARNING: [Common 17-55] 'set_property' expects at least one object. [/home/amogk/Vivado/ECE-385-LABS/lab4/Lab 4 vivado/Lab 4 vivado.srcs/constrs_1/imports/new/lab2_constraints.xdc:23]
Resolution: If [get_<value>] was used to populate the object, check to make sure this command returns at least one valid object.
WARNING: [Vivado 12-584] No ports matched 'hex_seg_b[0]'. [/home/amogk/Vivado/ECE-385-LABS/lab4/Lab 4 vivado/Lab 4 vivado.srcs/constrs_1/imports/new/lab2_constraints.xdc:24]
CRITICAL WARNING: [Common 17-55] 'set_property' expects at least one object. [/home/amogk/Vivado/ECE-385-LABS/lab4/Lab 4 vivado/Lab 4 vivado.srcs/constrs_1/imports/new/lab2_constraints.xdc:24]
Resolution: If [get_<value>] was used to populate the object, check to make sure this command returns at least one valid object.
WARNING: [Vivado 12-584] No ports matched 'sw_i[15]'. [/home/amogk/Vivado/ECE-385-LABS/lab4/Lab 4 vivado/Lab 4 vivado.srcs/constrs_1/imports/new/lab2_constraints.xdc:25]
CRITICAL WARNING: [Common 17-55] 'set_property' expects at least one object. [/home/amogk/Vivado/ECE-385-LABS/lab4/Lab 4 vivado/Lab 4 vivado.srcs/constrs_1/imports/new/lab2_constraints.xdc:25]
Resolution: If [get_<value>] was used to populate the object, check to make sure this command returns at least one valid object.
WARNING: [Vivado 12-584] No ports matched 'sw_i[14]'. [/home/amogk/Vivado/ECE-385-LABS/lab4/Lab 4 vivado/Lab 4 vivado.srcs/constrs_1/imports/new/lab2_constraints.xdc:26]
CRITICAL WARNING: [Common 17-55] 'set_property' expects at least one object. [/home/amogk/Vivado/ECE-385-LABS/lab4/Lab 4 vivado/Lab 4 vivado.srcs/constrs_1/imports/new/lab2_constraints.xdc:26]
Resolution: If [get_<value>] was used to populate the object, check to make sure this command returns at least one valid object.
WARNING: [Vivado 12-584] No ports matched 'sw_i[13]'. [/home/amogk/Vivado/ECE-385-LABS/lab4/Lab 4 vivado/Lab 4 vivado.srcs/constrs_1/imports/new/lab2_constraints.xdc:27]
CRITICAL WARNING: [Common 17-55] 'set_property' expects at least one object. [/home/amogk/Vivado/ECE-385-LABS/lab4/Lab 4 vivado/Lab 4 vivado.srcs/constrs_1/imports/new/lab2_constraints.xdc:27]
Resolution: If [get_<value>] was used to populate the object, check to make sure this command returns at least one valid object.
WARNING: [Vivado 12-584] No ports matched 'sw_i[12]'. [/home/amogk/Vivado/ECE-385-LABS/lab4/Lab 4 vivado/Lab 4 vivado.srcs/constrs_1/imports/new/lab2_constraints.xdc:28]
CRITICAL WARNING: [Common 17-55] 'set_property' expects at least one object. [/home/amogk/Vivado/ECE-385-LABS/lab4/Lab 4 vivado/Lab 4 vivado.srcs/constrs_1/imports/new/lab2_constraints.xdc:28]
Resolution: If [get_<value>] was used to populate the object, check to make sure this command returns at least one valid object.
WARNING: [Vivado 12-584] No ports matched 'sw_i[11]'. [/home/amogk/Vivado/ECE-385-LABS/lab4/Lab 4 vivado/Lab 4 vivado.srcs/constrs_1/imports/new/lab2_constraints.xdc:29]
CRITICAL WARNING: [Common 17-55] 'set_property' expects at least one object. [/home/amogk/Vivado/ECE-385-LABS/lab4/Lab 4 vivado/Lab 4 vivado.srcs/constrs_1/imports/new/lab2_constraints.xdc:29]
Resolution: If [get_<value>] was used to populate the object, check to make sure this command returns at least one valid object.
WARNING: [Vivado 12-584] No ports matched 'sw_i[10]'. [/home/amogk/Vivado/ECE-385-LABS/lab4/Lab 4 vivado/Lab 4 vivado.srcs/constrs_1/imports/new/lab2_constraints.xdc:30]
CRITICAL WARNING: [Common 17-55] 'set_property' expects at least one object. [/home/amogk/Vivado/ECE-385-LABS/lab4/Lab 4 vivado/Lab 4 vivado.srcs/constrs_1/imports/new/lab2_constraints.xdc:30]
Resolution: If [get_<value>] was used to populate the object, check to make sure this command returns at least one valid object.
WARNING: [Vivado 12-584] No ports matched 'sw_i[9]'. [/home/amogk/Vivado/ECE-385-LABS/lab4/Lab 4 vivado/Lab 4 vivado.srcs/constrs_1/imports/new/lab2_constraints.xdc:31]
CRITICAL WARNING: [Common 17-55] 'set_property' expects at least one object. [/home/amogk/Vivado/ECE-385-LABS/lab4/Lab 4 vivado/Lab 4 vivado.srcs/constrs_1/imports/new/lab2_constraints.xdc:31]
Resolution: If [get_<value>] was used to populate the object, check to make sure this command returns at least one valid object.
WARNING: [Vivado 12-584] No ports matched 'sw_i[8]'. [/home/amogk/Vivado/ECE-385-LABS/lab4/Lab 4 vivado/Lab 4 vivado.srcs/constrs_1/imports/new/lab2_constraints.xdc:32]
CRITICAL WARNING: [Common 17-55] 'set_property' expects at least one object. [/home/amogk/Vivado/ECE-385-LABS/lab4/Lab 4 vivado/Lab 4 vivado.srcs/constrs_1/imports/new/lab2_constraints.xdc:32]
Resolution: If [get_<value>] was used to populate the object, check to make sure this command returns at least one valid object.
WARNING: [Vivado 12-584] No ports matched 'sign_led'. [/home/amogk/Vivado/ECE-385-LABS/lab4/Lab 4 vivado/Lab 4 vivado.srcs/constrs_1/imports/new/lab2_constraints.xdc:41]
CRITICAL WARNING: [Common 17-55] 'set_property' expects at least one object. [/home/amogk/Vivado/ECE-385-LABS/lab4/Lab 4 vivado/Lab 4 vivado.srcs/constrs_1/imports/new/lab2_constraints.xdc:41]
Resolution: If [get_<value>] was used to populate the object, check to make sure this command returns at least one valid object.
WARNING: [Vivado 12-584] No ports matched 'reset'. [/home/amogk/Vivado/ECE-385-LABS/lab4/Lab 4 vivado/Lab 4 vivado.srcs/constrs_1/imports/new/lab2_constraints.xdc:43]
CRITICAL WARNING: [Common 17-55] 'set_property' expects at least one object. [/home/amogk/Vivado/ECE-385-LABS/lab4/Lab 4 vivado/Lab 4 vivado.srcs/constrs_1/imports/new/lab2_constraints.xdc:43]
Resolution: If [get_<value>] was used to populate the object, check to make sure this command returns at least one valid object.
WARNING: [Vivado 12-584] No ports matched 'sw_i[8]'. [/home/amogk/Vivado/ECE-385-LABS/lab4/Lab 4 vivado/Lab 4 vivado.srcs/constrs_1/imports/new/lab2_constraints.xdc:53]
CRITICAL WARNING: [Common 17-55] 'set_property' expects at least one object. [/home/amogk/Vivado/ECE-385-LABS/lab4/Lab 4 vivado/Lab 4 vivado.srcs/constrs_1/imports/new/lab2_constraints.xdc:53]
Resolution: If [get_<value>] was used to populate the object, check to make sure this command returns at least one valid object.
WARNING: [Vivado 12-584] No ports matched 'sw_i[9]'. [/home/amogk/Vivado/ECE-385-LABS/lab4/Lab 4 vivado/Lab 4 vivado.srcs/constrs_1/imports/new/lab2_constraints.xdc:54]
CRITICAL WARNING: [Common 17-55] 'set_property' expects at least one object. [/home/amogk/Vivado/ECE-385-LABS/lab4/Lab 4 vivado/Lab 4 vivado.srcs/constrs_1/imports/new/lab2_constraints.xdc:54]
Resolution: If [get_<value>] was used to populate the object, check to make sure this command returns at least one valid object.
WARNING: [Vivado 12-584] No ports matched 'sw_i[10]'. [/home/amogk/Vivado/ECE-385-LABS/lab4/Lab 4 vivado/Lab 4 vivado.srcs/constrs_1/imports/new/lab2_constraints.xdc:55]
CRITICAL WARNING: [Common 17-55] 'set_property' expects at least one object. [/home/amogk/Vivado/ECE-385-LABS/lab4/Lab 4 vivado/Lab 4 vivado.srcs/constrs_1/imports/new/lab2_constraints.xdc:55]
Resolution: If [get_<value>] was used to populate the object, check to make sure this command returns at least one valid object.
WARNING: [Vivado 12-584] No ports matched 'sw_i[11]'. [/home/amogk/Vivado/ECE-385-LABS/lab4/Lab 4 vivado/Lab 4 vivado.srcs/constrs_1/imports/new/lab2_constraints.xdc:56]
CRITICAL WARNING: [Common 17-55] 'set_property' expects at least one object. [/home/amogk/Vivado/ECE-385-LABS/lab4/Lab 4 vivado/Lab 4 vivado.srcs/constrs_1/imports/new/lab2_constraints.xdc:56]
Resolution: If [get_<value>] was used to populate the object, check to make sure this command returns at least one valid object.
WARNING: [Vivado 12-584] No ports matched 'sw_i[12]'. [/home/amogk/Vivado/ECE-385-LABS/lab4/Lab 4 vivado/Lab 4 vivado.srcs/constrs_1/imports/new/lab2_constraints.xdc:57]
CRITICAL WARNING: [Common 17-55] 'set_property' expects at least one object. [/home/amogk/Vivado/ECE-385-LABS/lab4/Lab 4 vivado/Lab 4 vivado.srcs/constrs_1/imports/new/lab2_constraints.xdc:57]
Resolution: If [get_<value>] was used to populate the object, check to make sure this command returns at least one valid object.
WARNING: [Vivado 12-584] No ports matched 'sw_i[13]'. [/home/amogk/Vivado/ECE-385-LABS/lab4/Lab 4 vivado/Lab 4 vivado.srcs/constrs_1/imports/new/lab2_constraints.xdc:58]
CRITICAL WARNING: [Common 17-55] 'set_property' expects at least one object. [/home/amogk/Vivado/ECE-385-LABS/lab4/Lab 4 vivado/Lab 4 vivado.srcs/constrs_1/imports/new/lab2_constraints.xdc:58]
Resolution: If [get_<value>] was used to populate the object, check to make sure this command returns at least one valid object.
WARNING: [Vivado 12-584] No ports matched 'sw_i[14]'. [/home/amogk/Vivado/ECE-385-LABS/lab4/Lab 4 vivado/Lab 4 vivado.srcs/constrs_1/imports/new/lab2_constraints.xdc:59]
CRITICAL WARNING: [Common 17-55] 'set_property' expects at least one object. [/home/amogk/Vivado/ECE-385-LABS/lab4/Lab 4 vivado/Lab 4 vivado.srcs/constrs_1/imports/new/lab2_constraints.xdc:59]
Resolution: If [get_<value>] was used to populate the object, check to make sure this command returns at least one valid object.
WARNING: [Vivado 12-584] No ports matched 'sw_i[15]'. [/home/amogk/Vivado/ECE-385-LABS/lab4/Lab 4 vivado/Lab 4 vivado.srcs/constrs_1/imports/new/lab2_constraints.xdc:60]
CRITICAL WARNING: [Common 17-55] 'set_property' expects at least one object. [/home/amogk/Vivado/ECE-385-LABS/lab4/Lab 4 vivado/Lab 4 vivado.srcs/constrs_1/imports/new/lab2_constraints.xdc:60]
Resolution: If [get_<value>] was used to populate the object, check to make sure this command returns at least one valid object.
WARNING: [Vivado 12-584] No ports matched 'sign_led'. [/home/amogk/Vivado/ECE-385-LABS/lab4/Lab 4 vivado/Lab 4 vivado.srcs/constrs_1/imports/new/lab2_constraints.xdc:61]
CRITICAL WARNING: [Common 17-55] 'set_property' expects at least one object. [/home/amogk/Vivado/ECE-385-LABS/lab4/Lab 4 vivado/Lab 4 vivado.srcs/constrs_1/imports/new/lab2_constraints.xdc:61]
Resolution: If [get_<value>] was used to populate the object, check to make sure this command returns at least one valid object.
WARNING: [Vivado 12-584] No ports matched 'hex_grid_a[0]'. [/home/amogk/Vivado/ECE-385-LABS/lab4/Lab 4 vivado/Lab 4 vivado.srcs/constrs_1/imports/new/lab2_constraints.xdc:62]
CRITICAL WARNING: [Common 17-55] 'set_property' expects at least one object. [/home/amogk/Vivado/ECE-385-LABS/lab4/Lab 4 vivado/Lab 4 vivado.srcs/constrs_1/imports/new/lab2_constraints.xdc:62]
Resolution: If [get_<value>] was used to populate the object, check to make sure this command returns at least one valid object.
WARNING: [Vivado 12-584] No ports matched 'hex_grid_a[1]'. [/home/amogk/Vivado/ECE-385-LABS/lab4/Lab 4 vivado/Lab 4 vivado.srcs/constrs_1/imports/new/lab2_constraints.xdc:63]
CRITICAL WARNING: [Common 17-55] 'set_property' expects at least one object. [/home/amogk/Vivado/ECE-385-LABS/lab4/Lab 4 vivado/Lab 4 vivado.srcs/constrs_1/imports/new/lab2_constraints.xdc:63]
Resolution: If [get_<value>] was used to populate the object, check to make sure this command returns at least one valid object.
WARNING: [Vivado 12-584] No ports matched 'hex_grid_a[2]'. [/home/amogk/Vivado/ECE-385-LABS/lab4/Lab 4 vivado/Lab 4 vivado.srcs/constrs_1/imports/new/lab2_constraints.xdc:64]
CRITICAL WARNING: [Common 17-55] 'set_property' expects at least one object. [/home/amogk/Vivado/ECE-385-LABS/lab4/Lab 4 vivado/Lab 4 vivado.srcs/constrs_1/imports/new/lab2_constraints.xdc:64]
Resolution: If [get_<value>] was used to populate the object, check to make sure this command returns at least one valid object.
WARNING: [Vivado 12-584] No ports matched 'hex_grid_a[3]'. [/home/amogk/Vivado/ECE-385-LABS/lab4/Lab 4 vivado/Lab 4 vivado.srcs/constrs_1/imports/new/lab2_constraints.xdc:65]
CRITICAL WARNING: [Common 17-55] 'set_property' expects at least one object. [/home/amogk/Vivado/ECE-385-LABS/lab4/Lab 4 vivado/Lab 4 vivado.srcs/constrs_1/imports/new/lab2_constraints.xdc:65]
Resolution: If [get_<value>] was used to populate the object, check to make sure this command returns at least one valid object.
WARNING: [Vivado 12-584] No ports matched 'hex_seg_a[0]'. [/home/amogk/Vivado/ECE-385-LABS/lab4/Lab 4 vivado/Lab 4 vivado.srcs/constrs_1/imports/new/lab2_constraints.xdc:66]
CRITICAL WARNING: [Common 17-55] 'set_property' expects at least one object. [/home/amogk/Vivado/ECE-385-LABS/lab4/Lab 4 vivado/Lab 4 vivado.srcs/constrs_1/imports/new/lab2_constraints.xdc:66]
Resolution: If [get_<value>] was used to populate the object, check to make sure this command returns at least one valid object.
WARNING: [Vivado 12-584] No ports matched 'hex_seg_a[1]'. [/home/amogk/Vivado/ECE-385-LABS/lab4/Lab 4 vivado/Lab 4 vivado.srcs/constrs_1/imports/new/lab2_constraints.xdc:67]
CRITICAL WARNING: [Common 17-55] 'set_property' expects at least one object. [/home/amogk/Vivado/ECE-385-LABS/lab4/Lab 4 vivado/Lab 4 vivado.srcs/constrs_1/imports/new/lab2_constraints.xdc:67]
Resolution: If [get_<value>] was used to populate the object, check to make sure this command returns at least one valid object.
WARNING: [Vivado 12-584] No ports matched 'hex_seg_a[2]'. [/home/amogk/Vivado/ECE-385-LABS/lab4/Lab 4 vivado/Lab 4 vivado.srcs/constrs_1/imports/new/lab2_constraints.xdc:68]
CRITICAL WARNING: [Common 17-55] 'set_property' expects at least one object. [/home/amogk/Vivado/ECE-385-LABS/lab4/Lab 4 vivado/Lab 4 vivado.srcs/constrs_1/imports/new/lab2_constraints.xdc:68]
Resolution: If [get_<value>] was used to populate the object, check to make sure this command returns at least one valid object.
WARNING: [Vivado 12-584] No ports matched 'hex_seg_a[3]'. [/home/amogk/Vivado/ECE-385-LABS/lab4/Lab 4 vivado/Lab 4 vivado.srcs/constrs_1/imports/new/lab2_constraints.xdc:69]
CRITICAL WARNING: [Common 17-55] 'set_property' expects at least one object. [/home/amogk/Vivado/ECE-385-LABS/lab4/Lab 4 vivado/Lab 4 vivado.srcs/constrs_1/imports/new/lab2_constraints.xdc:69]
Resolution: If [get_<value>] was used to populate the object, check to make sure this command returns at least one valid object.
WARNING: [Vivado 12-584] No ports matched 'hex_seg_a[4]'. [/home/amogk/Vivado/ECE-385-LABS/lab4/Lab 4 vivado/Lab 4 vivado.srcs/constrs_1/imports/new/lab2_constraints.xdc:70]
CRITICAL WARNING: [Common 17-55] 'set_property' expects at least one object. [/home/amogk/Vivado/ECE-385-LABS/lab4/Lab 4 vivado/Lab 4 vivado.srcs/constrs_1/imports/new/lab2_constraints.xdc:70]
Resolution: If [get_<value>] was used to populate the object, check to make sure this command returns at least one valid object.
WARNING: [Vivado 12-584] No ports matched 'hex_seg_a[5]'. [/home/amogk/Vivado/ECE-385-LABS/lab4/Lab 4 vivado/Lab 4 vivado.srcs/constrs_1/imports/new/lab2_constraints.xdc:71]
CRITICAL WARNING: [Common 17-55] 'set_property' expects at least one object. [/home/amogk/Vivado/ECE-385-LABS/lab4/Lab 4 vivado/Lab 4 vivado.srcs/constrs_1/imports/new/lab2_constraints.xdc:71]
Resolution: If [get_<value>] was used to populate the object, check to make sure this command returns at least one valid object.
WARNING: [Vivado 12-584] No ports matched 'hex_seg_a[6]'. [/home/amogk/Vivado/ECE-385-LABS/lab4/Lab 4 vivado/Lab 4 vivado.srcs/constrs_1/imports/new/lab2_constraints.xdc:72]
CRITICAL WARNING: [Common 17-55] 'set_property' expects at least one object. [/home/amogk/Vivado/ECE-385-LABS/lab4/Lab 4 vivado/Lab 4 vivado.srcs/constrs_1/imports/new/lab2_constraints.xdc:72]
Resolution: If [get_<value>] was used to populate the object, check to make sure this command returns at least one valid object.
WARNING: [Vivado 12-584] No ports matched 'hex_seg_a[7]'. [/home/amogk/Vivado/ECE-385-LABS/lab4/Lab 4 vivado/Lab 4 vivado.srcs/constrs_1/imports/new/lab2_constraints.xdc:73]
CRITICAL WARNING: [Common 17-55] 'set_property' expects at least one object. [/home/amogk/Vivado/ECE-385-LABS/lab4/Lab 4 vivado/Lab 4 vivado.srcs/constrs_1/imports/new/lab2_constraints.xdc:73]
Resolution: If [get_<value>] was used to populate the object, check to make sure this command returns at least one valid object.
WARNING: [Vivado 12-584] No ports matched 'hex_grid_b[0]'. [/home/amogk/Vivado/ECE-385-LABS/lab4/Lab 4 vivado/Lab 4 vivado.srcs/constrs_1/imports/new/lab2_constraints.xdc:74]
CRITICAL WARNING: [Common 17-55] 'set_property' expects at least one object. [/home/amogk/Vivado/ECE-385-LABS/lab4/Lab 4 vivado/Lab 4 vivado.srcs/constrs_1/imports/new/lab2_constraints.xdc:74]
Resolution: If [get_<value>] was used to populate the object, check to make sure this command returns at least one valid object.
WARNING: [Vivado 12-584] No ports matched 'hex_grid_b[1]'. [/home/amogk/Vivado/ECE-385-LABS/lab4/Lab 4 vivado/Lab 4 vivado.srcs/constrs_1/imports/new/lab2_constraints.xdc:75]
CRITICAL WARNING: [Common 17-55] 'set_property' expects at least one object. [/home/amogk/Vivado/ECE-385-LABS/lab4/Lab 4 vivado/Lab 4 vivado.srcs/constrs_1/imports/new/lab2_constraints.xdc:75]
Resolution: If [get_<value>] was used to populate the object, check to make sure this command returns at least one valid object.
WARNING: [Vivado 12-584] No ports matched 'hex_grid_b[2]'. [/home/amogk/Vivado/ECE-385-LABS/lab4/Lab 4 vivado/Lab 4 vivado.srcs/constrs_1/imports/new/lab2_constraints.xdc:76]
CRITICAL WARNING: [Common 17-55] 'set_property' expects at least one object. [/home/amogk/Vivado/ECE-385-LABS/lab4/Lab 4 vivado/Lab 4 vivado.srcs/constrs_1/imports/new/lab2_constraints.xdc:76]
Resolution: If [get_<value>] was used to populate the object, check to make sure this command returns at least one valid object.
WARNING: [Vivado 12-584] No ports matched 'hex_grid_b[3]'. [/home/amogk/Vivado/ECE-385-LABS/lab4/Lab 4 vivado/Lab 4 vivado.srcs/constrs_1/imports/new/lab2_constraints.xdc:77]
CRITICAL WARNING: [Common 17-55] 'set_property' expects at least one object. [/home/amogk/Vivado/ECE-385-LABS/lab4/Lab 4 vivado/Lab 4 vivado.srcs/constrs_1/imports/new/lab2_constraints.xdc:77]
Resolution: If [get_<value>] was used to populate the object, check to make sure this command returns at least one valid object.
WARNING: [Vivado 12-584] No ports matched 'hex_seg_b[0]'. [/home/amogk/Vivado/ECE-385-LABS/lab4/Lab 4 vivado/Lab 4 vivado.srcs/constrs_1/imports/new/lab2_constraints.xdc:78]
CRITICAL WARNING: [Common 17-55] 'set_property' expects at least one object. [/home/amogk/Vivado/ECE-385-LABS/lab4/Lab 4 vivado/Lab 4 vivado.srcs/constrs_1/imports/new/lab2_constraints.xdc:78]
Resolution: If [get_<value>] was used to populate the object, check to make sure this command returns at least one valid object.
WARNING: [Vivado 12-584] No ports matched 'hex_seg_b[1]'. [/home/amogk/Vivado/ECE-385-LABS/lab4/Lab 4 vivado/Lab 4 vivado.srcs/constrs_1/imports/new/lab2_constraints.xdc:79]
CRITICAL WARNING: [Common 17-55] 'set_property' expects at least one object. [/home/amogk/Vivado/ECE-385-LABS/lab4/Lab 4 vivado/Lab 4 vivado.srcs/constrs_1/imports/new/lab2_constraints.xdc:79]
Resolution: If [get_<value>] was used to populate the object, check to make sure this command returns at least one valid object.
WARNING: [Vivado 12-584] No ports matched 'hex_seg_b[2]'. [/home/amogk/Vivado/ECE-385-LABS/lab4/Lab 4 vivado/Lab 4 vivado.srcs/constrs_1/imports/new/lab2_constraints.xdc:80]
CRITICAL WARNING: [Common 17-55] 'set_property' expects at least one object. [/home/amogk/Vivado/ECE-385-LABS/lab4/Lab 4 vivado/Lab 4 vivado.srcs/constrs_1/imports/new/lab2_constraints.xdc:80]
Resolution: If [get_<value>] was used to populate the object, check to make sure this command returns at least one valid object.
WARNING: [Vivado 12-584] No ports matched 'hex_seg_b[3]'. [/home/amogk/Vivado/ECE-385-LABS/lab4/Lab 4 vivado/Lab 4 vivado.srcs/constrs_1/imports/new/lab2_constraints.xdc:81]
CRITICAL WARNING: [Common 17-55] 'set_property' expects at least one object. [/home/amogk/Vivado/ECE-385-LABS/lab4/Lab 4 vivado/Lab 4 vivado.srcs/constrs_1/imports/new/lab2_constraints.xdc:81]
Resolution: If [get_<value>] was used to populate the object, check to make sure this command returns at least one valid object.
WARNING: [Vivado 12-584] No ports matched 'hex_seg_b[4]'. [/home/amogk/Vivado/ECE-385-LABS/lab4/Lab 4 vivado/Lab 4 vivado.srcs/constrs_1/imports/new/lab2_constraints.xdc:82]
CRITICAL WARNING: [Common 17-55] 'set_property' expects at least one object. [/home/amogk/Vivado/ECE-385-LABS/lab4/Lab 4 vivado/Lab 4 vivado.srcs/constrs_1/imports/new/lab2_constraints.xdc:82]
Resolution: If [get_<value>] was used to populate the object, check to make sure this command returns at least one valid object.
WARNING: [Vivado 12-584] No ports matched 'hex_seg_b[5]'. [/home/amogk/Vivado/ECE-385-LABS/lab4/Lab 4 vivado/Lab 4 vivado.srcs/constrs_1/imports/new/lab2_constraints.xdc:83]
CRITICAL WARNING: [Common 17-55] 'set_property' expects at least one object. [/home/amogk/Vivado/ECE-385-LABS/lab4/Lab 4 vivado/Lab 4 vivado.srcs/constrs_1/imports/new/lab2_constraints.xdc:83]
Resolution: If [get_<value>] was used to populate the object, check to make sure this command returns at least one valid object.
WARNING: [Vivado 12-584] No ports matched 'hex_seg_b[6]'. [/home/amogk/Vivado/ECE-385-LABS/lab4/Lab 4 vivado/Lab 4 vivado.srcs/constrs_1/imports/new/lab2_constraints.xdc:84]
CRITICAL WARNING: [Common 17-55] 'set_property' expects at least one object. [/home/amogk/Vivado/ECE-385-LABS/lab4/Lab 4 vivado/Lab 4 vivado.srcs/constrs_1/imports/new/lab2_constraints.xdc:84]
Resolution: If [get_<value>] was used to populate the object, check to make sure this command returns at least one valid object.
WARNING: [Vivado 12-584] No ports matched 'hex_seg_b[7]'. [/home/amogk/Vivado/ECE-385-LABS/lab4/Lab 4 vivado/Lab 4 vivado.srcs/constrs_1/imports/new/lab2_constraints.xdc:85]
CRITICAL WARNING: [Common 17-55] 'set_property' expects at least one object. [/home/amogk/Vivado/ECE-385-LABS/lab4/Lab 4 vivado/Lab 4 vivado.srcs/constrs_1/imports/new/lab2_constraints.xdc:85]
Resolution: If [get_<value>] was used to populate the object, check to make sure this command returns at least one valid object.
WARNING: [Vivado 12-584] No ports matched 'reset'. [/home/amogk/Vivado/ECE-385-LABS/lab4/Lab 4 vivado/Lab 4 vivado.srcs/constrs_1/imports/new/lab2_constraints.xdc:87]
CRITICAL WARNING: [Common 17-55] 'set_property' expects at least one object. [/home/amogk/Vivado/ECE-385-LABS/lab4/Lab 4 vivado/Lab 4 vivado.srcs/constrs_1/imports/new/lab2_constraints.xdc:87]
Resolution: If [get_<value>] was used to populate the object, check to make sure this command returns at least one valid object.
Finished Parsing XDC File [/home/amogk/Vivado/ECE-385-LABS/lab4/Lab 4 vivado/Lab 4 vivado.srcs/constrs_1/imports/new/lab2_constraints.xdc]
INFO: [Project 1-236] Implementation specific constraints were found while reading constraint file [/home/amogk/Vivado/ECE-385-LABS/lab4/Lab 4 vivado/Lab 4 vivado.srcs/constrs_1/imports/new/lab2_constraints.xdc]. These constraints will be ignored for synthesis but will be used in implementation. Impacted constraints are listed in the file [.Xil/adder_toplevel_propImpl.xdc].
Resolution: To avoid this warning, move constraints listed in [.Xil/adder_toplevel_propImpl.xdc] to another XDC file and exclude this new file from synthesis with the used_in_synthesis property (File Properties dialog in GUI) and re-run elaboration/synthesis.
Completed Processing XDC Constraints

Netlist sorting complete. Time (s): cpu = 00:00:00 ; elapsed = 00:00:00 . Memory (MB): peak = 2875.129 ; gain = 0.000 ; free physical = 192 ; free virtual = 11852
INFO: [Project 1-111] Unisim Transformation Summary:
No Unisim elements were transformed.

Constraint Validation Runtime : Time (s): cpu = 00:00:00 ; elapsed = 00:00:00 . Memory (MB): peak = 2875.129 ; gain = 0.000 ; free physical = 192 ; free virtual = 11852
INFO: [Synth 8-11241] undeclared symbol 'REGCCE', assumed default net type 'wire' [/tools/Xilinx/Vivado/2022.2/data/verilog/src/unimacro/BRAM_SINGLE_MACRO.v:2170]
---------------------------------------------------------------------------------
Finished Constraint Validation : Time (s): cpu = 00:00:09 ; elapsed = 00:00:11 . Memory (MB): peak = 2875.129 ; gain = 626.301 ; free physical = 256 ; free virtual = 11820
Synthesis current peak Physical Memory [PSS] (MB): peak = 1841.675; parent = 1636.332; children = 205.396
Synthesis current peak Virtual Memory [VSS] (MB): peak = 4472.426; parent = 2843.117; children = 1629.309
---------------------------------------------------------------------------------
---------------------------------------------------------------------------------
Start Loading Part and Timing Information
---------------------------------------------------------------------------------
Loading part: xc7s50csga324-1
---------------------------------------------------------------------------------
Finished Loading Part and Timing Information : Time (s): cpu = 00:00:09 ; elapsed = 00:00:11 . Memory (MB): peak = 2875.129 ; gain = 626.301 ; free physical = 254 ; free virtual = 11820
Synthesis current peak Physical Memory [PSS] (MB): peak = 1841.675; parent = 1636.332; children = 205.396
Synthesis current peak Virtual Memory [VSS] (MB): peak = 4472.426; parent = 2843.117; children = 1629.309
---------------------------------------------------------------------------------
---------------------------------------------------------------------------------
Start Applying 'set_property' XDC Constraints
---------------------------------------------------------------------------------
---------------------------------------------------------------------------------
Finished applying 'set_property' XDC Constraints : Time (s): cpu = 00:00:09 ; elapsed = 00:00:11 . Memory (MB): peak = 2875.129 ; gain = 626.301 ; free physical = 254 ; free virtual = 11820
Synthesis current peak Physical Memory [PSS] (MB): peak = 1841.675; parent = 1636.332; children = 205.396
Synthesis current peak Virtual Memory [VSS] (MB): peak = 4472.426; parent = 2843.117; children = 1629.309
---------------------------------------------------------------------------------
INFO: [Synth 8-802] inferred FSM for state register 'state_reg' in module 'control'
---------------------------------------------------------------------------------------------------
                   State |                     New Encoding |                Previous Encoding 
---------------------------------------------------------------------------------------------------
                    IDLE |                             0010 |                              000
                   CLEAR |                             1000 |                              001
                     ADD |                             0100 |                              010
                   SHIFT |                             0001 |                              011
---------------------------------------------------------------------------------------------------
INFO: [Synth 8-3354] encoded FSM with state register 'state_reg' using encoding 'one-hot' in module 'control'
---------------------------------------------------------------------------------
Finished RTL Optimization Phase 2 : Time (s): cpu = 00:00:10 ; elapsed = 00:00:12 . Memory (MB): peak = 2875.129 ; gain = 626.301 ; free physical = 231 ; free virtual = 11803
Synthesis current peak Physical Memory [PSS] (MB): peak = 1841.675; parent = 1636.332; children = 205.396
Synthesis current peak Virtual Memory [VSS] (MB): peak = 4472.426; parent = 2843.117; children = 1629.309
---------------------------------------------------------------------------------
---------------------------------------------------------------------------------
Start RTL Component Statistics 
---------------------------------------------------------------------------------
Detailed RTL Component Info : 
+---Adders : 
	   2 Input    3 Bit       Adders := 1     
+---XORs : 
	   3 Input      1 Bit         XORs := 9     
	   2 Input      1 Bit         XORs := 10    
+---Registers : 
	                8 Bit    Registers := 3     
	                3 Bit    Registers := 1     
	                1 Bit    Registers := 9     
+---Muxes : 
	   4 Input    8 Bit        Muxes := 1     
	   2 Input    8 Bit        Muxes := 3     
	   4 Input    4 Bit        Muxes := 1     
	   2 Input    4 Bit        Muxes := 1     
	   5 Input    4 Bit        Muxes := 1     
	   2 Input    1 Bit        Muxes := 5     
	   4 Input    1 Bit        Muxes := 1     
---------------------------------------------------------------------------------
Finished RTL Component Statistics 
---------------------------------------------------------------------------------
---------------------------------------------------------------------------------
Start Part Resource Summary
---------------------------------------------------------------------------------
Part Resources:
DSPs: 120 (col length:60)
BRAMs: 150 (col length: RAMB18 60 RAMB36 30)
---------------------------------------------------------------------------------
Finished Part Resource Summary
---------------------------------------------------------------------------------
---------------------------------------------------------------------------------
Start Cross Boundary and Area Optimization
---------------------------------------------------------------------------------
WARNING: [Synth 8-7080] Parallel synthesis criteria is not met
WARNING: [Synth 8-3917] design adder_toplevel has port hex_seg[7] driven by constant 1
---------------------------------------------------------------------------------
Finished Cross Boundary and Area Optimization : Time (s): cpu = 00:00:11 ; elapsed = 00:00:13 . Memory (MB): peak = 2875.129 ; gain = 626.301 ; free physical = 197 ; free virtual = 11778
Synthesis current peak Physical Memory [PSS] (MB): peak = 1841.675; parent = 1636.332; children = 205.396
Synthesis current peak Virtual Memory [VSS] (MB): peak = 4472.426; parent = 2843.117; children = 1629.309
---------------------------------------------------------------------------------
---------------------------------------------------------------------------------
Start Applying XDC Timing Constraints
---------------------------------------------------------------------------------
---------------------------------------------------------------------------------
Finished Applying XDC Timing Constraints : Time (s): cpu = 00:00:15 ; elapsed = 00:00:17 . Memory (MB): peak = 2875.129 ; gain = 626.301 ; free physical = 190 ; free virtual = 11782
Synthesis current peak Physical Memory [PSS] (MB): peak = 1933.839; parent = 1728.541; children = 205.396
Synthesis current peak Virtual Memory [VSS] (MB): peak = 4472.426; parent = 2843.117; children = 1629.309
---------------------------------------------------------------------------------
---------------------------------------------------------------------------------
Start Timing Optimization
---------------------------------------------------------------------------------
---------------------------------------------------------------------------------
Finished Timing Optimization : Time (s): cpu = 00:00:15 ; elapsed = 00:00:17 . Memory (MB): peak = 2875.129 ; gain = 626.301 ; free physical = 196 ; free virtual = 11788
Synthesis current peak Physical Memory [PSS] (MB): peak = 1933.921; parent = 1728.623; children = 205.396
Synthesis current peak Virtual Memory [VSS] (MB): peak = 4472.426; parent = 2843.117; children = 1629.309
---------------------------------------------------------------------------------
---------------------------------------------------------------------------------
Start Technology Mapping
---------------------------------------------------------------------------------
---------------------------------------------------------------------------------
Finished Technology Mapping : Time (s): cpu = 00:00:15 ; elapsed = 00:00:17 . Memory (MB): peak = 2875.129 ; gain = 626.301 ; free physical = 177 ; free virtual = 11769
Synthesis current peak Physical Memory [PSS] (MB): peak = 1934.819; parent = 1729.521; children = 205.396
Synthesis current peak Virtual Memory [VSS] (MB): peak = 4472.426; parent = 2843.117; children = 1629.309
---------------------------------------------------------------------------------
---------------------------------------------------------------------------------
Start IO Insertion
---------------------------------------------------------------------------------
---------------------------------------------------------------------------------
Start Flattening Before IO Insertion
---------------------------------------------------------------------------------
---------------------------------------------------------------------------------
Finished Flattening Before IO Insertion
---------------------------------------------------------------------------------
---------------------------------------------------------------------------------
Start Final Netlist Cleanup
---------------------------------------------------------------------------------
---------------------------------------------------------------------------------
Finished Final Netlist Cleanup
---------------------------------------------------------------------------------
---------------------------------------------------------------------------------
Finished IO Insertion : Time (s): cpu = 00:00:18 ; elapsed = 00:00:20 . Memory (MB): peak = 2875.129 ; gain = 626.301 ; free physical = 182 ; free virtual = 11775
Synthesis current peak Physical Memory [PSS] (MB): peak = 1934.976; parent = 1729.678; children = 205.396
Synthesis current peak Virtual Memory [VSS] (MB): peak = 4472.426; parent = 2843.117; children = 1629.309
---------------------------------------------------------------------------------
---------------------------------------------------------------------------------
Start Renaming Generated Instances
---------------------------------------------------------------------------------
---------------------------------------------------------------------------------
Finished Renaming Generated Instances : Time (s): cpu = 00:00:18 ; elapsed = 00:00:20 . Memory (MB): peak = 2875.129 ; gain = 626.301 ; free physical = 182 ; free virtual = 11775
Synthesis current peak Physical Memory [PSS] (MB): peak = 1934.991; parent = 1729.693; children = 205.396
Synthesis current peak Virtual Memory [VSS] (MB): peak = 4472.426; parent = 2843.117; children = 1629.309
---------------------------------------------------------------------------------
---------------------------------------------------------------------------------
Start Rebuilding User Hierarchy
---------------------------------------------------------------------------------
---------------------------------------------------------------------------------
Finished Rebuilding User Hierarchy : Time (s): cpu = 00:00:18 ; elapsed = 00:00:20 . Memory (MB): peak = 2875.129 ; gain = 626.301 ; free physical = 179 ; free virtual = 11772
Synthesis current peak Physical Memory [PSS] (MB): peak = 1935.046; parent = 1729.748; children = 205.396
Synthesis current peak Virtual Memory [VSS] (MB): peak = 4472.426; parent = 2843.117; children = 1629.309
---------------------------------------------------------------------------------
---------------------------------------------------------------------------------
Start Renaming Generated Ports
---------------------------------------------------------------------------------
---------------------------------------------------------------------------------
Finished Renaming Generated Ports : Time (s): cpu = 00:00:18 ; elapsed = 00:00:20 . Memory (MB): peak = 2875.129 ; gain = 626.301 ; free physical = 179 ; free virtual = 11772
Synthesis current peak Physical Memory [PSS] (MB): peak = 1935.124; parent = 1729.826; children = 205.396
Synthesis current peak Virtual Memory [VSS] (MB): peak = 4472.426; parent = 2843.117; children = 1629.309
---------------------------------------------------------------------------------
---------------------------------------------------------------------------------
Start Handling Custom Attributes
---------------------------------------------------------------------------------
---------------------------------------------------------------------------------
Finished Handling Custom Attributes : Time (s): cpu = 00:00:18 ; elapsed = 00:00:20 . Memory (MB): peak = 2875.129 ; gain = 626.301 ; free physical = 179 ; free virtual = 11772
Synthesis current peak Physical Memory [PSS] (MB): peak = 1935.124; parent = 1729.826; children = 205.396
Synthesis current peak Virtual Memory [VSS] (MB): peak = 4472.426; parent = 2843.117; children = 1629.309
---------------------------------------------------------------------------------
---------------------------------------------------------------------------------
Start Renaming Generated Nets
---------------------------------------------------------------------------------
---------------------------------------------------------------------------------
Finished Renaming Generated Nets : Time (s): cpu = 00:00:18 ; elapsed = 00:00:20 . Memory (MB): peak = 2875.129 ; gain = 626.301 ; free physical = 179 ; free virtual = 11772
Synthesis current peak Physical Memory [PSS] (MB): peak = 1935.140; parent = 1729.842; children = 205.396
Synthesis current peak Virtual Memory [VSS] (MB): peak = 4472.426; parent = 2843.117; children = 1629.309
---------------------------------------------------------------------------------
---------------------------------------------------------------------------------
Start Writing Synthesis Report
---------------------------------------------------------------------------------

Report BlackBoxes: 
+-+--------------+----------+
| |BlackBox name |Instances |
+-+--------------+----------+
+-+--------------+----------+

Report Cell Usage: 
+------+-------+------+
|      |Cell   |Count |
+------+-------+------+
|1     |BUFG   |     1|
|2     |CARRY4 |    13|
|3     |LUT1   |     5|
|4     |LUT2   |     5|
|5     |LUT3   |    13|
|6     |LUT4   |    19|
|7     |LUT5   |    11|
|8     |LUT6   |    40|
|9     |FDRE   |    88|
|10    |FDSE   |     1|
|11    |IBUF   |    11|
|12    |OBUF   |    29|
+------+-------+------+
---------------------------------------------------------------------------------
Finished Writing Synthesis Report : Time (s): cpu = 00:00:18 ; elapsed = 00:00:20 . Memory (MB): peak = 2875.129 ; gain = 626.301 ; free physical = 179 ; free virtual = 11772
Synthesis current peak Physical Memory [PSS] (MB): peak = 1935.171; parent = 1729.873; children = 205.396
Synthesis current peak Virtual Memory [VSS] (MB): peak = 4472.426; parent = 2843.117; children = 1629.309
---------------------------------------------------------------------------------
Synthesis finished with 0 errors, 0 critical warnings and 2 warnings.
Synthesis Optimization Runtime : Time (s): cpu = 00:00:16 ; elapsed = 00:00:19 . Memory (MB): peak = 2875.129 ; gain = 458.551 ; free physical = 179 ; free virtual = 11772
Synthesis Optimization Complete : Time (s): cpu = 00:00:18 ; elapsed = 00:00:21 . Memory (MB): peak = 2875.129 ; gain = 626.301 ; free physical = 184 ; free virtual = 11776
INFO: [Project 1-571] Translating synthesized netlist
Netlist sorting complete. Time (s): cpu = 00:00:00 ; elapsed = 00:00:00 . Memory (MB): peak = 2875.129 ; gain = 0.000 ; free physical = 208 ; free virtual = 11819
INFO: [Netlist 29-17] Analyzing 13 Unisim elements for replacement
INFO: [Netlist 29-28] Unisim Transformation completed in 3 CPU seconds
INFO: [Project 1-570] Preparing netlist for logic optimization
INFO: [Opt 31-138] Pushed 0 inverter(s) to 0 load pin(s).
Netlist sorting complete. Time (s): cpu = 00:00:00 ; elapsed = 00:00:00 . Memory (MB): peak = 2875.129 ; gain = 0.000 ; free physical = 244 ; free virtual = 11855
INFO: [Project 1-111] Unisim Transformation Summary:
No Unisim elements were transformed.

Synth Design complete, checksum: 578c758a
INFO: [Common 17-83] Releasing license: Synthesis
44 Infos, 71 Warnings, 68 Critical Warnings and 0 Errors encountered.
synth_design completed successfully
synth_design: Time (s): cpu = 00:00:23 ; elapsed = 00:00:24 . Memory (MB): peak = 2875.129 ; gain = 955.145 ; free physical = 299 ; free virtual = 11911
INFO: [runtcl-6] Synthesis results are not added to the cache due to CRITICAL_WARNING
INFO: [Common 17-1381] The checkpoint '/home/amogk/Vivado/ECE-385-LABS/lab4/Lab 4 vivado/Lab 4 vivado.runs/synth_1/adder_toplevel.dcp' has been generated.
INFO: [runtcl-4] Executing : report_utilization -file adder_toplevel_utilization_synth.rpt -pb adder_toplevel_utilization_synth.pb
INFO: [Common 17-206] Exiting Vivado at Thu Sep 24 15:29:34 2026...
