
*** Running vivado
    with args -log Processor.vds -m64 -product Vivado -mode batch -messageDb vivado.pb -notrace -source Processor.tcl

INFO: [Common 17-3922] A valid Vivado Design Suite ENTERPRISE license has been detected. Your current license is active and will expire on 31-oct-2026.
#-----------------------------------------------------------
# Vivado v2026.1 (64-bit)
# SW Build 6511674 on Tue Jun 16 11:01:26 MDT 2026
# IP Build 6504888 on Tue Jun 09 09:05:25 MDT 2026
# SharedData Build 6501428 on Mon Jun 08 17:34:18 MDT 2026
# Start of session at: Thu Sep 10 12:44:21 2026
# Process ID         : 27516
# Current directory  : /home/amogk/Vivado/ECE-385-LABS/lab2/LAB 2.runs/synth_1
# Command line       : vivado -log Processor.vds -product Vivado -mode batch -messageDb vivado.pb -notrace -source Processor.tcl
# Log file           : /home/amogk/Vivado/ECE-385-LABS/lab2/LAB 2.runs/synth_1/Processor.vds
# Journal file       : /home/amogk/Vivado/ECE-385-LABS/lab2/LAB 2.runs/synth_1/vivado.jou
# Running On         : amogks-laptop
# Platform           : Fedora
# Operating System   : Fedora Linux 42 (Workstation Edition)
# Processor Detail   : AMD Ryzen 9 6900HS with Radeon Graphics
# CPU Frequency      : 3539.093 MHz
# CPU Physical cores : 8
# CPU Logical cores  : 16
# Host memory        : 15934 MB
# Swap memory        : 8589 MB
# Total Virtual      : 24523 MB
# Available Virtual  : 19910 MB
#-----------------------------------------------------------

****** Vivado v2026.1 (64-bit)
  **** SW Build 6511674 on Tue Jun 16 11:01:26 MDT 2026
  **** IP Build 6504888 on Tue Jun 09 09:05:25 MDT 2026
  **** SharedData Build 6501428 on Mon Jun 08 17:34:18 MDT 2026
  **** Start of session at: Thu Sep 10 12:44:21 2026
    ** Copyright 1986-2022 Xilinx, Inc. All Rights Reserved.
    ** Copyright 2022-2026 Advanced Micro Devices, Inc. All Rights Reserved.

source Processor.tcl -notrace
Command: read_checkpoint -auto_incremental -incremental {/home/amogk/Vivado/ECE-385-LABS/lab2/LAB 2.srcs/utils_1/imports/synth_1/Processor.dcp}
INFO: [Vivado 12-5825] Read reference checkpoint from /home/amogk/Vivado/ECE-385-LABS/lab2/LAB 2.srcs/utils_1/imports/synth_1/Processor.dcp for incremental synthesis
INFO: [Vivado 12-7989] Please ensure there are no constraint changes
Command: synth_design -top Processor -part xc7s50csga324-1
Starting synth_design
Attempting to get a license for feature 'Synthesis' and/or device 'xc7s50'
INFO: [Common 17-349] Got license for feature 'Synthesis' and/or device 'xc7s50'
INFO: [Device 21-403] Loading part xc7s50csga324-1
INFO: [Designutils 20-5008] Incremental synthesis strategy default
INFO: [Designutils 20-5440] No compile time benefit to using incremental synthesis; A full resynthesis will be run
INFO: [Designutils 20-4379] Flow is switching to default flow due to incremental criteria not met. If you would like to alter this behaviour and have the flow terminate instead, please set the following parameter config_implementation {autoIncr.Synth.RejectBehavior Terminate}
INFO: [Synth 8-7079] Multithreading enabled for synth_design using a maximum of 7 processes.
INFO: [Synth 8-7078] Launching helper process for spawning children vivado processes
INFO: [Synth 8-7075] Helper process launched with PID 27546
---------------------------------------------------------------------------------
Starting RTL Elaboration : Time (s): cpu = 00:00:03 ; elapsed = 00:00:03 . Memory (MB): peak = 2571.902 ; gain = 517.062 ; free physical = 3770 ; free virtual = 17693
---------------------------------------------------------------------------------
WARNING: [Synth 8-11121] redeclaration of ANSI port 'q' is not allowed [/home/amogk/Vivado/ECE-385-LABS/lab2/LAB 2.srcs/sources_1/imports/design_source/Synchronizers.sv:20]
INFO: [Synth 8-6157] synthesizing module 'Processor' [/home/amogk/Vivado/ECE-385-LABS/lab2/LAB 2.srcs/sources_1/imports/design_source/Processor.sv:8]
INFO: [Synth 8-6157] synthesizing module 'register_unit' [/home/amogk/Vivado/ECE-385-LABS/lab2/LAB 2.srcs/sources_1/imports/design_source/Register_unit.sv:1]
INFO: [Synth 8-6157] synthesizing module 'reg_4' [/home/amogk/Vivado/ECE-385-LABS/lab2/LAB 2.srcs/sources_1/imports/design_source/Reg_4.sv:1]
INFO: [Synth 8-6155] done synthesizing module 'reg_4' (0#1) [/home/amogk/Vivado/ECE-385-LABS/lab2/LAB 2.srcs/sources_1/imports/design_source/Reg_4.sv:1]
INFO: [Synth 8-6155] done synthesizing module 'register_unit' (0#1) [/home/amogk/Vivado/ECE-385-LABS/lab2/LAB 2.srcs/sources_1/imports/design_source/Register_unit.sv:1]
INFO: [Synth 8-6157] synthesizing module 'compute' [/home/amogk/Vivado/ECE-385-LABS/lab2/LAB 2.srcs/sources_1/imports/design_source/compute.sv:1]
INFO: [Synth 8-294] found qualifier unique on case statement: implementing as parallel_case [/home/amogk/Vivado/ECE-385-LABS/lab2/LAB 2.srcs/sources_1/imports/design_source/compute.sv:14]
INFO: [Synth 8-6155] done synthesizing module 'compute' (0#1) [/home/amogk/Vivado/ECE-385-LABS/lab2/LAB 2.srcs/sources_1/imports/design_source/compute.sv:1]
INFO: [Synth 8-6157] synthesizing module 'router' [/home/amogk/Vivado/ECE-385-LABS/lab2/LAB 2.srcs/sources_1/imports/design_source/Router.sv:1]
INFO: [Synth 8-294] found qualifier unique on case statement: implementing as parallel_case [/home/amogk/Vivado/ECE-385-LABS/lab2/LAB 2.srcs/sources_1/imports/design_source/Router.sv:13]
INFO: [Synth 8-294] found qualifier unique on case statement: implementing as parallel_case [/home/amogk/Vivado/ECE-385-LABS/lab2/LAB 2.srcs/sources_1/imports/design_source/Router.sv:23]
INFO: [Synth 8-6155] done synthesizing module 'router' (0#1) [/home/amogk/Vivado/ECE-385-LABS/lab2/LAB 2.srcs/sources_1/imports/design_source/Router.sv:1]
INFO: [Synth 8-6157] synthesizing module 'control' [/home/amogk/Vivado/ECE-385-LABS/lab2/LAB 2.srcs/sources_1/imports/design_source/Control.sv:3]
INFO: [Synth 8-294] found qualifier unique on case statement: implementing as parallel_case [/home/amogk/Vivado/ECE-385-LABS/lab2/LAB 2.srcs/sources_1/imports/design_source/Control.sv:34]
INFO: [Synth 8-294] found qualifier unique on case statement: implementing as parallel_case [/home/amogk/Vivado/ECE-385-LABS/lab2/LAB 2.srcs/sources_1/imports/design_source/Control.sv:63]
INFO: [Synth 8-6155] done synthesizing module 'control' (0#1) [/home/amogk/Vivado/ECE-385-LABS/lab2/LAB 2.srcs/sources_1/imports/design_source/Control.sv:3]
INFO: [Synth 8-6157] synthesizing module 'HexDriver' [/home/amogk/Vivado/ECE-385-LABS/lab2/LAB 2.srcs/sources_1/imports/design_source/HexDriver.sv:1]
INFO: [Synth 8-6157] synthesizing module 'nibble_to_hex' [/home/amogk/Vivado/ECE-385-LABS/lab2/LAB 2.srcs/sources_1/imports/design_source/HexDriver.sv:11]
INFO: [Synth 8-6155] done synthesizing module 'nibble_to_hex' (0#1) [/home/amogk/Vivado/ECE-385-LABS/lab2/LAB 2.srcs/sources_1/imports/design_source/HexDriver.sv:11]
INFO: [Synth 8-6157] synthesizing module 'nibble_to_hex' [/home/amogk/Vivado/ECE-385-LABS/lab2/LAB 2.srcs/sources_1/imports/design_source/HexDriver.sv:11]
INFO: [Synth 8-6155] done synthesizing module 'nibble_to_hex' (0#1) [/home/amogk/Vivado/ECE-385-LABS/lab2/LAB 2.srcs/sources_1/imports/design_source/HexDriver.sv:11]
INFO: [Synth 8-6157] synthesizing module 'nibble_to_hex' [/home/amogk/Vivado/ECE-385-LABS/lab2/LAB 2.srcs/sources_1/imports/design_source/HexDriver.sv:11]
INFO: [Synth 8-6155] done synthesizing module 'nibble_to_hex' (0#1) [/home/amogk/Vivado/ECE-385-LABS/lab2/LAB 2.srcs/sources_1/imports/design_source/HexDriver.sv:11]
INFO: [Synth 8-6157] synthesizing module 'nibble_to_hex' [/home/amogk/Vivado/ECE-385-LABS/lab2/LAB 2.srcs/sources_1/imports/design_source/HexDriver.sv:11]
INFO: [Synth 8-6155] done synthesizing module 'nibble_to_hex' (0#1) [/home/amogk/Vivado/ECE-385-LABS/lab2/LAB 2.srcs/sources_1/imports/design_source/HexDriver.sv:11]
INFO: [Synth 8-6155] done synthesizing module 'HexDriver' (0#1) [/home/amogk/Vivado/ECE-385-LABS/lab2/LAB 2.srcs/sources_1/imports/design_source/HexDriver.sv:1]
INFO: [Synth 8-6157] synthesizing module 'sync_debounce' [/home/amogk/Vivado/ECE-385-LABS/lab2/LAB 2.srcs/sources_1/imports/design_source/Synchronizers.sv:13]
INFO: [Synth 8-6155] done synthesizing module 'sync_debounce' (0#1) [/home/amogk/Vivado/ECE-385-LABS/lab2/LAB 2.srcs/sources_1/imports/design_source/Synchronizers.sv:13]
INFO: [Synth 8-6155] done synthesizing module 'Processor' (0#1) [/home/amogk/Vivado/ECE-385-LABS/lab2/LAB 2.srcs/sources_1/imports/design_source/Processor.sv:8]
---------------------------------------------------------------------------------
Finished RTL Elaboration : Time (s): cpu = 00:00:04 ; elapsed = 00:00:04 . Memory (MB): peak = 2658.840 ; gain = 604.000 ; free physical = 3660 ; free virtual = 17583
---------------------------------------------------------------------------------
---------------------------------------------------------------------------------
Start Handling Custom Attributes
---------------------------------------------------------------------------------
---------------------------------------------------------------------------------
Finished Handling Custom Attributes : Time (s): cpu = 00:00:04 ; elapsed = 00:00:04 . Memory (MB): peak = 2676.652 ; gain = 621.812 ; free physical = 3660 ; free virtual = 17583
---------------------------------------------------------------------------------
---------------------------------------------------------------------------------
Finished RTL Optimization Phase 1 : Time (s): cpu = 00:00:04 ; elapsed = 00:00:04 . Memory (MB): peak = 2676.652 ; gain = 621.812 ; free physical = 3660 ; free virtual = 17583
---------------------------------------------------------------------------------
Netlist sorting complete. Time (s): cpu = 00:00:00 ; elapsed = 00:00:00 . Memory (MB): peak = 2676.652 ; gain = 0.000 ; free physical = 3660 ; free virtual = 17583
INFO: [Project 1-570] Preparing netlist for logic optimization

Processing XDC Constraints
Initializing timing engine
Parsing XDC File [/home/amogk/Vivado/ECE-385-LABS/lab2/LAB 2.srcs/constrs_1/new/Lab2_constraints.xdc]
WARNING: [Vivado 12-584] No ports matched 'LED[7]'. [/home/amogk/Vivado/ECE-385-LABS/lab2/LAB 2.srcs/constrs_1/new/Lab2_constraints.xdc:40]
CRITICAL WARNING: [Common 17-55] 'set_property' expects at least one object. [/home/amogk/Vivado/ECE-385-LABS/lab2/LAB 2.srcs/constrs_1/new/Lab2_constraints.xdc:40]
Resolution: If [get_<value>] was used to populate the object, check to make sure this command returns at least one valid object.
WARNING: [Vivado 12-584] No ports matched 'LED[6]'. [/home/amogk/Vivado/ECE-385-LABS/lab2/LAB 2.srcs/constrs_1/new/Lab2_constraints.xdc:41]
CRITICAL WARNING: [Common 17-55] 'set_property' expects at least one object. [/home/amogk/Vivado/ECE-385-LABS/lab2/LAB 2.srcs/constrs_1/new/Lab2_constraints.xdc:41]
Resolution: If [get_<value>] was used to populate the object, check to make sure this command returns at least one valid object.
WARNING: [Vivado 12-584] No ports matched 'LED[5]'. [/home/amogk/Vivado/ECE-385-LABS/lab2/LAB 2.srcs/constrs_1/new/Lab2_constraints.xdc:42]
CRITICAL WARNING: [Common 17-55] 'set_property' expects at least one object. [/home/amogk/Vivado/ECE-385-LABS/lab2/LAB 2.srcs/constrs_1/new/Lab2_constraints.xdc:42]
Resolution: If [get_<value>] was used to populate the object, check to make sure this command returns at least one valid object.
WARNING: [Vivado 12-584] No ports matched 'LED[4]'. [/home/amogk/Vivado/ECE-385-LABS/lab2/LAB 2.srcs/constrs_1/new/Lab2_constraints.xdc:43]
CRITICAL WARNING: [Common 17-55] 'set_property' expects at least one object. [/home/amogk/Vivado/ECE-385-LABS/lab2/LAB 2.srcs/constrs_1/new/Lab2_constraints.xdc:43]
Resolution: If [get_<value>] was used to populate the object, check to make sure this command returns at least one valid object.
Finished Parsing XDC File [/home/amogk/Vivado/ECE-385-LABS/lab2/LAB 2.srcs/constrs_1/new/Lab2_constraints.xdc]
INFO: [Project 1-236] Implementation specific constraints were found while reading constraint file [/home/amogk/Vivado/ECE-385-LABS/lab2/LAB 2.srcs/constrs_1/new/Lab2_constraints.xdc]. These constraints will be ignored for synthesis but will be used in implementation. Impacted constraints are listed in the file [.Xil/Processor_propImpl.xdc].
Resolution: To avoid this warning, move constraints listed in [.Xil/Processor_propImpl.xdc] to another XDC file and exclude this new file from synthesis with the used_in_synthesis property (File Properties dialog in GUI) and re-run elaboration/synthesis.
Completed Processing XDC Constraints

Netlist sorting complete. Time (s): cpu = 00:00:00 ; elapsed = 00:00:00 . Memory (MB): peak = 2784.391 ; gain = 0.000 ; free physical = 3655 ; free virtual = 17579
INFO: [Project 1-111] Unisim Transformation Summary:
No Unisim elements were transformed.

lscpu: bad usage
Try 'lscpu --help' for more information.
Constraint Validation Runtime : Time (s): cpu = 00:00:00.01 ; elapsed = 00:00:00 . Memory (MB): peak = 2784.426 ; gain = 0.000 ; free physical = 3655 ; free virtual = 17579
INFO: [Designutils 20-5440] No compile time benefit to using incremental synthesis; A full resynthesis will be run
INFO: [Designutils 20-4379] Flow is switching to default flow due to incremental criteria not met. If you would like to alter this behaviour and have the flow terminate instead, please set the following parameter config_implementation {autoIncr.Synth.RejectBehavior Terminate}
---------------------------------------------------------------------------------
Finished Constraint Validation : Time (s): cpu = 00:00:09 ; elapsed = 00:00:09 . Memory (MB): peak = 2784.426 ; gain = 729.586 ; free physical = 3662 ; free virtual = 17585
---------------------------------------------------------------------------------
---------------------------------------------------------------------------------
Start Loading Part and Timing Information
---------------------------------------------------------------------------------
Loading part: xc7s50csga324-1
---------------------------------------------------------------------------------
Finished Loading Part and Timing Information : Time (s): cpu = 00:00:09 ; elapsed = 00:00:09 . Memory (MB): peak = 2792.395 ; gain = 737.555 ; free physical = 3662 ; free virtual = 17585
---------------------------------------------------------------------------------
---------------------------------------------------------------------------------
Start Applying 'set_property' XDC Constraints
---------------------------------------------------------------------------------
---------------------------------------------------------------------------------
Finished applying 'set_property' XDC Constraints : Time (s): cpu = 00:00:09 ; elapsed = 00:00:09 . Memory (MB): peak = 2792.395 ; gain = 737.555 ; free physical = 3662 ; free virtual = 17585
---------------------------------------------------------------------------------
INFO: [Synth 8-802] inferred FSM for state register 'curr_state_reg' in module 'control'
---------------------------------------------------------------------------------------------------
                   State |                     New Encoding |                Previous Encoding 
---------------------------------------------------------------------------------------------------
                 s_start |                       0000000001 |                             0000
                s_count0 |                       0000000010 |                             0001
                s_count1 |                       0000000100 |                             0010
                s_count2 |                       0000001000 |                             0011
                s_count3 |                       0000010000 |                             0100
                s_count4 |                       0000100000 |                             0101
                s_count5 |                       0001000000 |                             0110
                s_count6 |                       0010000000 |                             0111
                s_count7 |                       0100000000 |                             1000
                  s_done |                       1000000000 |                             1001
---------------------------------------------------------------------------------------------------
INFO: [Synth 8-3354] encoded FSM with state register 'curr_state_reg' using encoding 'one-hot' in module 'control'
---------------------------------------------------------------------------------
Finished RTL Optimization Phase 2 : Time (s): cpu = 00:00:09 ; elapsed = 00:00:09 . Memory (MB): peak = 2792.395 ; gain = 737.555 ; free physical = 3662 ; free virtual = 17587
---------------------------------------------------------------------------------
---------------------------------------------------------------------------------
Start RTL Component Statistics 
---------------------------------------------------------------------------------
Detailed RTL Component Info : 
+---XORs : 
	   2 Input      1 Bit         XORs := 18    
+---Registers : 
	                8 Bit    Registers := 2     
	                1 Bit    Registers := 51    
+---Muxes : 
	   2 Input    8 Bit        Muxes := 3     
	   4 Input    8 Bit        Muxes := 1     
	   5 Input    4 Bit        Muxes := 1     
	   2 Input    1 Bit        Muxes := 2     
	   4 Input    1 Bit        Muxes := 2     
	   3 Input    1 Bit        Muxes := 3     
	  10 Input    1 Bit        Muxes := 1     
---------------------------------------------------------------------------------
Finished RTL Component Statistics 
---------------------------------------------------------------------------------
---------------------------------------------------------------------------------
Start Part Resource Summary
---------------------------------------------------------------------------------
Part Resources:
DSPs: 120 (col length:60)
BRAMs: 150 (col length: RAMB18 60 RAMB36 30)
---------------------------------------------------------------------------------
Finished Part Resource Summary
---------------------------------------------------------------------------------
---------------------------------------------------------------------------------
Start Cross Boundary and Area Optimization
---------------------------------------------------------------------------------
WARNING: [Synth 8-3917] design Processor has port hex_seg[7] driven by constant 1
---------------------------------------------------------------------------------
Finished Cross Boundary and Area Optimization : Time (s): cpu = 00:00:10 ; elapsed = 00:00:11 . Memory (MB): peak = 2792.395 ; gain = 737.555 ; free physical = 3670 ; free virtual = 17601
---------------------------------------------------------------------------------
---------------------------------------------------------------------------------
Start Applying XDC Timing Constraints
---------------------------------------------------------------------------------
---------------------------------------------------------------------------------
Finished Applying XDC Timing Constraints : Time (s): cpu = 00:00:14 ; elapsed = 00:00:14 . Memory (MB): peak = 2863.395 ; gain = 808.555 ; free physical = 3567 ; free virtual = 17498
---------------------------------------------------------------------------------
---------------------------------------------------------------------------------
Start Timing Optimization
---------------------------------------------------------------------------------
---------------------------------------------------------------------------------
Finished Timing Optimization : Time (s): cpu = 00:00:14 ; elapsed = 00:00:14 . Memory (MB): peak = 2863.395 ; gain = 808.555 ; free physical = 3567 ; free virtual = 17498
---------------------------------------------------------------------------------
---------------------------------------------------------------------------------
Start Technology Mapping
---------------------------------------------------------------------------------
---------------------------------------------------------------------------------
Finished Technology Mapping : Time (s): cpu = 00:00:14 ; elapsed = 00:00:14 . Memory (MB): peak = 2874.426 ; gain = 819.586 ; free physical = 3559 ; free virtual = 17490
---------------------------------------------------------------------------------
---------------------------------------------------------------------------------
Start IO Insertion
---------------------------------------------------------------------------------
---------------------------------------------------------------------------------
Start Flattening Before IO Insertion
---------------------------------------------------------------------------------
---------------------------------------------------------------------------------
Finished Flattening Before IO Insertion
---------------------------------------------------------------------------------
---------------------------------------------------------------------------------
Start Final Netlist Cleanup
---------------------------------------------------------------------------------
---------------------------------------------------------------------------------
Finished Final Netlist Cleanup
---------------------------------------------------------------------------------
---------------------------------------------------------------------------------
Finished IO Insertion : Time (s): cpu = 00:00:16 ; elapsed = 00:00:17 . Memory (MB): peak = 3078.238 ; gain = 1023.398 ; free physical = 3376 ; free virtual = 17307
---------------------------------------------------------------------------------
---------------------------------------------------------------------------------
Start Renaming Generated Instances
---------------------------------------------------------------------------------
---------------------------------------------------------------------------------
Finished Renaming Generated Instances : Time (s): cpu = 00:00:16 ; elapsed = 00:00:17 . Memory (MB): peak = 3078.238 ; gain = 1023.398 ; free physical = 3376 ; free virtual = 17307
---------------------------------------------------------------------------------
---------------------------------------------------------------------------------
Start Rebuilding User Hierarchy
---------------------------------------------------------------------------------
---------------------------------------------------------------------------------
Finished Rebuilding User Hierarchy : Time (s): cpu = 00:00:16 ; elapsed = 00:00:17 . Memory (MB): peak = 3078.238 ; gain = 1023.398 ; free physical = 3376 ; free virtual = 17307
---------------------------------------------------------------------------------
---------------------------------------------------------------------------------
Start Renaming Generated Ports
---------------------------------------------------------------------------------
---------------------------------------------------------------------------------
Finished Renaming Generated Ports : Time (s): cpu = 00:00:16 ; elapsed = 00:00:17 . Memory (MB): peak = 3078.238 ; gain = 1023.398 ; free physical = 3376 ; free virtual = 17307
---------------------------------------------------------------------------------
---------------------------------------------------------------------------------
Start Handling Custom Attributes
---------------------------------------------------------------------------------
---------------------------------------------------------------------------------
Finished Handling Custom Attributes : Time (s): cpu = 00:00:16 ; elapsed = 00:00:17 . Memory (MB): peak = 3078.238 ; gain = 1023.398 ; free physical = 3376 ; free virtual = 17307
---------------------------------------------------------------------------------
---------------------------------------------------------------------------------
Start Renaming Generated Nets
---------------------------------------------------------------------------------
---------------------------------------------------------------------------------
Finished Renaming Generated Nets : Time (s): cpu = 00:00:16 ; elapsed = 00:00:17 . Memory (MB): peak = 3078.238 ; gain = 1023.398 ; free physical = 3376 ; free virtual = 17307
---------------------------------------------------------------------------------
---------------------------------------------------------------------------------
Start Writing Synthesis Report
---------------------------------------------------------------------------------

Report BlackBoxes: 
+-+--------------+----------+
| |BlackBox name |Instances |
+-+--------------+----------+
+-+--------------+----------+

Report Cell Usage: 
+------+-------+------+
|      |Cell   |Count |
+------+-------+------+
|1     |BUFG   |     1|
|2     |CARRY4 |    73|
|3     |LUT1   |    35|
|4     |LUT2   |    17|
|5     |LUT3   |     7|
|6     |LUT4   |    31|
|7     |LUT5   |    28|
|8     |LUT6   |     6|
|9     |MUXF7  |    14|
|10    |MUXF8  |     7|
|11    |FDRE   |   365|
|12    |FDSE   |     1|
|13    |IBUF   |    18|
|14    |OBUF   |    32|
+------+-------+------+
---------------------------------------------------------------------------------
Finished Writing Synthesis Report : Time (s): cpu = 00:00:16 ; elapsed = 00:00:17 . Memory (MB): peak = 3078.238 ; gain = 1023.398 ; free physical = 3376 ; free virtual = 17307
---------------------------------------------------------------------------------
Synthesis finished with 0 errors, 0 critical warnings and 1 warnings.
Synthesis Optimization Runtime : Time (s): cpu = 00:00:15 ; elapsed = 00:00:16 . Memory (MB): peak = 3078.238 ; gain = 915.625 ; free physical = 3376 ; free virtual = 17307
Synthesis Optimization Complete : Time (s): cpu = 00:00:16 ; elapsed = 00:00:17 . Memory (MB): peak = 3078.246 ; gain = 1023.398 ; free physical = 3376 ; free virtual = 17307
INFO: [Project 1-571] Translating synthesized netlist
Netlist sorting complete. Time (s): cpu = 00:00:00.01 ; elapsed = 00:00:00 . Memory (MB): peak = 3078.246 ; gain = 0.000 ; free physical = 3377 ; free virtual = 17308
INFO: [Netlist 29-17] Analyzing 94 Unisim elements for replacement
INFO: [Netlist 29-28] Unisim Transformation completed in 0 CPU seconds
INFO: [Project 1-570] Preparing netlist for logic optimization
INFO: [Opt 31-138] Pushed 0 inverter(s) to 0 load pin(s).
Netlist sorting complete. Time (s): cpu = 00:00:00 ; elapsed = 00:00:00 . Memory (MB): peak = 3134.266 ; gain = 0.000 ; free physical = 3540 ; free virtual = 17472
INFO: [Project 1-111] Unisim Transformation Summary:
No Unisim elements were transformed.

lscpu: bad usage
Try 'lscpu --help' for more information.
Synth Design complete | Checksum: 499cf163
INFO: [Common 17-83] Releasing license: Synthesis
53 Infos, 6 Warnings, 4 Critical Warnings and 0 Errors encountered.
synth_design completed successfully
synth_design: Time (s): cpu = 00:00:21 ; elapsed = 00:00:20 . Memory (MB): peak = 3134.301 ; gain = 1197.602 ; free physical = 3539 ; free virtual = 17471
INFO: [Common 17-2834] synth_design peak Physical Memory [PSS] (MB): overall = 1920.206; main = 1920.206; forked = 278.503
INFO: [Common 17-2834] synth_design peak Virtual Memory [VSS] (MB): overall = 4480.855; main = 3134.270; forked = 1688.457
INFO: [runtcl-6] Synthesis results are not added to the cache due to CRITICAL_WARNING
Write ShapeDB Complete: Time (s): cpu = 00:00:00 ; elapsed = 00:00:00 . Memory (MB): peak = 3158.277 ; gain = 0.000 ; free physical = 3539 ; free virtual = 17471
INFO: [Common 17-1381] The checkpoint '/home/amogk/Vivado/ECE-385-LABS/lab2/LAB 2.runs/synth_1/Processor.dcp' has been generated.
INFO: [Vivado 12-24828] Executing command : report_utilization -file Processor_utilization_synth.rpt -pb Processor_utilization_synth.pb
INFO: [Common 17-206] Exiting Vivado at Thu Sep 10 12:44:45 2026...
