INFO: [VRFC 10-2263] Analyzing Verilog file "/home/amogk/Vivado/ECE-385-LABS/lab4/Lab 4 vivado/Lab 4 vivado.srcs/sources_1/imports/new/four_bit_ripple_adder.v" into library xil_defaultlib
INFO: [VRFC 10-311] analyzing module four_bit_ripple_adder
INFO: [VRFC 10-2263] Analyzing SystemVerilog file "/home/amogk/Vivado/ECE-385-LABS/lab4/Lab 4 vivado/Lab 4 vivado.srcs/sources_1/imports/design_source/hex_driver.sv" into library xil_defaultlib
INFO: [VRFC 10-311] analyzing module hex_driver
INFO: [VRFC 10-311] analyzing module nibble_to_hex
INFO: [VRFC 10-2263] Analyzing SystemVerilog file "/home/amogk/Vivado/ECE-385-LABS/lab4/Lab 4 vivado/Lab 4 vivado.srcs/sources_1/imports/design_source/load_reg.sv" into library xil_defaultlib
INFO: [VRFC 10-311] analyzing module load_reg
INFO: [VRFC 10-2263] Analyzing SystemVerilog file "/home/amogk/Vivado/ECE-385-LABS/lab4/Lab 4 vivado/Lab 4 vivado.srcs/sources_1/imports/design_source/lookahead_adder.sv" into library xil_defaultlib
INFO: [VRFC 10-311] analyzing module lookahead_adder
INFO: [VRFC 10-2263] Analyzing SystemVerilog file "/home/amogk/Vivado/ECE-385-LABS/lab4/Lab 4 vivado/Lab 4 vivado.srcs/sources_1/imports/new/mini_cla.sv" into library xil_defaultlib
INFO: [VRFC 10-311] analyzing module mini_cla
INFO: [VRFC 10-2263] Analyzing SystemVerilog file "/home/amogk/Vivado/ECE-385-LABS/lab4/Lab 4 vivado/Lab 4 vivado.srcs/sources_1/imports/design_source/negedge_detector.sv" into library xil_defaultlib
INFO: [VRFC 10-311] analyzing module negedge_detector
INFO: [VRFC 10-2263] Analyzing SystemVerilog file "/home/amogk/Vivado/ECE-385-LABS/lab4/Lab 4 vivado/Lab 4 vivado.srcs/sources_1/imports/design_source/ripple_adder.sv" into library xil_defaultlib
INFO: [VRFC 10-311] analyzing module ripple_adder
INFO: [VRFC 10-2263] Analyzing SystemVerilog file "/home/amogk/Vivado/ECE-385-LABS/lab4/Lab 4 vivado/Lab 4 vivado.srcs/sources_1/imports/design_source/select_adder.sv" into library xil_defaultlib
INFO: [VRFC 10-311] analyzing module select_adder
INFO: [VRFC 10-2263] Analyzing SystemVerilog file "/home/amogk/Vivado/ECE-385-LABS/lab4/Lab 4 vivado/Lab 4 vivado.srcs/sources_1/imports/new/single_ripple.sv" into library xil_defaultlib
INFO: [VRFC 10-311] analyzing module single_ripple
INFO: [VRFC 10-2263] Analyzing SystemVerilog file "/home/amogk/Vivado/ECE-385-LABS/lab4/Lab 4 vivado/Lab 4 vivado.srcs/sources_1/imports/design_source/sync_debounce.sv" into library xil_defaultlib
INFO: [VRFC 10-311] analyzing module sync_debounce
WARNING: [VRFC 10-9336] redeclaration of ANSI port 'q' is not allowed [/home/amogk/Vivado/ECE-385-LABS/lab4/Lab 4 vivado/Lab 4 vivado.srcs/sources_1/imports/design_source/sync_debounce.sv:20]
INFO: [VRFC 10-2263] Analyzing SystemVerilog file "/home/amogk/Vivado/ECE-385-LABS/lab4/Lab 4 vivado/Lab 4 vivado.srcs/sources_1/imports/design_source/adder_toplevel.sv" into library xil_defaultlib
INFO: [VRFC 10-311] analyzing module adder_toplevel
INFO: [VRFC 10-2263] Analyzing SystemVerilog file "/home/amogk/Vivado/ECE-385-LABS/lab4/Lab 4 vivado/Lab 4 vivado.srcs/sources_1/new/control.sv" into library xil_defaultlib
INFO: [VRFC 10-311] analyzing module control
INFO: [VRFC 10-2263] Analyzing Verilog file "/home/amogk/Vivado/ECE-385-LABS/lab4/Lab 4 vivado/Lab 4 vivado.sim/sim_1/behav/xsim/glbl.v" into library xil_defaultlib
INFO: [VRFC 10-311] analyzing module glbl
