Vivado Simulator v2022.2
Copyright 1986-1999, 2001-2022 Xilinx, Inc. All Rights Reserved.
Running: /tools/Xilinx/Vivado/2022.2/bin/unwrapped/lnx64.o/xelab --incr --debug typical --relax --mt 8 -L xil_defaultlib -L uvm -L unisims_ver -L unimacro_ver -L secureip --snapshot adder_toplevel_behav xil_defaultlib.adder_toplevel xil_defaultlib.glbl -log elaborate.log 
Using 8 slave threads.
Starting static elaboration
Pass Through NonSizing Optimizer
Completed static elaboration
Starting simulation data flow analysis
WARNING: [XSIM 43-4099] "/home/amogk/Vivado/ECE-385-LABS/lab4/Lab 4 vivado/Lab 4 vivado.srcs/sources_1/imports/design_source/hex_driver.sv" Line 1. Module hex_driver_default doesn't have a timescale but at least one module in design has a timescale.
WARNING: [XSIM 43-4099] "/home/amogk/Vivado/ECE-385-LABS/lab4/Lab 4 vivado/Lab 4 vivado.srcs/sources_1/imports/design_source/hex_driver.sv" Line 11. Module nibble_to_hex doesn't have a timescale but at least one module in design has a timescale.
WARNING: [XSIM 43-4099] "/home/amogk/Vivado/ECE-385-LABS/lab4/Lab 4 vivado/Lab 4 vivado.srcs/sources_1/imports/design_source/hex_driver.sv" Line 11. Module nibble_to_hex doesn't have a timescale but at least one module in design has a timescale.
WARNING: [XSIM 43-4099] "/home/amogk/Vivado/ECE-385-LABS/lab4/Lab 4 vivado/Lab 4 vivado.srcs/sources_1/imports/design_source/hex_driver.sv" Line 11. Module nibble_to_hex doesn't have a timescale but at least one module in design has a timescale.
WARNING: [XSIM 43-4099] "/home/amogk/Vivado/ECE-385-LABS/lab4/Lab 4 vivado/Lab 4 vivado.srcs/sources_1/imports/design_source/hex_driver.sv" Line 11. Module nibble_to_hex doesn't have a timescale but at least one module in design has a timescale.
WARNING: [XSIM 43-4099] "/home/amogk/Vivado/ECE-385-LABS/lab4/Lab 4 vivado/Lab 4 vivado.srcs/sources_1/imports/design_source/load_reg.sv" Line 1. Module load_reg(DATA_WIDTH=8) doesn't have a timescale but at least one module in design has a timescale.
WARNING: [XSIM 43-4099] "/home/amogk/Vivado/ECE-385-LABS/lab4/Lab 4 vivado/Lab 4 vivado.srcs/sources_1/imports/design_source/hex_driver.sv" Line 1. Module hex_driver_default doesn't have a timescale but at least one module in design has a timescale.
WARNING: [XSIM 43-4099] "/home/amogk/Vivado/ECE-385-LABS/lab4/Lab 4 vivado/Lab 4 vivado.srcs/sources_1/imports/design_source/hex_driver.sv" Line 11. Module nibble_to_hex doesn't have a timescale but at least one module in design has a timescale.
WARNING: [XSIM 43-4099] "/home/amogk/Vivado/ECE-385-LABS/lab4/Lab 4 vivado/Lab 4 vivado.srcs/sources_1/imports/design_source/hex_driver.sv" Line 11. Module nibble_to_hex doesn't have a timescale but at least one module in design has a timescale.
WARNING: [XSIM 43-4099] "/home/amogk/Vivado/ECE-385-LABS/lab4/Lab 4 vivado/Lab 4 vivado.srcs/sources_1/imports/design_source/hex_driver.sv" Line 11. Module nibble_to_hex doesn't have a timescale but at least one module in design has a timescale.
WARNING: [XSIM 43-4099] "/home/amogk/Vivado/ECE-385-LABS/lab4/Lab 4 vivado/Lab 4 vivado.srcs/sources_1/imports/design_source/hex_driver.sv" Line 11. Module nibble_to_hex doesn't have a timescale but at least one module in design has a timescale.
WARNING: [XSIM 43-4099] "/home/amogk/Vivado/ECE-385-LABS/lab4/Lab 4 vivado/Lab 4 vivado.srcs/sources_1/imports/design_source/hex_driver.sv" Line 11. Module nibble_to_hex doesn't have a timescale but at least one module in design has a timescale.
WARNING: [XSIM 43-4099] "/home/amogk/Vivado/ECE-385-LABS/lab4/Lab 4 vivado/Lab 4 vivado.srcs/sources_1/imports/design_source/load_reg.sv" Line 1. Module load_reg(DATA_WIDTH=8) doesn't have a timescale but at least one module in design has a timescale.
Completed simulation data flow analysis
Time Resolution for simulation is 1ps
Compiling package xil_defaultlib.$unit_hex_driver_sv_3139127035
Compiling module xil_defaultlib.negedge_detector
Compiling module xil_defaultlib.control
Compiling module xil_defaultlib.single_ripple
Compiling module xil_defaultlib.ripple_adder
Compiling module xil_defaultlib.nibble_to_hex
Compiling module xil_defaultlib.hex_driver_default
Compiling module xil_defaultlib.sync_debounce
Compiling module xil_defaultlib.load_reg(DATA_WIDTH=8)
Compiling module xil_defaultlib.adder_toplevel
Compiling module xil_defaultlib.glbl
Built simulation snapshot adder_toplevel_behav
