
*** Running vivado
    with args -log Processor.vdi -applog -m64 -product Vivado -messageDb vivado.pb -mode batch -source Processor.tcl -notrace

INFO: [Common 17-3922] A valid Vivado Design Suite ENTERPRISE license has been detected. Your current license is active and will expire on 31-oct-2026.
#-----------------------------------------------------------
# Vivado v2026.1 (64-bit)
# SW Build 6511674 on Tue Jun 16 11:01:26 MDT 2026
# IP Build 6504888 on Tue Jun 09 09:05:25 MDT 2026
# SharedData Build 6501428 on Mon Jun 08 17:34:18 MDT 2026
# Start of session at: Fri Sep 11 13:16:07 2026
# Process ID         : 166933
# Current directory  : /home/amogk/Vivado/ECE-385-LABS/lab2/LAB 2.runs/impl_1
# Command line       : vivado -log Processor.vdi -applog -product Vivado -messageDb vivado.pb -mode batch -source Processor.tcl -notrace
# Log file           : /home/amogk/Vivado/ECE-385-LABS/lab2/LAB 2.runs/impl_1/Processor.vdi
# Journal file       : /home/amogk/Vivado/ECE-385-LABS/lab2/LAB 2.runs/impl_1/vivado.jou
# Running On         : amogks-laptop
# Platform           : Fedora
# Operating System   : Fedora Linux 42 (Workstation Edition)
# Processor Detail   : AMD Ryzen 9 6900HS with Radeon Graphics
# CPU Frequency      : 1206.476 MHz
# CPU Physical cores : 8
# CPU Logical cores  : 16
# Host memory        : 15934 MB
# Swap memory        : 8589 MB
# Total Virtual      : 24523 MB
# Available Virtual  : 11154 MB
#-----------------------------------------------------------

****** Vivado v2026.1 (64-bit)
  **** SW Build 6511674 on Tue Jun 16 11:01:26 MDT 2026
  **** IP Build 6504888 on Tue Jun 09 09:05:25 MDT 2026
  **** SharedData Build 6501428 on Mon Jun 08 17:34:18 MDT 2026
  **** Start of session at: Fri Sep 11 13:16:07 2026
    ** Copyright 1986-2022 Xilinx, Inc. All Rights Reserved.
    ** Copyright 2022-2026 Advanced Micro Devices, Inc. All Rights Reserved.

source Processor.tcl -notrace
Command: open_checkpoint {/home/amogk/Vivado/ECE-385-LABS/lab2/LAB 2.runs/impl_1/Processor.dcp}
INFO: [Device 21-403] Loading part xc7s50csga324-1
Netlist sorting complete. Time (s): cpu = 00:00:00 ; elapsed = 00:00:00 . Memory (MB): peak = 2077.586 ; gain = 0.000 ; free physical = 181 ; free virtual = 10080
INFO: [Netlist 29-17] Analyzing 94 Unisim elements for replacement
INFO: [Netlist 29-28] Unisim Transformation completed in 0 CPU seconds
INFO: [Project 1-479] Netlist was created with Vivado 2026.1
INFO: [Project 1-570] Preparing netlist for logic optimization
Read ShapeDB Complete: Time (s): cpu = 00:00:00.01 ; elapsed = 00:00:00 . Memory (MB): peak = 2145.398 ; gain = 0.000 ; free physical = 202 ; free virtual = 10008
INFO: [Timing 38-478] Restoring timing data from binary archive.
INFO: [Timing 38-479] Binary timing data restore complete.
INFO: [Project 1-856] Restoring constraints from binary archive.
INFO: [Project 1-853] Binary constraint restore complete.
INFO: [Designutils 20-5722] Start Reading Physical Databases.
Reading placement.
Read Netlist Cache: Time (s): cpu = 00:00:00 ; elapsed = 00:00:00 . Memory (MB): peak = 2503.492 ; gain = 0.000 ; free physical = 209 ; free virtual = 9720
Reading placer database...
Read Device Cache: Time (s): cpu = 00:00:00 ; elapsed = 00:00:00.01 . Memory (MB): peak = 2503.492 ; gain = 0.000 ; free physical = 209 ; free virtual = 9720
Read PlaceDB: Time (s): cpu = 00:00:00 ; elapsed = 00:00:00 . Memory (MB): peak = 2503.492 ; gain = 0.000 ; free physical = 209 ; free virtual = 9720
Read placeStorage: Time (s): cpu = 00:00:00 ; elapsed = 00:00:00 . Memory (MB): peak = 2554.586 ; gain = 19.078 ; free physical = 209 ; free virtual = 9720
Read PulsedLatchDB: Time (s): cpu = 00:00:00 ; elapsed = 00:00:00 . Memory (MB): peak = 2554.586 ; gain = 0.000 ; free physical = 209 ; free virtual = 9720
Reading routing.
Read RouteStorage: Time (s): cpu = 00:00:00.01 ; elapsed = 00:00:00.01 . Memory (MB): peak = 2554.586 ; gain = 0.000 ; free physical = 209 ; free virtual = 9720
Read Physdb Files: Time (s): cpu = 00:00:00.02 ; elapsed = 00:00:00.02 . Memory (MB): peak = 2554.586 ; gain = 51.094 ; free physical = 209 ; free virtual = 9720
Restored from archive | CPU: 0.050000 secs | Memory: 1.211205 MB |
Finished XDEF File Restore: Time (s): cpu = 00:00:00.05 ; elapsed = 00:00:00.06 . Memory (MB): peak = 2554.586 ; gain = 51.094 ; free physical = 209 ; free virtual = 9720
Netlist sorting complete. Time (s): cpu = 00:00:00 ; elapsed = 00:00:00 . Memory (MB): peak = 2554.586 ; gain = 0.000 ; free physical = 209 ; free virtual = 9720
INFO: [Project 1-111] Unisim Transformation Summary:
No Unisim elements were transformed.

lscpu: bad usage
Try 'lscpu --help' for more information.
INFO: [Project 1-604] Checkpoint was created with Vivado v2026.1 (64-bit) build 6511674
open_checkpoint: Time (s): cpu = 00:00:16 ; elapsed = 00:00:10 . Memory (MB): peak = 2554.621 ; gain = 895.977 ; free physical = 209 ; free virtual = 9720
Command: opt_design
Attempting to get a license for feature 'Implementation' and/or device 'xc7s50'
INFO: [Common 17-349] Got license for feature 'Implementation' and/or device 'xc7s50'
Running DRC as a precondition to command opt_design

Starting DRC Task
INFO: [DRC 23-27] Running DRC with 8 threads
INFO: [Project 1-461] DRC finished with 0 Errors
INFO: [Project 1-462] Please refer to the DRC report (report_drc) for more information.

Time (s): cpu = 00:00:02 ; elapsed = 00:00:00.49 . Memory (MB): peak = 2621.883 ; gain = 67.262 ; free physical = 165 ; free virtual = 9680

Starting Cache Timing Information Task
INFO: [Timing 38-35] Done setting XDC timing constraints.
Ending Cache Timing Information Task | Checksum: 1f0e151f0

Time (s): cpu = 00:00:00.04 ; elapsed = 00:00:00.02 . Memory (MB): peak = 2673.695 ; gain = 51.812 ; free physical = 165 ; free virtual = 9680

Starting Logic Optimization Task

Phase 1 Initialization

Phase 1.1 Core Generation And Design Setup

Phase 1.1.1 Generate And Synthesize Debug Cores
INFO: [Chipscope 16-329] Generating Script for core instance : dbg_hub 
INFO: [IP_Flow 19-234] Refreshing IP repositories
INFO: [IP_Flow 19-1704] No user IP repositories specified
INFO: [IP_Flow 19-2313] Loaded Vivado IP repository '/home/amogk/vivado_install/2026.1/data/ip'.
INFO: [IP_Flow 19-3806] Processing IP xilinx.com:ip:xsdbm:3.0 for cell dbg_hub_CV.
INFO: [Chipscope 16-329] Generating Script for core instance : u_ila_0 
INFO: [IP_Flow 19-3806] Processing IP xilinx.com:ip:ila:6.2 for cell u_ila_0_CV.
Done building netlist checker database: Time (s): cpu = 00:00:00 ; elapsed = 00:00:00 . Memory (MB): peak = 3110.242 ; gain = 0.000 ; free physical = 3261 ; free virtual = 6825
Done building netlist checker database: Time (s): cpu = 00:00:00 ; elapsed = 00:00:00 . Memory (MB): peak = 3110.242 ; gain = 0.000 ; free physical = 3282 ; free virtual = 6865
CRITICAL WARNING: [Common 17-55] 'get_property' expects at least one object. [/home/amogk/Vivado/ECE-385-LABS/lab2/LAB 2.runs/impl_1/.Xil/Vivado-166933-amogks-laptop/dbg_hub_CV.0/out/xsdbm_cc_late_late.xdc:10]
Resolution: If [get_<value>] was used to populate the object, check to make sure this command returns at least one valid object.
CRITICAL WARNING: [Common 17-1548] Command failed: can't read "wr_clk_period": no such variable
 [/home/amogk/Vivado/ECE-385-LABS/lab2/LAB 2.runs/impl_1/.Xil/Vivado-166933-amogks-laptop/dbg_hub_CV.0/out/xsdbm_cc_late_late.xdc:12]
CRITICAL WARNING: [Common 17-1548] Command failed: can't read "skew_value": no such variable
 [/home/amogk/Vivado/ECE-385-LABS/lab2/LAB 2.runs/impl_1/.Xil/Vivado-166933-amogks-laptop/dbg_hub_CV.0/out/xsdbm_cc_late_late.xdc:17]
CRITICAL WARNING: [Common 17-55] 'get_property' expects at least one object. [/home/amogk/Vivado/ECE-385-LABS/lab2/LAB 2.runs/impl_1/.Xil/Vivado-166933-amogks-laptop/dbg_hub_CV.0/out/xsdbm_cc_late_late.xdc:19]
Resolution: If [get_<value>] was used to populate the object, check to make sure this command returns at least one valid object.
CRITICAL WARNING: [Common 17-1548] Command failed: can't read "skew_value": no such variable
 [/home/amogk/Vivado/ECE-385-LABS/lab2/LAB 2.runs/impl_1/.Xil/Vivado-166933-amogks-laptop/dbg_hub_CV.0/out/xsdbm_cc_late_late.xdc:20]
CRITICAL WARNING: [Common 17-55] 'get_property' expects at least one object. [/home/amogk/Vivado/ECE-385-LABS/lab2/LAB 2.runs/impl_1/.Xil/Vivado-166933-amogks-laptop/dbg_hub_CV.0/out/xsdbm_cc_late_late.xdc:24]
Resolution: If [get_<value>] was used to populate the object, check to make sure this command returns at least one valid object.
CRITICAL WARNING: [Common 17-1548] Command failed: can't read "rd_clk_period_2": no such variable
 [/home/amogk/Vivado/ECE-385-LABS/lab2/LAB 2.runs/impl_1/.Xil/Vivado-166933-amogks-laptop/dbg_hub_CV.0/out/xsdbm_cc_late_late.xdc:25]
CRITICAL WARNING: [Common 17-55] 'get_property' expects at least one object. [/home/amogk/Vivado/ECE-385-LABS/lab2/LAB 2.runs/impl_1/.Xil/Vivado-166933-amogks-laptop/dbg_hub_CV.0/out/xsdbm_cc_late_late.xdc:32]
Resolution: If [get_<value>] was used to populate the object, check to make sure this command returns at least one valid object.
CRITICAL WARNING: [Common 17-1548] Command failed: can't read "skew_value_2": no such variable
 [/home/amogk/Vivado/ECE-385-LABS/lab2/LAB 2.runs/impl_1/.Xil/Vivado-166933-amogks-laptop/dbg_hub_CV.0/out/xsdbm_cc_late_late.xdc:33]
CRITICAL WARNING: [Common 17-1548] Command failed: can't read "skew_value_2": no such variable
 [/home/amogk/Vivado/ECE-385-LABS/lab2/LAB 2.runs/impl_1/.Xil/Vivado-166933-amogks-laptop/dbg_hub_CV.0/out/xsdbm_cc_late_late.xdc:36]
Netlist sorting complete. Time (s): cpu = 00:00:00.02 ; elapsed = 00:00:00.02 . Memory (MB): peak = 3166.270 ; gain = 0.000 ; free physical = 3244 ; free virtual = 6846
Phase 1.1.1 Generate And Synthesize Debug Cores | Checksum: 1c5644075

Time (s): cpu = 00:02:35 ; elapsed = 00:01:25 . Memory (MB): peak = 3166.270 ; gain = 91.715 ; free physical = 3244 ; free virtual = 6846
Phase 1.1 Core Generation And Design Setup | Checksum: 1c5644075

Time (s): cpu = 00:02:35 ; elapsed = 00:01:25 . Memory (MB): peak = 3166.270 ; gain = 91.715 ; free physical = 3244 ; free virtual = 6846

Phase 1.2 Setup Constraints And Sort Netlist
Phase 1.2 Setup Constraints And Sort Netlist | Checksum: 1c5644075

Time (s): cpu = 00:02:35 ; elapsed = 00:01:25 . Memory (MB): peak = 3166.270 ; gain = 91.715 ; free physical = 3244 ; free virtual = 6846
Phase 1 Initialization | Checksum: 1c5644075

Time (s): cpu = 00:02:35 ; elapsed = 00:01:25 . Memory (MB): peak = 3166.270 ; gain = 91.715 ; free physical = 3244 ; free virtual = 6846

Phase 2 Timer Update And Timing Data Collection

Phase 2.1 Detect if minReqCache needed
Phase 2.1 Detect if minReqCache needed | Checksum: 1c5644075

Time (s): cpu = 00:02:35 ; elapsed = 00:01:25 . Memory (MB): peak = 3166.270 ; gain = 91.715 ; free physical = 3244 ; free virtual = 6847

Phase 2.2 Timer Update
Phase 2.2 Timer Update | Checksum: 1c5644075

Time (s): cpu = 00:02:35 ; elapsed = 00:01:25 . Memory (MB): peak = 3166.270 ; gain = 91.715 ; free physical = 3244 ; free virtual = 6847

Phase 2.3 Timing Data Collection
Phase 2.3 Timing Data Collection | Checksum: 1c5644075

Time (s): cpu = 00:02:35 ; elapsed = 00:01:25 . Memory (MB): peak = 3166.270 ; gain = 91.715 ; free physical = 3244 ; free virtual = 6847
Phase 2 Timer Update And Timing Data Collection | Checksum: 1c5644075

Time (s): cpu = 00:02:35 ; elapsed = 00:01:25 . Memory (MB): peak = 3166.270 ; gain = 91.715 ; free physical = 3244 ; free virtual = 6847

Phase 3 Retarget
INFO: [Opt 31-1851] Number of loadless carry chains removed were: 0
INFO: [Opt 31-1834] Total Chains To Be Transformed Were: 0 AND Number of Transformed insts Created are: 0
INFO: [Opt 31-138] Pushed 1 inverter(s) to 1 load pin(s).
INFO: [Opt 31-49] Retargeted 0 cell(s).
Phase 3 Retarget | Checksum: 27d60f8a8

Time (s): cpu = 00:02:35 ; elapsed = 00:01:25 . Memory (MB): peak = 3166.270 ; gain = 91.715 ; free physical = 3243 ; free virtual = 6847
Retarget | Checksum: 27d60f8a8
INFO: [Opt 31-389] Phase Retarget created 5 cells and removed 12 cells
INFO: [Opt 31-1021] In phase Retarget, 82 netlist objects are constrained preventing optimization. Please run opt_design with -debug_log to get more detail. 

Phase 4 Constant propagation
INFO: [Opt 31-138] Pushed 0 inverter(s) to 0 load pin(s).
Phase 4 Constant propagation | Checksum: 23538f90a

Time (s): cpu = 00:02:35 ; elapsed = 00:01:25 . Memory (MB): peak = 3166.270 ; gain = 91.715 ; free physical = 3243 ; free virtual = 6848
Constant propagation | Checksum: 23538f90a
INFO: [Opt 31-389] Phase Constant propagation created 0 cells and removed 16 cells
INFO: [Opt 31-1021] In phase Constant propagation, 47 netlist objects are constrained preventing optimization. Please run opt_design with -debug_log to get more detail. 

Phase 5 Sweep
INFO: [Constraints 18-11670] Building netlist checker database with flags, 0x8
Done building netlist checker database: Time (s): cpu = 00:00:00.01 ; elapsed = 00:00:00 . Memory (MB): peak = 3166.270 ; gain = 0.000 ; free physical = 3243 ; free virtual = 6848
INFO: [Constraints 18-11670] Building netlist checker database with flags, 0x8
Done building netlist checker database: Time (s): cpu = 00:00:00.01 ; elapsed = 00:00:00 . Memory (MB): peak = 3166.270 ; gain = 0.000 ; free physical = 3242 ; free virtual = 6847
Phase 5 Sweep | Checksum: 22e28ec09

Time (s): cpu = 00:02:35 ; elapsed = 00:01:25 . Memory (MB): peak = 3166.270 ; gain = 91.715 ; free physical = 3242 ; free virtual = 6847
Sweep | Checksum: 22e28ec09
INFO: [Opt 31-389] Phase Sweep created 0 cells and removed 47 cells
INFO: [Opt 31-1021] In phase Sweep, 874 netlist objects are constrained preventing optimization. Please run opt_design with -debug_log to get more detail. 

Phase 6 BUFG optimization
Phase 6 BUFG optimization | Checksum: 22e28ec09

Time (s): cpu = 00:02:36 ; elapsed = 00:01:25 . Memory (MB): peak = 3198.285 ; gain = 123.730 ; free physical = 3241 ; free virtual = 6846
BUFG optimization | Checksum: 22e28ec09
INFO: [Opt 31-662] Phase BUFG optimization created 0 cells of which 0 are BUFGs and removed 0 cells.

Phase 7 Shift Register Optimization
INFO: [Opt 31-1064] SRL Remap converted 0 SRLs to 0 registers and converted 0 registers of register chains to 0 SRLs
Phase 7 Shift Register Optimization | Checksum: 22e28ec09

Time (s): cpu = 00:02:36 ; elapsed = 00:01:25 . Memory (MB): peak = 3198.285 ; gain = 123.730 ; free physical = 3241 ; free virtual = 6846
Shift Register Optimization | Checksum: 22e28ec09
INFO: [Opt 31-389] Phase Shift Register Optimization created 0 cells and removed 0 cells

Phase 8 Post Processing Netlist
Phase 8 Post Processing Netlist | Checksum: 22e28ec09

Time (s): cpu = 00:02:36 ; elapsed = 00:01:25 . Memory (MB): peak = 3198.285 ; gain = 123.730 ; free physical = 3240 ; free virtual = 6846
Post Processing Netlist | Checksum: 22e28ec09
INFO: [Opt 31-389] Phase Post Processing Netlist created 0 cells and removed 0 cells
INFO: [Opt 31-1021] In phase Post Processing Netlist, 57 netlist objects are constrained preventing optimization. Please run opt_design with -debug_log to get more detail. 

Phase 9 Finalization

Phase 9.1 Finalizing Design Cores and Updating Shapes
Phase 9.1 Finalizing Design Cores and Updating Shapes | Checksum: 17f544b96

Time (s): cpu = 00:02:36 ; elapsed = 00:01:25 . Memory (MB): peak = 3198.285 ; gain = 123.730 ; free physical = 3240 ; free virtual = 6846

Phase 9.2 Verifying Netlist Connectivity

Starting Connectivity Check Task

Time (s): cpu = 00:00:00 ; elapsed = 00:00:00 . Memory (MB): peak = 3198.285 ; gain = 0.000 ; free physical = 3240 ; free virtual = 6846
Phase 9.2 Verifying Netlist Connectivity | Checksum: 17f544b96

Time (s): cpu = 00:02:36 ; elapsed = 00:01:25 . Memory (MB): peak = 3198.285 ; gain = 123.730 ; free physical = 3240 ; free virtual = 6846
Phase 9 Finalization | Checksum: 17f544b96

Time (s): cpu = 00:02:36 ; elapsed = 00:01:25 . Memory (MB): peak = 3198.285 ; gain = 123.730 ; free physical = 3240 ; free virtual = 6846
Opt_design Change Summary
=========================


-------------------------------------------------------------------------------------------------------------------------
|  Phase                        |  #Cells created  |  #Cells Removed  |  #Constrained objects preventing optimizations  |
-------------------------------------------------------------------------------------------------------------------------
|  Retarget                     |               5  |              12  |                                             82  |
|  Constant propagation         |               0  |              16  |                                             47  |
|  Sweep                        |               0  |              47  |                                            874  |
|  BUFG optimization            |               0  |               0  |                                              0  |
|  Shift Register Optimization  |               0  |               0  |                                              0  |
|  Post Processing Netlist      |               0  |               0  |                                             57  |
-------------------------------------------------------------------------------------------------------------------------


Ending Logic Optimization Task | Checksum: 17f544b96

Time (s): cpu = 00:02:36 ; elapsed = 00:01:25 . Memory (MB): peak = 3198.285 ; gain = 123.730 ; free physical = 3240 ; free virtual = 6846

Starting Power Optimization Task
INFO: [Pwropt 34-132] Skipping clock gating for clocks with a period < 2.00 ns.
INFO: [Pwropt 34-9] Applying IDT optimizations ...
INFO: [Pwropt 34-10] Applying ODC optimizations ...
INFO: [Timing 38-35] Done setting XDC timing constraints.
Running Vector-less Activity Propagation...

Finished Running Vector-less Activity Propagation


Starting PowerOpt Patch Enables Task
INFO: [Pwropt 34-162] WRITE_MODE attribute of 0 BRAM(s) out of a total of 1 has been updated to save power. Run report_power_opt to get a complete listing of the BRAMs updated.
INFO: [Pwropt 34-201] Structural ODC has moved 0 WE to EN ports
Number of BRAM Ports augmented: 1 newly gated: 0 Total Ports: 2
Ending PowerOpt Patch Enables Task | Checksum: 14d1f364c

Time (s): cpu = 00:00:00.02 ; elapsed = 00:00:00.02 . Memory (MB): peak = 3366.336 ; gain = 0.000 ; free physical = 3015 ; free virtual = 6820
Ending Power Optimization Task | Checksum: 14d1f364c

Time (s): cpu = 00:00:01 ; elapsed = 00:00:00.59 . Memory (MB): peak = 3366.336 ; gain = 168.051 ; free physical = 3015 ; free virtual = 6820

Starting Final Cleanup Task
Ending Final Cleanup Task | Checksum: 14d1f364c

Time (s): cpu = 00:00:00 ; elapsed = 00:00:00 . Memory (MB): peak = 3366.336 ; gain = 0.000 ; free physical = 3015 ; free virtual = 6820
Netlist sorting complete. Time (s): cpu = 00:00:00 ; elapsed = 00:00:00 . Memory (MB): peak = 3366.336 ; gain = 0.000 ; free physical = 3015 ; free virtual = 6820
INFO: [Common 17-83] Releasing license: Implementation
60 Infos, 8 Warnings, 10 Critical Warnings and 0 Errors encountered.
opt_design completed successfully
opt_design: Time (s): cpu = 00:02:41 ; elapsed = 00:01:29 . Memory (MB): peak = 3366.336 ; gain = 811.715 ; free physical = 3014 ; free virtual = 6821
INFO: [Vivado 12-24828] Executing command : report_drc -file Processor_drc_opted.rpt -pb Processor_drc_opted.pb -rpx Processor_drc_opted.rpx
Command: report_drc -file Processor_drc_opted.rpt -pb Processor_drc_opted.pb -rpx Processor_drc_opted.rpx
INFO: [IP_Flow 19-1839] IP Catalog is up to date.
INFO: [DRC 23-27] Running DRC with 8 threads
INFO: [Vivado_Tcl 2-168] The results of DRC are in file /home/amogk/Vivado/ECE-385-LABS/lab2/LAB 2.runs/impl_1/Processor_drc_opted.rpt.
report_drc completed successfully
INFO: [Timing 38-480] Writing timing data to binary archive.
Wrote PlaceDB: Time (s): cpu = 00:00:00 ; elapsed = 00:00:00 . Memory (MB): peak = 3366.336 ; gain = 0.000 ; free physical = 2987 ; free virtual = 6825
Wrote PulsedLatchDB: Time (s): cpu = 00:00:00 ; elapsed = 00:00:00 . Memory (MB): peak = 3366.336 ; gain = 0.000 ; free physical = 2987 ; free virtual = 6826
Writing XDEF routing.
Write ShapeDB Complete: Time (s): cpu = 00:00:00.01 ; elapsed = 00:00:00 . Memory (MB): peak = 3366.336 ; gain = 0.000 ; free physical = 2986 ; free virtual = 6829
Writing XDEF routing logical nets.
Writing XDEF routing special nets.
Wrote RouteStorage: Time (s): cpu = 00:00:00.08 ; elapsed = 00:00:00.03 . Memory (MB): peak = 3366.336 ; gain = 0.000 ; free physical = 2971 ; free virtual = 6839
Wrote PlaceStorage: Time (s): cpu = 00:00:00.01 ; elapsed = 00:00:00 . Memory (MB): peak = 3366.336 ; gain = 0.000 ; free physical = 2970 ; free virtual = 6839
Wrote Netlist Cache: Time (s): cpu = 00:00:00 ; elapsed = 00:00:00 . Memory (MB): peak = 3366.336 ; gain = 0.000 ; free physical = 2970 ; free virtual = 6839
Wrote Device Cache: Time (s): cpu = 00:00:00 ; elapsed = 00:00:00.01 . Memory (MB): peak = 3366.336 ; gain = 0.000 ; free physical = 2968 ; free virtual = 6839
Write Physdb Complete: Time (s): cpu = 00:00:00.1 ; elapsed = 00:00:00.04 . Memory (MB): peak = 3366.336 ; gain = 0.000 ; free physical = 2967 ; free virtual = 6838
INFO: [Common 17-1381] The checkpoint '/home/amogk/Vivado/ECE-385-LABS/lab2/LAB 2.runs/impl_1/Processor_opt.dcp' has been generated.
INFO: [Chipscope 16-240] Debug cores have already been implemented
Command: place_design
Attempting to get a license for feature 'Implementation' and/or device 'xc7s50'
INFO: [Common 17-349] Got license for feature 'Implementation' and/or device 'xc7s50'
INFO: [Common 17-83] Releasing license: Implementation
INFO: [Timing 38-35] Done setting XDC timing constraints.
Running DRC as a precondition to command place_design
INFO: [DRC 23-27] Running DRC with 8 threads
INFO: [Vivado_Tcl 4-198] DRC finished with 0 Errors
INFO: [Vivado_Tcl 4-199] Please refer to the DRC report (report_drc) for more information.
INFO: [Place 30-611] Multithreading enabled for place_design using a maximum of 8 CPUs

Starting Placer Task

Phase 1 Placer Initialization

Phase 1.1 Placer Initialization Netlist Sorting
Netlist sorting complete. Time (s): cpu = 00:00:00 ; elapsed = 00:00:00 . Memory (MB): peak = 3366.336 ; gain = 0.000 ; free physical = 2962 ; free virtual = 6844
Phase 1.1 Placer Initialization Netlist Sorting | Checksum: 1361a0841

Time (s): cpu = 00:00:00 ; elapsed = 00:00:00 . Memory (MB): peak = 3366.336 ; gain = 0.000 ; free physical = 2962 ; free virtual = 6844
Netlist sorting complete. Time (s): cpu = 00:00:00 ; elapsed = 00:00:00 . Memory (MB): peak = 3366.336 ; gain = 0.000 ; free physical = 2962 ; free virtual = 6844

Phase 1.2 IO Placement/ Clock Placement/ Build Placer Device
Phase 1.2 IO Placement/ Clock Placement/ Build Placer Device | Checksum: 16529ef8d

Time (s): cpu = 00:00:00.56 ; elapsed = 00:00:00.22 . Memory (MB): peak = 3366.336 ; gain = 0.000 ; free physical = 2954 ; free virtual = 6842

Phase 1.3 Build Placer Netlist Model
Phase 1.3 Build Placer Netlist Model | Checksum: 25e511789

Time (s): cpu = 00:00:01 ; elapsed = 00:00:00.62 . Memory (MB): peak = 3366.336 ; gain = 0.000 ; free physical = 2944 ; free virtual = 6846

Phase 1.4 Constrain Clocks/Macros
Phase 1.4 Constrain Clocks/Macros | Checksum: 25e511789

Time (s): cpu = 00:00:01 ; elapsed = 00:00:00.62 . Memory (MB): peak = 3366.336 ; gain = 0.000 ; free physical = 2944 ; free virtual = 6846
Phase 1 Placer Initialization | Checksum: 25e511789

Time (s): cpu = 00:00:01 ; elapsed = 00:00:00.63 . Memory (MB): peak = 3366.336 ; gain = 0.000 ; free physical = 2944 ; free virtual = 6846

Phase 2 Global Placement

Phase 2.1 Floorplanning
Phase 2.1 Floorplanning | Checksum: 21cf7935c

Time (s): cpu = 00:00:02 ; elapsed = 00:00:00.77 . Memory (MB): peak = 3366.336 ; gain = 0.000 ; free physical = 2911 ; free virtual = 6817

Phase 2.2 Update Timing before SLR Path Opt
Phase 2.2 Update Timing before SLR Path Opt | Checksum: 1eae95e2d

Time (s): cpu = 00:00:02 ; elapsed = 00:00:00.83 . Memory (MB): peak = 3366.336 ; gain = 0.000 ; free physical = 2967 ; free virtual = 6873

Phase 2.3 Post-Processing in Floorplanning
Phase 2.3 Post-Processing in Floorplanning | Checksum: 1eae95e2d

Time (s): cpu = 00:00:02 ; elapsed = 00:00:00.83 . Memory (MB): peak = 3366.336 ; gain = 0.000 ; free physical = 2967 ; free virtual = 6873

Phase 2.4 Global Place Phase1
Phase 2.4 Global Place Phase1 | Checksum: 254c64dab

Time (s): cpu = 00:00:06 ; elapsed = 00:00:02 . Memory (MB): peak = 3366.336 ; gain = 0.000 ; free physical = 2919 ; free virtual = 6828

Phase 2.5 Global Place Phase2

Phase 2.5.1 UpdateTiming Before Physical Synthesis
Phase 2.5.1 UpdateTiming Before Physical Synthesis | Checksum: 254c64dab

Time (s): cpu = 00:00:07 ; elapsed = 00:00:02 . Memory (MB): peak = 3366.336 ; gain = 0.000 ; free physical = 2913 ; free virtual = 6828

Phase 2.5.2 Physical Synthesis In Placer
INFO: [Physopt 32-1035] Found 0 LUTNM shape to break, 112 LUT instances to create LUTNM shape
INFO: [Physopt 32-1044] Break lutnm for timing: one critical 0, two critical 0, total 0, new lutff created 0
INFO: [Physopt 32-1138] End 1 Pass. Optimized 51 nets or LUTs. Breaked 0 LUT, combined 51 existing LUTs and moved 0 existing LUT
INFO: [Physopt 32-65] No nets found for high-fanout optimization.
INFO: [Physopt 32-232] Optimized 0 net. Created 0 new instance.
INFO: [Physopt 32-775] End 1 Pass. Optimized 0 net or cell. Created 0 new cell, deleted 0 existing cell and moved 0 existing cell
INFO: [Physopt 32-670] No setup violation found.  DSP Register Optimization was not performed.
INFO: [Physopt 32-670] No setup violation found.  Shift Register to Pipeline Optimization was not performed.
INFO: [Physopt 32-670] No setup violation found.  Shift Register Optimization was not performed.
INFO: [Physopt 32-670] No setup violation found.  BRAM Register Optimization was not performed.
INFO: [Physopt 32-670] No setup violation found.  URAM Register Optimization was not performed.
INFO: [Physopt 32-949] No candidate nets found for dynamic/static region interface net replication
INFO: [Physopt 32-775] End 1 Pass. Optimized 0 net or cell. Created 0 new cell, deleted 0 existing cell and moved 0 existing cell
Netlist sorting complete. Time (s): cpu = 00:00:00 ; elapsed = 00:00:00 . Memory (MB): peak = 3366.336 ; gain = 0.000 ; free physical = 2906 ; free virtual = 6827

Summary of Physical Synthesis Optimizations
============================================


-----------------------------------------------------------------------------------------------------------------------------------------------------------
|  Optimization                                     |  Added Cells  |  Removed Cells  |  Optimized Cells/Nets  |  Dont Touch  |  Iterations  |  Elapsed   |
-----------------------------------------------------------------------------------------------------------------------------------------------------------
|  LUT Combining                                    |            0  |             51  |                    51  |           0  |           1  |  00:00:00  |
|  Retime                                           |            0  |              0  |                     0  |           0  |           1  |  00:00:00  |
|  Very High Fanout                                 |            0  |              0  |                     0  |           0  |           1  |  00:00:00  |
|  DSP Register                                     |            0  |              0  |                     0  |           0  |           0  |  00:00:00  |
|  Shift Register to Pipeline                       |            0  |              0  |                     0  |           0  |           0  |  00:00:00  |
|  Shift Register                                   |            0  |              0  |                     0  |           0  |           0  |  00:00:00  |
|  BRAM Register                                    |            0  |              0  |                     0  |           0  |           0  |  00:00:00  |
|  URAM Register                                    |            0  |              0  |                     0  |           0  |           0  |  00:00:00  |
|  Dynamic/Static Region Interface Net Replication  |            0  |              0  |                     0  |           0  |           1  |  00:00:00  |
|  Total                                            |            0  |             51  |                    51  |           0  |           4  |  00:00:00  |
-----------------------------------------------------------------------------------------------------------------------------------------------------------


Phase 2.5.2 Physical Synthesis In Placer | Checksum: 20da341a9

Time (s): cpu = 00:00:07 ; elapsed = 00:00:03 . Memory (MB): peak = 3366.336 ; gain = 0.000 ; free physical = 2906 ; free virtual = 6827
Phase 2.5 Global Place Phase2 | Checksum: 16cc16eb8

Time (s): cpu = 00:00:08 ; elapsed = 00:00:03 . Memory (MB): peak = 3366.336 ; gain = 0.000 ; free physical = 2906 ; free virtual = 6826
Phase 2 Global Placement | Checksum: 16cc16eb8

Time (s): cpu = 00:00:08 ; elapsed = 00:00:03 . Memory (MB): peak = 3366.336 ; gain = 0.000 ; free physical = 2906 ; free virtual = 6826

Phase 3 Detail Placement

Phase 3.1 Commit Multi Column Macros
Phase 3.1 Commit Multi Column Macros | Checksum: 169bbe887

Time (s): cpu = 00:00:08 ; elapsed = 00:00:03 . Memory (MB): peak = 3366.336 ; gain = 0.000 ; free physical = 2906 ; free virtual = 6826

Phase 3.2 Commit Most Macros & LUTRAMs
Phase 3.2 Commit Most Macros & LUTRAMs | Checksum: 23b3eb1a3

Time (s): cpu = 00:00:08 ; elapsed = 00:00:03 . Memory (MB): peak = 3366.336 ; gain = 0.000 ; free physical = 2903 ; free virtual = 6825

Phase 3.3 Area Swap Optimization
Phase 3.3 Area Swap Optimization | Checksum: 26f457ac0

Time (s): cpu = 00:00:08 ; elapsed = 00:00:03 . Memory (MB): peak = 3366.336 ; gain = 0.000 ; free physical = 2903 ; free virtual = 6825

Phase 3.4 Pipeline Register Optimization
Phase 3.4 Pipeline Register Optimization | Checksum: 209dbf024

Time (s): cpu = 00:00:08 ; elapsed = 00:00:03 . Memory (MB): peak = 3366.336 ; gain = 0.000 ; free physical = 2903 ; free virtual = 6825

Phase 3.5 Small Shape Detail Placement
Phase 3.5 Small Shape Detail Placement | Checksum: 238bfae39

Time (s): cpu = 00:00:09 ; elapsed = 00:00:04 . Memory (MB): peak = 3366.336 ; gain = 0.000 ; free physical = 2911 ; free virtual = 6839

Phase 3.6 Re-assign LUT pins
Phase 3.6 Re-assign LUT pins | Checksum: 21af5256c

Time (s): cpu = 00:00:09 ; elapsed = 00:00:04 . Memory (MB): peak = 3366.336 ; gain = 0.000 ; free physical = 2905 ; free virtual = 6833

Phase 3.7 Pipeline Register Optimization
Phase 3.7 Pipeline Register Optimization | Checksum: 1949db200

Time (s): cpu = 00:00:09 ; elapsed = 00:00:04 . Memory (MB): peak = 3366.336 ; gain = 0.000 ; free physical = 2905 ; free virtual = 6833
Phase 3 Detail Placement | Checksum: 1949db200

Time (s): cpu = 00:00:09 ; elapsed = 00:00:04 . Memory (MB): peak = 3366.336 ; gain = 0.000 ; free physical = 2905 ; free virtual = 6833

Phase 4 Post Placement Optimization and Clean-Up

Phase 4.1 Post Commit Optimization
INFO: [Timing 38-35] Done setting XDC timing constraints.

Phase 4.1.1 Post Placement Optimization
Post Placement Optimization Initialization | Checksum: 1e29c06df

Phase 4.1.1.1 BUFG Insertion

Starting Physical Synthesis Task

Phase 1 Physical Synthesis Initialization
INFO: [Physopt 32-721] Multithreading enabled for phys_opt_design using a maximum of 8 CPUs
INFO: [Physopt 32-619] Estimated Timing Summary | WNS=27.341 | TNS=0.000 |
Phase 1 Physical Synthesis Initialization | Checksum: 1832cf9e8

Time (s): cpu = 00:00:00.05 ; elapsed = 00:00:00.03 . Memory (MB): peak = 3366.336 ; gain = 0.000 ; free physical = 2904 ; free virtual = 6838
INFO: [Place 46-56] BUFG insertion identified 0 candidate nets. Inserted BUFG: 0, Replicated BUFG Driver: 0, Skipped due to Placement/Routing Conflicts: 0, Skipped due to Timing Degradation: 0, Skipped due to netlist editing failed: 0.
Ending Physical Synthesis Task | Checksum: 205626a6c

Time (s): cpu = 00:00:00.07 ; elapsed = 00:00:00.04 . Memory (MB): peak = 3366.336 ; gain = 0.000 ; free physical = 2904 ; free virtual = 6838
Phase 4.1.1.1 BUFG Insertion | Checksum: 1e29c06df

Time (s): cpu = 00:00:10 ; elapsed = 00:00:04 . Memory (MB): peak = 3366.336 ; gain = 0.000 ; free physical = 2904 ; free virtual = 6838

Phase 4.1.1.2 Post Placement Timing Optimization
INFO: [Place 30-746] Post Placement Timing Summary WNS=27.341. For the most accurate timing information please run report_timing.
Phase 4.1.1.2 Post Placement Timing Optimization | Checksum: 27093239b

Time (s): cpu = 00:00:10 ; elapsed = 00:00:04 . Memory (MB): peak = 3366.336 ; gain = 0.000 ; free physical = 2904 ; free virtual = 6838

Time (s): cpu = 00:00:10 ; elapsed = 00:00:04 . Memory (MB): peak = 3366.336 ; gain = 0.000 ; free physical = 2904 ; free virtual = 6838
Phase 4.1 Post Commit Optimization | Checksum: 27093239b

Time (s): cpu = 00:00:10 ; elapsed = 00:00:04 . Memory (MB): peak = 3366.336 ; gain = 0.000 ; free physical = 2904 ; free virtual = 6838

Phase 4.2 Post Placement Cleanup
Phase 4.2 Post Placement Cleanup | Checksum: 27093239b

Time (s): cpu = 00:00:10 ; elapsed = 00:00:04 . Memory (MB): peak = 3366.336 ; gain = 0.000 ; free physical = 2904 ; free virtual = 6838

Phase 4.3 Placer Reporting

Phase 4.3.1 Print Estimated Congestion
INFO: [Place 30-612] Post-Placement Estimated Congestion 
 ____________________________________________________
|           | Global Congestion | Short Congestion  |
| Direction | Region Size       | Region Size       |
|___________|___________________|___________________|
|      North|                1x1|                1x1|
|___________|___________________|___________________|
|      South|                1x1|                1x1|
|___________|___________________|___________________|
|       East|                1x1|                1x1|
|___________|___________________|___________________|
|       West|                1x1|                1x1|
|___________|___________________|___________________|

Phase 4.3.1 Print Estimated Congestion | Checksum: 27093239b

Time (s): cpu = 00:00:10 ; elapsed = 00:00:04 . Memory (MB): peak = 3366.336 ; gain = 0.000 ; free physical = 2904 ; free virtual = 6838
Phase 4.3 Placer Reporting | Checksum: 27093239b

Time (s): cpu = 00:00:10 ; elapsed = 00:00:04 . Memory (MB): peak = 3366.336 ; gain = 0.000 ; free physical = 2904 ; free virtual = 6838

Phase 4.4 Final Placement Cleanup
Netlist sorting complete. Time (s): cpu = 00:00:00 ; elapsed = 00:00:00 . Memory (MB): peak = 3366.336 ; gain = 0.000 ; free physical = 2904 ; free virtual = 6839

Time (s): cpu = 00:00:10 ; elapsed = 00:00:04 . Memory (MB): peak = 3366.336 ; gain = 0.000 ; free physical = 2904 ; free virtual = 6839
Phase 4 Post Placement Optimization and Clean-Up | Checksum: 2a365d857

Time (s): cpu = 00:00:10 ; elapsed = 00:00:04 . Memory (MB): peak = 3366.336 ; gain = 0.000 ; free physical = 2904 ; free virtual = 6839
Ending Placer Task | Checksum: 1c80f090d

Time (s): cpu = 00:00:10 ; elapsed = 00:00:04 . Memory (MB): peak = 3366.336 ; gain = 0.000 ; free physical = 2904 ; free virtual = 6839
93 Infos, 8 Warnings, 10 Critical Warnings and 0 Errors encountered.
place_design completed successfully
INFO: [Vivado 12-24838] Running report commands "report_control_sets, report_io, report_utilization" in parallel.
Running report generation with 3 threads.
INFO: [Vivado 12-24828] Executing command : report_control_sets -verbose -file Processor_control_sets_placed.rpt
report_control_sets: Time (s): cpu = 00:00:00.13 ; elapsed = 00:00:00.17 . Memory (MB): peak = 3366.336 ; gain = 0.000 ; free physical = 2895 ; free virtual = 6831
INFO: [Vivado 12-24828] Executing command : report_io -file Processor_io_placed.rpt
report_io: Time (s): cpu = 00:00:00.21 ; elapsed = 00:00:00.23 . Memory (MB): peak = 3366.336 ; gain = 0.000 ; free physical = 2894 ; free virtual = 6830
INFO: [Vivado 12-24828] Executing command : report_utilization -file Processor_utilization_placed.rpt -pb Processor_utilization_placed.pb
INFO: [Timing 38-480] Writing timing data to binary archive.
Wrote PlaceDB: Time (s): cpu = 00:00:00 ; elapsed = 00:00:00 . Memory (MB): peak = 3366.336 ; gain = 0.000 ; free physical = 2890 ; free virtual = 6828
Wrote PulsedLatchDB: Time (s): cpu = 00:00:00 ; elapsed = 00:00:00 . Memory (MB): peak = 3366.336 ; gain = 0.000 ; free physical = 2890 ; free virtual = 6828
Writing XDEF routing.
Write ShapeDB Complete: Time (s): cpu = 00:00:00.04 ; elapsed = 00:00:00.01 . Memory (MB): peak = 3366.336 ; gain = 0.000 ; free physical = 2889 ; free virtual = 6828
Writing XDEF routing logical nets.
Writing XDEF routing special nets.
Wrote RouteStorage: Time (s): cpu = 00:00:00.05 ; elapsed = 00:00:00.01 . Memory (MB): peak = 3366.336 ; gain = 0.000 ; free physical = 2889 ; free virtual = 6828
Wrote PlaceStorage: Time (s): cpu = 00:00:00.26 ; elapsed = 00:00:00.08 . Memory (MB): peak = 3366.336 ; gain = 0.000 ; free physical = 2889 ; free virtual = 6830
Wrote Netlist Cache: Time (s): cpu = 00:00:00.01 ; elapsed = 00:00:00 . Memory (MB): peak = 3366.336 ; gain = 0.000 ; free physical = 2889 ; free virtual = 6830
Wrote Device Cache: Time (s): cpu = 00:00:00.01 ; elapsed = 00:00:00.01 . Memory (MB): peak = 3366.336 ; gain = 0.000 ; free physical = 2889 ; free virtual = 6831
Write Physdb Complete: Time (s): cpu = 00:00:00.35 ; elapsed = 00:00:00.1 . Memory (MB): peak = 3366.336 ; gain = 0.000 ; free physical = 2889 ; free virtual = 6831
INFO: [Common 17-1381] The checkpoint '/home/amogk/Vivado/ECE-385-LABS/lab2/LAB 2.runs/impl_1/Processor_placed.dcp' has been generated.
Command: phys_opt_design
Attempting to get a license for feature 'Implementation' and/or device 'xc7s50'
INFO: [Common 17-349] Got license for feature 'Implementation' and/or device 'xc7s50'

Starting Initial Update Timing Task

Time (s): cpu = 00:00:00.28 ; elapsed = 00:00:00.12 . Memory (MB): peak = 3366.336 ; gain = 0.000 ; free physical = 2889 ; free virtual = 6835
INFO: [Vivado_Tcl 4-2279] Estimated Timing Summary | WNS= 27.341 | TNS= 0.000 | 
INFO: [Vivado_Tcl 4-383] Design worst setup slack (WNS) is greater than or equal to 0.000 ns. All physical synthesis setup optimizations will be skipped.
INFO: [Vivado_Tcl 4-232] No setup violation found. The netlist was not modified.
INFO: [Common 17-83] Releasing license: Implementation
104 Infos, 8 Warnings, 10 Critical Warnings and 0 Errors encountered.
phys_opt_design completed successfully
INFO: [Timing 38-480] Writing timing data to binary archive.
Wrote PlaceDB: Time (s): cpu = 00:00:00 ; elapsed = 00:00:00 . Memory (MB): peak = 3366.336 ; gain = 0.000 ; free physical = 2889 ; free virtual = 6835
Wrote PulsedLatchDB: Time (s): cpu = 00:00:00 ; elapsed = 00:00:00 . Memory (MB): peak = 3366.336 ; gain = 0.000 ; free physical = 2889 ; free virtual = 6835
Writing XDEF routing.
Write ShapeDB Complete: Time (s): cpu = 00:00:00.04 ; elapsed = 00:00:00.01 . Memory (MB): peak = 3366.336 ; gain = 0.000 ; free physical = 2888 ; free virtual = 6834
Writing XDEF routing logical nets.
Writing XDEF routing special nets.
Wrote RouteStorage: Time (s): cpu = 00:00:00.05 ; elapsed = 00:00:00.01 . Memory (MB): peak = 3366.336 ; gain = 0.000 ; free physical = 2888 ; free virtual = 6834
Wrote PlaceStorage: Time (s): cpu = 00:00:00.26 ; elapsed = 00:00:00.07 . Memory (MB): peak = 3366.336 ; gain = 0.000 ; free physical = 2886 ; free virtual = 6835
Wrote Netlist Cache: Time (s): cpu = 00:00:00.01 ; elapsed = 00:00:00.01 . Memory (MB): peak = 3366.336 ; gain = 0.000 ; free physical = 2886 ; free virtual = 6835
Wrote Device Cache: Time (s): cpu = 00:00:00.01 ; elapsed = 00:00:00 . Memory (MB): peak = 3366.336 ; gain = 0.000 ; free physical = 2884 ; free virtual = 6834
Write Physdb Complete: Time (s): cpu = 00:00:00.36 ; elapsed = 00:00:00.11 . Memory (MB): peak = 3366.336 ; gain = 0.000 ; free physical = 2884 ; free virtual = 6834
INFO: [Common 17-1381] The checkpoint '/home/amogk/Vivado/ECE-385-LABS/lab2/LAB 2.runs/impl_1/Processor_physopt.dcp' has been generated.
Command: route_design
Attempting to get a license for feature 'Implementation' and/or device 'xc7s50'
INFO: [Common 17-349] Got license for feature 'Implementation' and/or device 'xc7s50'


Starting Routing Task
INFO: [Route 35-254] Multithreading enabled for route_design using a maximum of 8 CPUs

Phase 1 Build RT Design
Checksum: PlaceDB: 2503efdc ConstDB: 0 ShapeSum: f879e5fb RouteDB: aa913336
Post Restoration Checksum: NetGraph: 5f77cbce | NumContArr: 10fa6e61 | Constraints: c2a8fa9d | Timing: c2a8fa9d
Phase 1 Build RT Design | Checksum: 1f5c42f69

Time (s): cpu = 00:00:15 ; elapsed = 00:00:13 . Memory (MB): peak = 3366.336 ; gain = 0.000 ; free physical = 2866 ; free virtual = 6896

Phase 2 Router Initialization

Phase 2.1 Fix Topology Constraints
Phase 2.1 Fix Topology Constraints | Checksum: 1f5c42f69

Time (s): cpu = 00:00:15 ; elapsed = 00:00:13 . Memory (MB): peak = 3366.336 ; gain = 0.000 ; free physical = 2866 ; free virtual = 6896

Phase 2.2 Pre Route Cleanup
Phase 2.2 Pre Route Cleanup | Checksum: 1f5c42f69

Time (s): cpu = 00:00:15 ; elapsed = 00:00:13 . Memory (MB): peak = 3366.336 ; gain = 0.000 ; free physical = 2866 ; free virtual = 6896
 Number of Nodes with overlaps = 0

Phase 2.3 Update Timing
Phase 2.3 Update Timing | Checksum: 21011bee5

Time (s): cpu = 00:00:16 ; elapsed = 00:00:14 . Memory (MB): peak = 3366.336 ; gain = 0.000 ; free physical = 2864 ; free virtual = 6901
INFO: [Route 35-416] Intermediate Timing Summary | WNS=27.400 | TNS=0.000  | WHS=-0.203 | THS=-19.158|


Phase 2.4 Soft Constraint Pins - Fast Budgeting
Phase 2.4 Soft Constraint Pins - Fast Budgeting | Checksum: 1fc04c4cd

Time (s): cpu = 00:00:17 ; elapsed = 00:00:14 . Memory (MB): peak = 3366.336 ; gain = 0.000 ; free physical = 2864 ; free virtual = 6901

Router Utilization Summary
  Global Vertical Routing Utilization    = 0 %
  Global Horizontal Routing Utilization  = 0 %
  Routable Net Status*
  *Does not include unroutable nets such as driverless and loadless.
  Run report_route_status for detailed report.
  Number of Failed Nets               = 3114
    (Failed Nets is the sum of unrouted and partially routed nets)
  Number of Unrouted Nets             = 3114
  Number of Partially Routed Nets     = 0
  Number of Node Overlaps             = 0

Phase 2 Router Initialization | Checksum: 1860d7819

Time (s): cpu = 00:00:17 ; elapsed = 00:00:14 . Memory (MB): peak = 3366.336 ; gain = 0.000 ; free physical = 2864 ; free virtual = 6901

Phase 3 Global Routing
Phase 3 Global Routing | Checksum: 1860d7819

Time (s): cpu = 00:00:17 ; elapsed = 00:00:14 . Memory (MB): peak = 3366.336 ; gain = 0.000 ; free physical = 2864 ; free virtual = 6901

Phase 4 Initial Routing

Phase 4.1 Initial Net Routing Pass
Phase 4.1 Initial Net Routing Pass | Checksum: 204cf06f2

Time (s): cpu = 00:00:17 ; elapsed = 00:00:14 . Memory (MB): peak = 3366.336 ; gain = 0.000 ; free physical = 2864 ; free virtual = 6900
Phase 4 Initial Routing | Checksum: 204cf06f2

Time (s): cpu = 00:00:17 ; elapsed = 00:00:14 . Memory (MB): peak = 3366.336 ; gain = 0.000 ; free physical = 2864 ; free virtual = 6900

Phase 5 Rip-up And Reroute

Phase 5.1 Global Iteration 0
 Number of Nodes with overlaps = 115
 Number of Nodes with overlaps = 0
INFO: [Route 35-416] Intermediate Timing Summary | WNS=27.374 | TNS=0.000  | WHS=N/A    | THS=N/A    |

Phase 5.1 Global Iteration 0 | Checksum: 1e507ccba

Time (s): cpu = 00:00:18 ; elapsed = 00:00:15 . Memory (MB): peak = 3366.336 ; gain = 0.000 ; free physical = 2862 ; free virtual = 6900

Phase 5.2 Global Iteration 1
 Number of Nodes with overlaps = 1
 Number of Nodes with overlaps = 0
INFO: [Route 35-416] Intermediate Timing Summary | WNS=27.374 | TNS=0.000  | WHS=N/A    | THS=N/A    |

Phase 5.2 Global Iteration 1 | Checksum: 1ea7443d5

Time (s): cpu = 00:00:18 ; elapsed = 00:00:15 . Memory (MB): peak = 3366.336 ; gain = 0.000 ; free physical = 2862 ; free virtual = 6900
Phase 5 Rip-up And Reroute | Checksum: 1ea7443d5

Time (s): cpu = 00:00:18 ; elapsed = 00:00:15 . Memory (MB): peak = 3366.336 ; gain = 0.000 ; free physical = 2862 ; free virtual = 6900

Phase 6 Delay and Skew Optimization

Phase 6.1 Delay CleanUp
Phase 6.1 Delay CleanUp | Checksum: 1ea7443d5

Time (s): cpu = 00:00:18 ; elapsed = 00:00:15 . Memory (MB): peak = 3366.336 ; gain = 0.000 ; free physical = 2862 ; free virtual = 6900

Phase 6.2 Clock Skew Optimization
Phase 6.2 Clock Skew Optimization | Checksum: 1ea7443d5

Time (s): cpu = 00:00:18 ; elapsed = 00:00:15 . Memory (MB): peak = 3366.336 ; gain = 0.000 ; free physical = 2862 ; free virtual = 6900
Phase 6 Delay and Skew Optimization | Checksum: 1ea7443d5

Time (s): cpu = 00:00:18 ; elapsed = 00:00:15 . Memory (MB): peak = 3366.336 ; gain = 0.000 ; free physical = 2862 ; free virtual = 6900

Phase 7 Post Hold Fix

Phase 7.1 Hold Fix Iter
INFO: [Route 35-416] Intermediate Timing Summary | WNS=27.468 | TNS=0.000  | WHS=0.048  | THS=0.000  |

Phase 7.1 Hold Fix Iter | Checksum: 1b3607590

Time (s): cpu = 00:00:19 ; elapsed = 00:00:15 . Memory (MB): peak = 3366.336 ; gain = 0.000 ; free physical = 2862 ; free virtual = 6900
Phase 7 Post Hold Fix | Checksum: 1b3607590

Time (s): cpu = 00:00:19 ; elapsed = 00:00:15 . Memory (MB): peak = 3366.336 ; gain = 0.000 ; free physical = 2862 ; free virtual = 6900

Phase 8 Route finalize

Router Utilization Summary
  Global Vertical Routing Utilization    = 0.607749 %
  Global Horizontal Routing Utilization  = 0.71265 %
  Routable Net Status*
  *Does not include unroutable nets such as driverless and loadless.
  Run report_route_status for detailed report.
  Number of Failed Nets               = 0
    (Failed Nets is the sum of unrouted and partially routed nets)
  Number of Unrouted Nets             = 0
  Number of Partially Routed Nets     = 0
  Number of Node Overlaps             = 0

Phase 8 Route finalize | Checksum: 1b3607590

Time (s): cpu = 00:00:19 ; elapsed = 00:00:15 . Memory (MB): peak = 3366.336 ; gain = 0.000 ; free physical = 2862 ; free virtual = 6900

Phase 9 Verifying routed nets

 Verification completed successfully
Phase 9 Verifying routed nets | Checksum: 1b3607590

Time (s): cpu = 00:00:19 ; elapsed = 00:00:15 . Memory (MB): peak = 3366.336 ; gain = 0.000 ; free physical = 2862 ; free virtual = 6900

Phase 10 Depositing Routes
Phase 10 Depositing Routes | Checksum: 15918f0e3

Time (s): cpu = 00:00:19 ; elapsed = 00:00:15 . Memory (MB): peak = 3366.336 ; gain = 0.000 ; free physical = 2862 ; free virtual = 6900

Phase 11 Post Process Routing
Phase 11 Post Process Routing | Checksum: 15918f0e3

Time (s): cpu = 00:00:19 ; elapsed = 00:00:15 . Memory (MB): peak = 3366.336 ; gain = 0.000 ; free physical = 2862 ; free virtual = 6900

Phase 12 Post Router Timing
INFO: [Route 35-57] Estimated Timing Summary | WNS=27.468 | TNS=0.000  | WHS=0.048  | THS=0.000  |

INFO: [Route 35-327] The final timing numbers are based on the router estimated timing analysis. For a complete and accurate timing signoff, please run report_timing_summary.
Phase 12 Post Router Timing | Checksum: 15918f0e3

Time (s): cpu = 00:00:19 ; elapsed = 00:00:15 . Memory (MB): peak = 3366.336 ; gain = 0.000 ; free physical = 2862 ; free virtual = 6900
Total Elapsed time in route_design: 14.8 secs

Phase 13 Post-Route Event Processing
Phase 13 Post-Route Event Processing | Checksum: 1ebacad3b

Time (s): cpu = 00:00:19 ; elapsed = 00:00:15 . Memory (MB): peak = 3366.336 ; gain = 0.000 ; free physical = 2862 ; free virtual = 6900
INFO: [Route 35-16] Router Completed Successfully
Ending Routing Task | Checksum: 1ebacad3b

Time (s): cpu = 00:00:19 ; elapsed = 00:00:15 . Memory (MB): peak = 3366.336 ; gain = 0.000 ; free physical = 2862 ; free virtual = 6900

Routing Is Done.
INFO: [Common 17-83] Releasing license: Implementation
116 Infos, 8 Warnings, 10 Critical Warnings and 0 Errors encountered.
route_design completed successfully
route_design: Time (s): cpu = 00:00:19 ; elapsed = 00:00:15 . Memory (MB): peak = 3366.336 ; gain = 0.000 ; free physical = 2862 ; free virtual = 6900
INFO: [Vivado 12-24828] Executing command : report_drc -file Processor_drc_routed.rpt -pb Processor_drc_routed.pb -rpx Processor_drc_routed.rpx
Command: report_drc -file Processor_drc_routed.rpt -pb Processor_drc_routed.pb -rpx Processor_drc_routed.rpx
INFO: [IP_Flow 19-1839] IP Catalog is up to date.
INFO: [DRC 23-27] Running DRC with 8 threads
INFO: [Vivado_Tcl 2-168] The results of DRC are in file /home/amogk/Vivado/ECE-385-LABS/lab2/LAB 2.runs/impl_1/Processor_drc_routed.rpt.
report_drc completed successfully
INFO: [Vivado 12-24828] Executing command : report_methodology -file Processor_methodology_drc_routed.rpt -pb Processor_methodology_drc_routed.pb -rpx Processor_methodology_drc_routed.rpx
Command: report_methodology -file Processor_methodology_drc_routed.rpt -pb Processor_methodology_drc_routed.pb -rpx Processor_methodology_drc_routed.rpx
INFO: [Timing 38-35] Done setting XDC timing constraints.
INFO: [DRC 23-133] Running Methodology with 8 threads
INFO: [Vivado_Tcl 2-1520] The results of Report Methodology are in file /home/amogk/Vivado/ECE-385-LABS/lab2/LAB 2.runs/impl_1/Processor_methodology_drc_routed.rpt.
report_methodology completed successfully
INFO: [Vivado 12-24828] Executing command : report_timing_summary -max_paths 10 -report_unconstrained -file Processor_timing_summary_routed.rpt -pb Processor_timing_summary_routed.pb -rpx Processor_timing_summary_routed.rpx -warn_on_violation 
INFO: [Timing 38-35] Done setting XDC timing constraints.
INFO: [Timing 38-91] UpdateTimingParams: Speed grade: -1, Delay Type: min_max.
INFO: [Timing 38-191] Multithreading enabled for timing update using a maximum of 8 CPUs
INFO: [Vivado 12-24838] Running report commands "report_bus_skew, report_incremental_reuse, report_route_status" in parallel.
Running report generation with 3 threads.
INFO: [Vivado 12-24828] Executing command : report_incremental_reuse -file Processor_incremental_reuse_routed.rpt
INFO: [Vivado_Tcl 4-1062] Incremental flow is disabled. No incremental reuse Info to report.
INFO: [Vivado 12-24828] Executing command : report_route_status -file Processor_route_status.rpt -pb Processor_route_status.pb
INFO: [Vivado 12-24828] Executing command : report_bus_skew -warn_on_violation -file Processor_bus_skew_routed.rpt -pb Processor_bus_skew_routed.pb -rpx Processor_bus_skew_routed.rpx
INFO: [Timing 38-91] UpdateTimingParams: Speed grade: -1, Delay Type: min_max.
INFO: [Timing 38-191] Multithreading enabled for timing update using a maximum of 8 CPUs
INFO: [Vivado 12-24828] Executing command : report_power -file Processor_power_routed.rpt -pb Processor_power_summary_routed.pb -rpx Processor_power_routed.rpx
Command: report_power -file Processor_power_routed.rpt -pb Processor_power_summary_routed.pb -rpx Processor_power_routed.rpx
Running Vector-less Activity Propagation...

Finished Running Vector-less Activity Propagation
136 Infos, 8 Warnings, 10 Critical Warnings and 0 Errors encountered.
report_power completed successfully
INFO: [Vivado 12-24828] Executing command : report_clock_utilization -file Processor_clock_utilization_routed.rpt
INFO: [Timing 38-480] Writing timing data to binary archive.
Wrote PlaceDB: Time (s): cpu = 00:00:00.01 ; elapsed = 00:00:00 . Memory (MB): peak = 3366.336 ; gain = 0.000 ; free physical = 2839 ; free virtual = 6885
Wrote PulsedLatchDB: Time (s): cpu = 00:00:00 ; elapsed = 00:00:00 . Memory (MB): peak = 3366.336 ; gain = 0.000 ; free physical = 2839 ; free virtual = 6885
Writing XDEF routing.
Write ShapeDB Complete: Time (s): cpu = 00:00:00.03 ; elapsed = 00:00:00.01 . Memory (MB): peak = 3366.336 ; gain = 0.000 ; free physical = 2839 ; free virtual = 6885
Writing XDEF routing logical nets.
Writing XDEF routing special nets.
Wrote RouteStorage: Time (s): cpu = 00:00:00.15 ; elapsed = 00:00:00.04 . Memory (MB): peak = 3366.336 ; gain = 0.000 ; free physical = 2839 ; free virtual = 6886
Wrote PlaceStorage: Time (s): cpu = 00:00:00.24 ; elapsed = 00:00:00.07 . Memory (MB): peak = 3366.336 ; gain = 0.000 ; free physical = 2838 ; free virtual = 6888
Wrote Netlist Cache: Time (s): cpu = 00:00:00 ; elapsed = 00:00:00.01 . Memory (MB): peak = 3366.336 ; gain = 0.000 ; free physical = 2838 ; free virtual = 6888
Wrote Device Cache: Time (s): cpu = 00:00:00 ; elapsed = 00:00:00 . Memory (MB): peak = 3366.336 ; gain = 0.000 ; free physical = 2838 ; free virtual = 6889
Write Physdb Complete: Time (s): cpu = 00:00:00.42 ; elapsed = 00:00:00.12 . Memory (MB): peak = 3366.336 ; gain = 0.000 ; free physical = 2838 ; free virtual = 6889
INFO: [Common 17-1381] The checkpoint '/home/amogk/Vivado/ECE-385-LABS/lab2/LAB 2.runs/impl_1/Processor_routed.dcp' has been generated.
Command: write_bitstream -force Processor.bit
Attempting to get a license for feature 'Implementation' and/or device 'xc7s50'
INFO: [Common 17-349] Got license for feature 'Implementation' and/or device 'xc7s50'
Running DRC as a precondition to command write_bitstream
INFO: [IP_Flow 19-1839] IP Catalog is up to date.
INFO: [DRC 23-27] Running DRC with 8 threads
INFO: [Vivado 12-3199] DRC finished with 0 Errors
INFO: [Vivado 12-3200] Please refer to the DRC report (report_drc) for more information.
Integrating Hard IP ELF/MEM with the PDI.
INFO: [Designutils 20-2272] Running write_bitstream with 8 threads.
Initializing bitstream generation complete. Time (s): cpu = 00:00:01 ; elapsed = 00:00:01 . Memory (MB): peak = 3366.336 ; gain = 0.000 ; free physical = 2776 ; free virtual = 6919
Loading data files...
Loading site data...
Loading route data...
Processing options...
Creating bitmap...
Creating bitstream...
Writing bitstream ./Processor.bit...
Generate Bitstream complete. Time (s): cpu = 00:00:13 ; elapsed = 00:00:08 . Memory (MB): peak = 3393.672 ; gain = 27.336 ; free physical = 2451 ; free virtual = 6688
INFO: [Vivado 12-1842] Bitgen Completed Successfully.
INFO: [Common 17-83] Releasing license: Implementation
147 Infos, 8 Warnings, 10 Critical Warnings and 0 Errors encountered.
write_bitstream completed successfully
write_bitstream: Time (s): cpu = 00:00:21 ; elapsed = 00:00:48 . Memory (MB): peak = 3401.895 ; gain = 35.559 ; free physical = 2424 ; free virtual = 6669
INFO: [Common 17-206] Exiting Vivado at Fri Sep 11 13:19:03 2026...
