
*** Running vivado
    with args -log adder_toplevel.vds -m64 -product Vivado -mode batch -messageDb vivado.pb -notrace -source adder_toplevel.tcl

INFO: [Common 17-3922] A valid Vivado Design Suite ENTERPRISE license has been detected. Your current license is active and will expire on 31-oct-2026.
#-----------------------------------------------------------
# Vivado v2026.1 (64-bit)
# SW Build 6511674 on Tue Jun 16 11:01:26 MDT 2026
# IP Build 6504888 on Tue Jun 09 09:05:25 MDT 2026
# SharedData Build 6501428 on Mon Jun 08 17:34:18 MDT 2026
# Start of session at: Thu Sep 17 22:15:44 2026
# Process ID         : 400644
# Current directory  : /home/amogk/Vivado/ECE-385-LABS/lab3/Lab 3 vivado/Lab 3 vivado.runs/synth_1
# Command line       : vivado -log adder_toplevel.vds -product Vivado -mode batch -messageDb vivado.pb -notrace -source adder_toplevel.tcl
# Log file           : /home/amogk/Vivado/ECE-385-LABS/lab3/Lab 3 vivado/Lab 3 vivado.runs/synth_1/adder_toplevel.vds
# Journal file       : /home/amogk/Vivado/ECE-385-LABS/lab3/Lab 3 vivado/Lab 3 vivado.runs/synth_1/vivado.jou
# Running On         : amogks-laptop
# Platform           : Fedora
# Operating System   : Fedora Linux 42 (Workstation Edition)
# Processor Detail   : AMD Ryzen 9 6900HS with Radeon Graphics
# CPU Frequency      : 3268.285 MHz
# CPU Physical cores : 8
# CPU Logical cores  : 16
# Host memory        : 15934 MB
# Swap memory        : 8589 MB
# Total Virtual      : 24523 MB
# Available Virtual  : 8014 MB
#-----------------------------------------------------------

****** Vivado v2026.1 (64-bit)
  **** SW Build 6511674 on Tue Jun 16 11:01:26 MDT 2026
  **** IP Build 6504888 on Tue Jun 09 09:05:25 MDT 2026
  **** SharedData Build 6501428 on Mon Jun 08 17:34:18 MDT 2026
  **** Start of session at: Thu Sep 17 22:15:44 2026
    ** Copyright 1986-2022 Xilinx, Inc. All Rights Reserved.
    ** Copyright 2022-2026 Advanced Micro Devices, Inc. All Rights Reserved.

source adder_toplevel.tcl -notrace
Command: read_checkpoint -auto_incremental -incremental {/home/amogk/Vivado/ECE-385-LABS/lab3/Lab 3 vivado/Lab 3 vivado.srcs/utils_1/imports/synth_1/adder_toplevel.dcp}
INFO: [Vivado 12-5825] Read reference checkpoint from /home/amogk/Vivado/ECE-385-LABS/lab3/Lab 3 vivado/Lab 3 vivado.srcs/utils_1/imports/synth_1/adder_toplevel.dcp for incremental synthesis
INFO: [Vivado 12-7989] Please ensure there are no constraint changes
Command: synth_design -top adder_toplevel -part xc7s50csga324-1
Starting synth_design
Attempting to get a license for feature 'Synthesis' and/or device 'xc7s50'
INFO: [Common 17-349] Got license for feature 'Synthesis' and/or device 'xc7s50'
INFO: [Device 21-403] Loading part xc7s50csga324-1
INFO: [Designutils 20-5008] Incremental synthesis strategy default
INFO: [Designutils 20-5440] No compile time benefit to using incremental synthesis; A full resynthesis will be run
INFO: [Designutils 20-4379] Flow is switching to default flow due to incremental criteria not met. If you would like to alter this behaviour and have the flow terminate instead, please set the following parameter config_implementation {autoIncr.Synth.RejectBehavior Terminate}
INFO: [Synth 8-7079] Multithreading enabled for synth_design using a maximum of 7 processes.
INFO: [Synth 8-7078] Launching helper process for spawning children vivado processes
INFO: [Synth 8-7075] Helper process launched with PID 400687
---------------------------------------------------------------------------------
Starting RTL Elaboration : Time (s): cpu = 00:00:04 ; elapsed = 00:00:04 . Memory (MB): peak = 2572.902 ; gain = 518.062 ; free physical = 473 ; free virtual = 6322
---------------------------------------------------------------------------------
WARNING: [Synth 8-11121] redeclaration of ANSI port 'q' is not allowed [/home/amogk/Vivado/ECE-385-LABS/lab3/Lab 3 vivado/Lab 3 vivado.srcs/sources_1/imports/design_source/sync_debounce.sv:20]
INFO: [Synth 8-6157] synthesizing module 'adder_toplevel' [/home/amogk/Vivado/ECE-385-LABS/lab3/Lab 3 vivado/Lab 3 vivado.srcs/sources_1/imports/design_source/adder_toplevel.sv:8]
INFO: [Synth 8-6157] synthesizing module 'negedge_detector' [/home/amogk/Vivado/ECE-385-LABS/lab3/Lab 3 vivado/Lab 3 vivado.srcs/sources_1/imports/design_source/negedge_detector.sv:1]
INFO: [Synth 8-6155] done synthesizing module 'negedge_detector' (0#1) [/home/amogk/Vivado/ECE-385-LABS/lab3/Lab 3 vivado/Lab 3 vivado.srcs/sources_1/imports/design_source/negedge_detector.sv:1]
INFO: [Synth 8-6157] synthesizing module 'load_reg' [/home/amogk/Vivado/ECE-385-LABS/lab3/Lab 3 vivado/Lab 3 vivado.srcs/sources_1/imports/design_source/load_reg.sv:1]
	Parameter DATA_WIDTH bound to: 17 - type: integer 
INFO: [Synth 8-6155] done synthesizing module 'load_reg' (0#1) [/home/amogk/Vivado/ECE-385-LABS/lab3/Lab 3 vivado/Lab 3 vivado.srcs/sources_1/imports/design_source/load_reg.sv:1]
INFO: [Synth 8-6157] synthesizing module 'select_adder' [/home/amogk/Vivado/ECE-385-LABS/lab3/Lab 3 vivado/Lab 3 vivado.srcs/sources_1/imports/design_source/select_adder.sv:1]
INFO: [Synth 8-6157] synthesizing module 'four_bit_ripple_adder' [/home/amogk/Vivado/ECE-385-LABS/lab3/Lab 3 vivado/Lab 3 vivado.srcs/sources_1/new/four_bit_ripple_adder.v:23]
INFO: [Synth 8-6157] synthesizing module 'single_ripple' [/home/amogk/Vivado/ECE-385-LABS/lab3/Lab 3 vivado/Lab 3 vivado.srcs/sources_1/new/single_ripple.sv:23]
INFO: [Synth 8-6155] done synthesizing module 'single_ripple' (0#1) [/home/amogk/Vivado/ECE-385-LABS/lab3/Lab 3 vivado/Lab 3 vivado.srcs/sources_1/new/single_ripple.sv:23]
INFO: [Synth 8-6155] done synthesizing module 'four_bit_ripple_adder' (0#1) [/home/amogk/Vivado/ECE-385-LABS/lab3/Lab 3 vivado/Lab 3 vivado.srcs/sources_1/new/four_bit_ripple_adder.v:23]
INFO: [Synth 8-6155] done synthesizing module 'select_adder' (0#1) [/home/amogk/Vivado/ECE-385-LABS/lab3/Lab 3 vivado/Lab 3 vivado.srcs/sources_1/imports/design_source/select_adder.sv:1]
INFO: [Synth 8-6157] synthesizing module 'hex_driver' [/home/amogk/Vivado/ECE-385-LABS/lab3/Lab 3 vivado/Lab 3 vivado.srcs/sources_1/imports/design_source/hex_driver.sv:1]
INFO: [Synth 8-6157] synthesizing module 'nibble_to_hex' [/home/amogk/Vivado/ECE-385-LABS/lab3/Lab 3 vivado/Lab 3 vivado.srcs/sources_1/imports/design_source/hex_driver.sv:11]
INFO: [Synth 8-6155] done synthesizing module 'nibble_to_hex' (0#1) [/home/amogk/Vivado/ECE-385-LABS/lab3/Lab 3 vivado/Lab 3 vivado.srcs/sources_1/imports/design_source/hex_driver.sv:11]
INFO: [Synth 8-6157] synthesizing module 'nibble_to_hex' [/home/amogk/Vivado/ECE-385-LABS/lab3/Lab 3 vivado/Lab 3 vivado.srcs/sources_1/imports/design_source/hex_driver.sv:11]
INFO: [Synth 8-6155] done synthesizing module 'nibble_to_hex' (0#1) [/home/amogk/Vivado/ECE-385-LABS/lab3/Lab 3 vivado/Lab 3 vivado.srcs/sources_1/imports/design_source/hex_driver.sv:11]
INFO: [Synth 8-6157] synthesizing module 'nibble_to_hex' [/home/amogk/Vivado/ECE-385-LABS/lab3/Lab 3 vivado/Lab 3 vivado.srcs/sources_1/imports/design_source/hex_driver.sv:11]
INFO: [Synth 8-6155] done synthesizing module 'nibble_to_hex' (0#1) [/home/amogk/Vivado/ECE-385-LABS/lab3/Lab 3 vivado/Lab 3 vivado.srcs/sources_1/imports/design_source/hex_driver.sv:11]
INFO: [Synth 8-6157] synthesizing module 'nibble_to_hex' [/home/amogk/Vivado/ECE-385-LABS/lab3/Lab 3 vivado/Lab 3 vivado.srcs/sources_1/imports/design_source/hex_driver.sv:11]
INFO: [Synth 8-6155] done synthesizing module 'nibble_to_hex' (0#1) [/home/amogk/Vivado/ECE-385-LABS/lab3/Lab 3 vivado/Lab 3 vivado.srcs/sources_1/imports/design_source/hex_driver.sv:11]
INFO: [Synth 8-6155] done synthesizing module 'hex_driver' (0#1) [/home/amogk/Vivado/ECE-385-LABS/lab3/Lab 3 vivado/Lab 3 vivado.srcs/sources_1/imports/design_source/hex_driver.sv:1]
INFO: [Synth 8-6157] synthesizing module 'sync_debounce' [/home/amogk/Vivado/ECE-385-LABS/lab3/Lab 3 vivado/Lab 3 vivado.srcs/sources_1/imports/design_source/sync_debounce.sv:13]
INFO: [Synth 8-6155] done synthesizing module 'sync_debounce' (0#1) [/home/amogk/Vivado/ECE-385-LABS/lab3/Lab 3 vivado/Lab 3 vivado.srcs/sources_1/imports/design_source/sync_debounce.sv:13]
INFO: [Synth 8-6157] synthesizing module 'load_reg__parameterized0' [/home/amogk/Vivado/ECE-385-LABS/lab3/Lab 3 vivado/Lab 3 vivado.srcs/sources_1/imports/design_source/load_reg.sv:1]
	Parameter DATA_WIDTH bound to: 16 - type: integer 
INFO: [Synth 8-6155] done synthesizing module 'load_reg__parameterized0' (0#1) [/home/amogk/Vivado/ECE-385-LABS/lab3/Lab 3 vivado/Lab 3 vivado.srcs/sources_1/imports/design_source/load_reg.sv:1]
INFO: [Synth 8-6155] done synthesizing module 'adder_toplevel' (0#1) [/home/amogk/Vivado/ECE-385-LABS/lab3/Lab 3 vivado/Lab 3 vivado.srcs/sources_1/imports/design_source/adder_toplevel.sv:8]
---------------------------------------------------------------------------------
Finished RTL Elaboration : Time (s): cpu = 00:00:06 ; elapsed = 00:00:06 . Memory (MB): peak = 2659.871 ; gain = 605.031 ; free physical = 371 ; free virtual = 6224
---------------------------------------------------------------------------------
---------------------------------------------------------------------------------
Start Handling Custom Attributes
---------------------------------------------------------------------------------
---------------------------------------------------------------------------------
Finished Handling Custom Attributes : Time (s): cpu = 00:00:06 ; elapsed = 00:00:06 . Memory (MB): peak = 2677.684 ; gain = 622.844 ; free physical = 371 ; free virtual = 6224
---------------------------------------------------------------------------------
---------------------------------------------------------------------------------
Finished RTL Optimization Phase 1 : Time (s): cpu = 00:00:06 ; elapsed = 00:00:06 . Memory (MB): peak = 2677.684 ; gain = 622.844 ; free physical = 371 ; free virtual = 6224
---------------------------------------------------------------------------------
Netlist sorting complete. Time (s): cpu = 00:00:00 ; elapsed = 00:00:00 . Memory (MB): peak = 2677.684 ; gain = 0.000 ; free physical = 371 ; free virtual = 6224
INFO: [Project 1-570] Preparing netlist for logic optimization

Processing XDC Constraints
Initializing timing engine
Parsing XDC File [/home/amogk/Vivado/ECE-385-LABS/lab3/Lab 3 vivado/Lab 3 vivado.srcs/constrs_1/new/lab2_constraints.xdc]
Finished Parsing XDC File [/home/amogk/Vivado/ECE-385-LABS/lab3/Lab 3 vivado/Lab 3 vivado.srcs/constrs_1/new/lab2_constraints.xdc]
INFO: [Project 1-236] Implementation specific constraints were found while reading constraint file [/home/amogk/Vivado/ECE-385-LABS/lab3/Lab 3 vivado/Lab 3 vivado.srcs/constrs_1/new/lab2_constraints.xdc]. These constraints will be ignored for synthesis but will be used in implementation. Impacted constraints are listed in the file [.Xil/adder_toplevel_propImpl.xdc].
Resolution: To avoid this warning, move constraints listed in [.Xil/adder_toplevel_propImpl.xdc] to another XDC file and exclude this new file from synthesis with the used_in_synthesis property (File Properties dialog in GUI) and re-run elaboration/synthesis.
Completed Processing XDC Constraints

Netlist sorting complete. Time (s): cpu = 00:00:00 ; elapsed = 00:00:00 . Memory (MB): peak = 2791.422 ; gain = 0.000 ; free physical = 414 ; free virtual = 6266
INFO: [Project 1-111] Unisim Transformation Summary:
No Unisim elements were transformed.

lscpu: bad usage
Try 'lscpu --help' for more information.
Constraint Validation Runtime : Time (s): cpu = 00:00:00 ; elapsed = 00:00:00 . Memory (MB): peak = 2791.457 ; gain = 0.000 ; free physical = 414 ; free virtual = 6266
INFO: [Designutils 20-5440] No compile time benefit to using incremental synthesis; A full resynthesis will be run
INFO: [Designutils 20-4379] Flow is switching to default flow due to incremental criteria not met. If you would like to alter this behaviour and have the flow terminate instead, please set the following parameter config_implementation {autoIncr.Synth.RejectBehavior Terminate}
---------------------------------------------------------------------------------
Finished Constraint Validation : Time (s): cpu = 00:00:12 ; elapsed = 00:00:12 . Memory (MB): peak = 2791.457 ; gain = 736.617 ; free physical = 424 ; free virtual = 6276
---------------------------------------------------------------------------------
---------------------------------------------------------------------------------
Start Loading Part and Timing Information
---------------------------------------------------------------------------------
Loading part: xc7s50csga324-1
---------------------------------------------------------------------------------
Finished Loading Part and Timing Information : Time (s): cpu = 00:00:12 ; elapsed = 00:00:12 . Memory (MB): peak = 2799.426 ; gain = 744.586 ; free physical = 428 ; free virtual = 6280
---------------------------------------------------------------------------------
---------------------------------------------------------------------------------
Start Applying 'set_property' XDC Constraints
---------------------------------------------------------------------------------
---------------------------------------------------------------------------------
Finished applying 'set_property' XDC Constraints : Time (s): cpu = 00:00:12 ; elapsed = 00:00:12 . Memory (MB): peak = 2799.426 ; gain = 744.586 ; free physical = 428 ; free virtual = 6280
---------------------------------------------------------------------------------
---------------------------------------------------------------------------------
Finished RTL Optimization Phase 2 : Time (s): cpu = 00:00:12 ; elapsed = 00:00:13 . Memory (MB): peak = 2799.426 ; gain = 744.586 ; free physical = 425 ; free virtual = 6278
---------------------------------------------------------------------------------
---------------------------------------------------------------------------------
Start RTL Component Statistics 
---------------------------------------------------------------------------------
Detailed RTL Component Info : 
+---XORs : 
	   3 Input      1 Bit         XORs := 28    
	   2 Input      1 Bit         XORs := 2     
+---Registers : 
	               17 Bit    Registers := 1     
	               16 Bit    Registers := 1     
	                1 Bit    Registers := 8     
+---Muxes : 
	   4 Input    8 Bit        Muxes := 2     
	   2 Input    8 Bit        Muxes := 2     
	   2 Input    4 Bit        Muxes := 3     
	   5 Input    4 Bit        Muxes := 2     
---------------------------------------------------------------------------------
Finished RTL Component Statistics 
---------------------------------------------------------------------------------
---------------------------------------------------------------------------------
Start Part Resource Summary
---------------------------------------------------------------------------------
Part Resources:
DSPs: 120 (col length:60)
BRAMs: 150 (col length: RAMB18 60 RAMB36 30)
---------------------------------------------------------------------------------
Finished Part Resource Summary
---------------------------------------------------------------------------------
---------------------------------------------------------------------------------
Start Cross Boundary and Area Optimization
---------------------------------------------------------------------------------
WARNING: [Synth 8-3917] design adder_toplevel has port hex_seg_a[7] driven by constant 1
WARNING: [Synth 8-3917] design adder_toplevel has port hex_seg_b[7] driven by constant 1
---------------------------------------------------------------------------------
Finished Cross Boundary and Area Optimization : Time (s): cpu = 00:00:15 ; elapsed = 00:00:15 . Memory (MB): peak = 2799.426 ; gain = 744.586 ; free physical = 390 ; free virtual = 6248
---------------------------------------------------------------------------------
---------------------------------------------------------------------------------
Start Applying XDC Timing Constraints
---------------------------------------------------------------------------------
---------------------------------------------------------------------------------
Finished Applying XDC Timing Constraints : Time (s): cpu = 00:00:20 ; elapsed = 00:00:20 . Memory (MB): peak = 2863.426 ; gain = 808.586 ; free physical = 305 ; free virtual = 6163
---------------------------------------------------------------------------------
---------------------------------------------------------------------------------
Start Timing Optimization
---------------------------------------------------------------------------------
---------------------------------------------------------------------------------
Finished Timing Optimization : Time (s): cpu = 00:00:20 ; elapsed = 00:00:20 . Memory (MB): peak = 2863.426 ; gain = 808.586 ; free physical = 305 ; free virtual = 6163
---------------------------------------------------------------------------------
---------------------------------------------------------------------------------
Start Technology Mapping
---------------------------------------------------------------------------------
---------------------------------------------------------------------------------
Finished Technology Mapping : Time (s): cpu = 00:00:20 ; elapsed = 00:00:20 . Memory (MB): peak = 2882.457 ; gain = 827.617 ; free physical = 289 ; free virtual = 6147
---------------------------------------------------------------------------------
---------------------------------------------------------------------------------
Start IO Insertion
---------------------------------------------------------------------------------
---------------------------------------------------------------------------------
Start Flattening Before IO Insertion
---------------------------------------------------------------------------------
---------------------------------------------------------------------------------
Finished Flattening Before IO Insertion
---------------------------------------------------------------------------------
---------------------------------------------------------------------------------
Start Final Netlist Cleanup
---------------------------------------------------------------------------------
---------------------------------------------------------------------------------
Finished Final Netlist Cleanup
---------------------------------------------------------------------------------
---------------------------------------------------------------------------------
Finished IO Insertion : Time (s): cpu = 00:00:23 ; elapsed = 00:00:24 . Memory (MB): peak = 3079.270 ; gain = 1024.430 ; free physical = 255 ; free virtual = 6009
---------------------------------------------------------------------------------
---------------------------------------------------------------------------------
Start Renaming Generated Instances
---------------------------------------------------------------------------------
---------------------------------------------------------------------------------
Finished Renaming Generated Instances : Time (s): cpu = 00:00:23 ; elapsed = 00:00:24 . Memory (MB): peak = 3079.270 ; gain = 1024.430 ; free physical = 255 ; free virtual = 6009
---------------------------------------------------------------------------------
---------------------------------------------------------------------------------
Start Rebuilding User Hierarchy
---------------------------------------------------------------------------------
---------------------------------------------------------------------------------
Finished Rebuilding User Hierarchy : Time (s): cpu = 00:00:23 ; elapsed = 00:00:24 . Memory (MB): peak = 3079.270 ; gain = 1024.430 ; free physical = 255 ; free virtual = 6009
---------------------------------------------------------------------------------
---------------------------------------------------------------------------------
Start Renaming Generated Ports
---------------------------------------------------------------------------------
---------------------------------------------------------------------------------
Finished Renaming Generated Ports : Time (s): cpu = 00:00:23 ; elapsed = 00:00:24 . Memory (MB): peak = 3079.270 ; gain = 1024.430 ; free physical = 255 ; free virtual = 6009
---------------------------------------------------------------------------------
---------------------------------------------------------------------------------
Start Handling Custom Attributes
---------------------------------------------------------------------------------
---------------------------------------------------------------------------------
Finished Handling Custom Attributes : Time (s): cpu = 00:00:23 ; elapsed = 00:00:24 . Memory (MB): peak = 3079.270 ; gain = 1024.430 ; free physical = 255 ; free virtual = 6009
---------------------------------------------------------------------------------
---------------------------------------------------------------------------------
Start Renaming Generated Nets
---------------------------------------------------------------------------------
---------------------------------------------------------------------------------
Finished Renaming Generated Nets : Time (s): cpu = 00:00:23 ; elapsed = 00:00:24 . Memory (MB): peak = 3079.270 ; gain = 1024.430 ; free physical = 255 ; free virtual = 6009
---------------------------------------------------------------------------------
---------------------------------------------------------------------------------
Start Writing Synthesis Report
---------------------------------------------------------------------------------

Report BlackBoxes: 
+-+--------------+----------+
| |BlackBox name |Instances |
+-+--------------+----------+
+-+--------------+----------+

Report Cell Usage: 
+------+-------+------+
|      |Cell   |Count |
+------+-------+------+
|1     |BUFG   |     1|
|2     |CARRY4 |    13|
|3     |LUT1   |     5|
|4     |LUT2   |     5|
|5     |LUT3   |    14|
|6     |LUT4   |    51|
|7     |LUT5   |     3|
|8     |LUT6   |    48|
|9     |FDRE   |    90|
|10    |IBUF   |    19|
|11    |OBUF   |    25|
+------+-------+------+
---------------------------------------------------------------------------------
Finished Writing Synthesis Report : Time (s): cpu = 00:00:23 ; elapsed = 00:00:24 . Memory (MB): peak = 3079.270 ; gain = 1024.430 ; free physical = 255 ; free virtual = 6009
---------------------------------------------------------------------------------
Synthesis finished with 0 errors, 0 critical warnings and 2 warnings.
Synthesis Optimization Runtime : Time (s): cpu = 00:00:22 ; elapsed = 00:00:23 . Memory (MB): peak = 3079.270 ; gain = 910.656 ; free physical = 255 ; free virtual = 6009
Synthesis Optimization Complete : Time (s): cpu = 00:00:23 ; elapsed = 00:00:24 . Memory (MB): peak = 3079.277 ; gain = 1024.430 ; free physical = 255 ; free virtual = 6009
INFO: [Project 1-571] Translating synthesized netlist
Netlist sorting complete. Time (s): cpu = 00:00:00 ; elapsed = 00:00:00 . Memory (MB): peak = 3079.277 ; gain = 0.000 ; free physical = 255 ; free virtual = 6009
INFO: [Netlist 29-17] Analyzing 13 Unisim elements for replacement
INFO: [Netlist 29-28] Unisim Transformation completed in 0 CPU seconds
INFO: [Project 1-570] Preparing netlist for logic optimization
INFO: [Opt 31-138] Pushed 0 inverter(s) to 0 load pin(s).
Netlist sorting complete. Time (s): cpu = 00:00:00 ; elapsed = 00:00:00 . Memory (MB): peak = 3135.297 ; gain = 0.000 ; free physical = 400 ; free virtual = 6154
INFO: [Project 1-111] Unisim Transformation Summary:
No Unisim elements were transformed.

lscpu: bad usage
Try 'lscpu --help' for more information.
Synth Design complete | Checksum: 698e872
INFO: [Common 17-83] Releasing license: Synthesis
48 Infos, 3 Warnings, 0 Critical Warnings and 0 Errors encountered.
synth_design completed successfully
synth_design: Time (s): cpu = 00:00:30 ; elapsed = 00:00:29 . Memory (MB): peak = 3135.332 ; gain = 1195.602 ; free physical = 400 ; free virtual = 6154
INFO: [Common 17-2834] synth_design peak Physical Memory [PSS] (MB): overall = 2121.356; main = 2121.356; forked = 321.854
INFO: [Common 17-2834] synth_design peak Virtual Memory [VSS] (MB): overall = 4530.887; main = 3135.301; forked = 1688.457
Write ShapeDB Complete: Time (s): cpu = 00:00:00 ; elapsed = 00:00:00 . Memory (MB): peak = 3159.309 ; gain = 0.000 ; free physical = 400 ; free virtual = 6154
INFO: [Common 17-1381] The checkpoint '/home/amogk/Vivado/ECE-385-LABS/lab3/Lab 3 vivado/Lab 3 vivado.runs/synth_1/adder_toplevel.dcp' has been generated.
INFO: [Vivado 12-24828] Executing command : report_utilization -file adder_toplevel_utilization_synth.rpt -pb adder_toplevel_utilization_synth.pb
INFO: [Common 17-206] Exiting Vivado at Thu Sep 17 22:16:18 2026...
