Vivado Simulator v2026.1
Copyright 1986-2022 Xilinx, Inc. All Rights Reserved.
Copyright 2022-2026 Advanced Micro Devices, Inc. All Rights Reserved.
Running: /home/amogk/vivado_install/2026.1/Vivado/bin/unwrapped/lnx64.o/xelab --incr --debug typical --relax --mt 8 -L xil_defaultlib -L uvm -L unisims_ver -L unimacro_ver -L secureip --snapshot adder_toplevel_behav xil_defaultlib.adder_toplevel xil_defaultlib.glbl -log elaborate.log 
INFO: [XSIM 43-3493] Using 8 slave threads.
Starting static elaboration
Pass Through NonSizing Optimizer
WARNING: [VRFC 10-10007] variable 's[16]' might have multiple concurrent drivers [/home/amogk/Vivado/ECE-385-LABS/lab3/Lab 3 vivado/Lab 3 vivado.srcs/sources_1/imports/design_source/adder_toplevel.sv:61]
WARNING: [VRFC 10-9941] found another concurrent driver of 's[16]' here [/home/amogk/Vivado/ECE-385-LABS/lab3/Lab 3 vivado/Lab 3 vivado.srcs/sources_1/imports/design_source/adder_toplevel.sv:53]
WARNING: [VRFC 10-10007] variable 's[16]' might have multiple concurrent drivers [/home/amogk/Vivado/ECE-385-LABS/lab3/Lab 3 vivado/Lab 3 vivado.srcs/sources_1/imports/design_source/adder_toplevel.sv:69]
Completed static elaboration
Starting simulation data flow analysis
Completed simulation data flow analysis
Time Resolution for simulation is 1ps
Compiling module xil_defaultlib.negedge_detector
Compiling module xil_defaultlib.load_reg(DATA_WIDTH=17)
Compiling module xil_defaultlib.single_ripple
Compiling module xil_defaultlib.ripple_adder
Compiling module xil_defaultlib.mini_cla
Compiling module xil_defaultlib.lookahead_adder
Compiling module xil_defaultlib.four_bit_ripple_adder_default
Compiling module xil_defaultlib.select_adder_default
Compiling module xil_defaultlib.nibble_to_hex
Compiling module xil_defaultlib.hex_driver_default
Compiling module xil_defaultlib.sync_debounce
Compiling module xil_defaultlib.load_reg(DATA_WIDTH=16)
Compiling module xil_defaultlib.adder_toplevel
Compiling module xil_defaultlib.glbl
Built simulation snapshot adder_toplevel_behav
