Copyright 1986-2022 Xilinx, Inc. All Rights Reserved.
-------------------------------------------------------------------------------------------
| Tool Version : Vivado v.2022.2 (lin64) Build 3671981 Fri Oct 14 04:59:54 MDT 2022
| Date         : Thu Sep 24 16:08:04 2026
| Host         : amogks-laptop running 64-bit Fedora Linux 42 (Workstation Edition)
| Command      : report_control_sets -verbose -file adder_toplevel_control_sets_placed.rpt
| Design       : adder_toplevel
| Device       : xc7s50
-------------------------------------------------------------------------------------------

Control Set Information

Table of Contents
-----------------
1. Summary
2. Histogram
3. Flip-Flop Distribution
4. Detailed Control Set Information

1. Summary
----------

+----------------------------------------------------------+-------+
|                          Status                          | Count |
+----------------------------------------------------------+-------+
| Total control sets                                       |     7 |
|    Minimum number of control sets                        |     7 |
|    Addition due to synthesis replication                 |     0 |
|    Addition due to physical synthesis replication        |     0 |
| Unused register locations in slices containing registers |    17 |
+----------------------------------------------------------+-------+
* Control sets can be merged at opt_design using control_set_merge or merge_equivalent_drivers
** Run report_qor_suggestions for automated merging and remapping suggestions


2. Histogram
------------

+--------------------+-------+
|       Fanout       | Count |
+--------------------+-------+
| Total control sets |     7 |
| >= 0 to < 4        |     0 |
| >= 4 to < 6        |     1 |
| >= 6 to < 8        |     0 |
| >= 8 to < 10       |     1 |
| >= 10 to < 12      |     0 |
| >= 12 to < 14      |     0 |
| >= 14 to < 16      |     1 |
| >= 16              |     4 |
+--------------------+-------+
* Control sets can be remapped at either synth_design or opt_design


3. Flip-Flop Distribution
-------------------------

+--------------+-----------------------+------------------------+-----------------+--------------+
| Clock Enable | Synchronous Set/Reset | Asynchronous Set/Reset | Total Registers | Total Slices |
+--------------+-----------------------+------------------------+-----------------+--------------+
| No           | No                    | No                     |              20 |           13 |
| No           | No                    | Yes                    |               0 |            0 |
| No           | Yes                   | No                     |              17 |            5 |
| Yes          | No                    | No                     |              14 |            6 |
| Yes          | No                    | Yes                    |               0 |            0 |
| Yes          | Yes                   | No                     |              44 |           13 |
+--------------+-----------------------+------------------------+-----------------+--------------+


4. Detailed Control Set Information
-----------------------------------

+----------------+--------------------------------------+--------------------------------------+------------------+----------------+--------------+
|  Clock Signal  |             Enable Signal            |           Set/Reset Signal           | Slice Load Count | Bel Load Count | Bels / Slice |
+----------------+--------------------------------------+--------------------------------------+------------------+----------------+--------------+
|  clk_IBUF_BUFG | ctrl/FSM_onehot_state[3]_i_1_n_0     | button_sync[1]/rlc_s                 |                1 |              4 |         4.00 |
|  clk_IBUF_BUFG | ctrl/E[0]                            | ctrl/SR[0]                           |                4 |              8 |         2.00 |
|  clk_IBUF_BUFG | ctrl/q_reg[0]                        |                                      |                6 |             14 |         2.33 |
|  clk_IBUF_BUFG | button_sync[1]/sel                   | button_sync[1]/counter[0]_i_1_n_0    |                4 |             16 |         4.00 |
|  clk_IBUF_BUFG | button_sync[0]/counter[0]_i_2__1_n_0 | button_sync[0]/counter[0]_i_1__0_n_0 |                4 |             16 |         4.00 |
|  clk_IBUF_BUFG |                                      | button_sync[1]/rlc_s                 |                5 |             17 |         3.40 |
|  clk_IBUF_BUFG |                                      |                                      |               13 |             20 |         1.54 |
+----------------+--------------------------------------+--------------------------------------+------------------+----------------+--------------+


