Copyright 1986-2022 Xilinx, Inc. All Rights Reserved. Copyright 2022-2026 Advanced Micro Devices, Inc. All Rights Reserved.
---------------------------------------------------------------------------------------------------------------------------------------------------------------------------------------------------------------------------------------
| Tool Version : Vivado v.2026.1 (lin64) Build 6511674 Tue Jun 16 11:01:26 MDT 2026
| Date         : Thu Sep 17 22:16:53 2026
| Host         : amogks-laptop running 64-bit Fedora Linux 42 (Workstation Edition)
| Command      : report_timing_summary -max_paths 10 -report_unconstrained -file adder_toplevel_timing_summary_routed.rpt -pb adder_toplevel_timing_summary_routed.pb -rpx adder_toplevel_timing_summary_routed.rpx -warn_on_violation
| Design       : adder_toplevel
| Device       : 7s50-csga324
| Speed File   : -1  PRODUCTION 1.23 2018-06-13
| Design State : Routed
---------------------------------------------------------------------------------------------------------------------------------------------------------------------------------------------------------------------------------------

Timing Summary Report

------------------------------------------------------------------------------------------------
| Timer Settings
| --------------
------------------------------------------------------------------------------------------------

  Enable Multi Corner Analysis               :  Yes
  Enable Pessimism Removal                   :  Yes
  Pessimism Removal Resolution               :  Nearest Common Node
  Enable Input Delay Default Clock           :  No
  Enable Preset / Clear Arcs                 :  No
  Disable Flight Delays                      :  No
  Ignore I/O Paths                           :  No
  Timing Early Launch at Borrowing Latches   :  No
  Borrow Time for Max Delay Exceptions       :  Yes
  Merge Timing Exceptions                    :  Yes
  Inter-SLR Compensation                     :  Conservative

  Corner  Analyze    Analyze    
  Name    Max Paths  Min Paths  
  ------  ---------  ---------  
  Slow    Yes        Yes        
  Fast    Yes        Yes        


------------------------------------------------------------------------------------------------
| Report Methodology
| ------------------
------------------------------------------------------------------------------------------------

Rule       Severity          Description                  Violations  
---------  ----------------  ---------------------------  ----------  
TIMING-17  Critical Warning  Non-clocked sequential cell  90          

Note: This report is based on the most recent report_methodology run and may not be up-to-date. Run report_methodology on the current design for the latest report.



check_timing report

Table of Contents
-----------------
1. checking no_clock (90)
2. checking constant_clock (0)
3. checking pulse_width_clock (0)
4. checking unconstrained_internal_endpoints (205)
5. checking no_input_delay (18)
6. checking no_output_delay (23)
7. checking multiple_clock (0)
8. checking generated_clocks (0)
9. checking loops (0)
10. checking partial_input_delay (0)
11. checking partial_output_delay (0)
12. checking latch_loops (0)

1. checking no_clock (90)
-------------------------
 There are 90 register/latch pins with no clock driven by root clock pin: clk (HIGH)


2. checking constant_clock (0)
------------------------------
 There are 0 register/latch pins with constant_clock.


3. checking pulse_width_clock (0)
---------------------------------
 There are 0 register/latch pins which need pulse_width check


4. checking unconstrained_internal_endpoints (205)
--------------------------------------------------
 There are 205 pins that are not constrained for maximum delay. (HIGH)

 There are 0 pins that are not constrained for maximum delay due to constant clock.


5. checking no_input_delay (18)
-------------------------------
 There are 18 input ports with no input delay specified. (HIGH)

 There are 0 input ports with no input delay but user has a false path constraint.


6. checking no_output_delay (23)
--------------------------------
 There are 23 ports with no output delay specified. (HIGH)

 There are 0 ports with no output delay but user has a false path constraint

 There are 0 ports with no output delay but with a timing clock defined on it or propagating through it


7. checking multiple_clock (0)
------------------------------
 There are 0 register/latch pins with multiple clocks.


8. checking generated_clocks (0)
--------------------------------
 There are 0 generated clocks that are not connected to a clock source.


9. checking loops (0)
---------------------
 There are 0 combinational loops in the design.


10. checking partial_input_delay (0)
------------------------------------
 There are 0 input ports with partial input delay specified.


11. checking partial_output_delay (0)
-------------------------------------
 There are 0 ports with partial output delay specified.


12. checking latch_loops (0)
----------------------------
 There are 0 combinational latch loops in the design through latch input



------------------------------------------------------------------------------------------------
| Design Timing Summary
| ---------------------
------------------------------------------------------------------------------------------------

    WNS(ns)      TNS(ns)  TNS Failing Endpoints  TNS Total Endpoints      WHS(ns)      THS(ns)  THS Failing Endpoints  THS Total Endpoints     WPWS(ns)     TPWS(ns)  TPWS Failing Endpoints  TPWS Total Endpoints  
    -------      -------  ---------------------  -------------------      -------      -------  ---------------------  -------------------     --------     --------  ----------------------  --------------------  
        inf        0.000                      0                  228          inf        0.000                      0                  228           NA           NA                      NA                    NA  


There are no user specified timing constraints.


------------------------------------------------------------------------------------------------
| Clock Summary
| -------------
------------------------------------------------------------------------------------------------


------------------------------------------------------------------------------------------------
| Intra Clock Table
| -----------------
------------------------------------------------------------------------------------------------

Clock             WNS(ns)      TNS(ns)  TNS Failing Endpoints  TNS Total Endpoints      WHS(ns)      THS(ns)  THS Failing Endpoints  THS Total Endpoints     WPWS(ns)     TPWS(ns)  TPWS Failing Endpoints  TPWS Total Endpoints  
-----             -------      -------  ---------------------  -------------------      -------      -------  ---------------------  -------------------     --------     --------  ----------------------  --------------------  


------------------------------------------------------------------------------------------------
| Inter Clock Table
| -----------------
------------------------------------------------------------------------------------------------

From Clock    To Clock          WNS(ns)      TNS(ns)  TNS Failing Endpoints  TNS Total Endpoints      WHS(ns)      THS(ns)  THS Failing Endpoints  THS Total Endpoints  
----------    --------          -------      -------  ---------------------  -------------------      -------      -------  ---------------------  -------------------  


------------------------------------------------------------------------------------------------
| Other Path Groups Table
| -----------------------
------------------------------------------------------------------------------------------------

Path Group    From Clock    To Clock          WNS(ns)      TNS(ns)  TNS Failing Endpoints  TNS Total Endpoints      WHS(ns)      THS(ns)  THS Failing Endpoints  THS Total Endpoints  
----------    ----------    --------          -------      -------  ---------------------  -------------------      -------      -------  ---------------------  -------------------  


------------------------------------------------------------------------------------------------
| User Ignored Path Table
| -----------------------
------------------------------------------------------------------------------------------------

Path Group    From Clock    To Clock    
----------    ----------    --------    


------------------------------------------------------------------------------------------------
| Unconstrained Path Table
| ------------------------
------------------------------------------------------------------------------------------------

Path Group    From Clock    To Clock    
----------    ----------    --------    
(none)                                    


------------------------------------------------------------------------------------------------
| Timing Details
| --------------
------------------------------------------------------------------------------------------------


--------------------------------------------------------------------------------------
Path Group:  (none)
From Clock:  
  To Clock:  

Max Delay           228 Endpoints
Min Delay           228 Endpoints
--------------------------------------------------------------------------------------


Max Delay Paths
--------------------------------------------------------------------------------------
Slack:                    inf
  Source:                 reg_unit/data_q_reg[8]/C
                            (rising edge-triggered cell FDRE)
  Destination:            hex_seg_b[5]
                            (output port)
  Path Group:             (none)
  Path Type:              Max at Slow Process Corner
  Data Path Delay:        9.088ns  (logic 3.955ns (43.522%)  route 5.133ns (56.478%))
  Logic Levels:           5  (FDRE=1 LUT4=2 LUT6=1 OBUF=1)

    Location             Delay type                Incr(ns)  Path(ns)    Netlist Resource(s)
  -------------------------------------------------------------------    -------------------
    SLICE_X63Y77         FDRE                         0.000     0.000 r  reg_unit/data_q_reg[8]/C
    SLICE_X63Y77         FDRE (Prop_fdre_C_Q)         0.456     0.456 r  reg_unit/data_q_reg[8]/Q
                         net (fo=13, routed)          1.283     1.739    reg_unit/out[8]
    SLICE_X60Y80         LUT4 (Prop_lut4_I2_O)        0.146     1.885 f  reg_unit/hex_seg_b_OBUF[5]_inst_i_5/O
                         net (fo=1, routed)           0.452     2.337    reg_unit/hex_seg_b_OBUF[5]_inst_i_5_n_0
    SLICE_X60Y80         LUT6 (Prop_lut6_I5_O)        0.328     2.665 r  reg_unit/hex_seg_b_OBUF[5]_inst_i_3/O
                         net (fo=1, routed)           0.961     3.626    reg_unit/hex_seg_b_OBUF[5]_inst_i_3_n_0
    SLICE_X62Y78         LUT4 (Prop_lut4_I3_O)        0.124     3.750 r  reg_unit/hex_seg_b_OBUF[5]_inst_i_1/O
                         net (fo=1, routed)           2.436     6.187    hex_seg_b_OBUF[5]
    H3                   OBUF (Prop_obuf_I_O)         2.901     9.088 r  hex_seg_b_OBUF[5]_inst/O
                         net (fo=0)                   0.000     9.088    hex_seg_b[5]
    H3                                                                r  hex_seg_b[5]
  -------------------------------------------------------------------    -------------------

Slack:                    inf
  Source:                 hex_a/counter_reg[16]/C
                            (rising edge-triggered cell FDRE)
  Destination:            hex_seg_a[3]
                            (output port)
  Path Group:             (none)
  Path Type:              Max at Slow Process Corner
  Data Path Delay:        8.809ns  (logic 3.674ns (41.705%)  route 5.135ns (58.295%))
  Logic Levels:           4  (FDRE=1 LUT4=1 LUT6=1 OBUF=1)

    Location             Delay type                Incr(ns)  Path(ns)    Netlist Resource(s)
  -------------------------------------------------------------------    -------------------
    SLICE_X64Y75         FDRE                         0.000     0.000 r  hex_a/counter_reg[16]/C
    SLICE_X64Y75         FDRE (Prop_fdre_C_Q)         0.518     0.518 r  hex_a/counter_reg[16]/Q
                         net (fo=33, routed)          2.429     2.947    sw_sync/p_0_in[1]
    SLICE_X64Y82         LUT6 (Prop_lut6_I4_O)        0.124     3.071 r  sw_sync/hex_seg_a_OBUF[3]_inst_i_2/O
                         net (fo=1, routed)           0.503     3.574    sw_sync/hex_seg_a_OBUF[3]_inst_i_2_n_0
    SLICE_X64Y82         LUT4 (Prop_lut4_I1_O)        0.124     3.698 r  sw_sync/hex_seg_a_OBUF[3]_inst_i_1/O
                         net (fo=1, routed)           2.203     5.901    hex_seg_a_OBUF[3]
    C5                   OBUF (Prop_obuf_I_O)         2.908     8.809 r  hex_seg_a_OBUF[3]_inst/O
                         net (fo=0)                   0.000     8.809    hex_seg_a[3]
    C5                                                                r  hex_seg_a[3]
  -------------------------------------------------------------------    -------------------

Slack:                    inf
  Source:                 button_sync[1]/q_reg/C
                            (rising edge-triggered cell FDRE)
  Destination:            hex_seg_b[2]
                            (output port)
  Path Group:             (none)
  Path Type:              Max at Slow Process Corner
  Data Path Delay:        8.665ns  (logic 3.458ns (39.915%)  route 5.206ns (60.085%))
  Logic Levels:           3  (FDRE=1 LUT4=1 OBUF=1)

    Location             Delay type                Incr(ns)  Path(ns)    Netlist Resource(s)
  -------------------------------------------------------------------    -------------------
    SLICE_X65Y60         FDRE                         0.000     0.000 r  button_sync[1]/q_reg/C
    SLICE_X65Y60         FDRE (Prop_fdre_C_Q)         0.456     0.456 r  button_sync[1]/q_reg/Q
                         net (fo=53, routed)          2.875     3.331    reg_unit/reset_s
    SLICE_X61Y79         LUT4 (Prop_lut4_I0_O)        0.124     3.455 r  reg_unit/hex_seg_b_OBUF[2]_inst_i_1/O
                         net (fo=1, routed)           2.331     5.786    hex_seg_b_OBUF[2]
    J3                   OBUF (Prop_obuf_I_O)         2.878     8.665 r  hex_seg_b_OBUF[2]_inst/O
                         net (fo=0)                   0.000     8.665    hex_seg_b[2]
    J3                                                                r  hex_seg_b[2]
  -------------------------------------------------------------------    -------------------

Slack:                    inf
  Source:                 hex_a/counter_reg[16]/C
                            (rising edge-triggered cell FDRE)
  Destination:            hex_seg_a[1]
                            (output port)
  Path Group:             (none)
  Path Type:              Max at Slow Process Corner
  Data Path Delay:        8.620ns  (logic 3.683ns (42.731%)  route 4.936ns (57.269%))
  Logic Levels:           4  (FDRE=1 LUT4=1 LUT6=1 OBUF=1)

    Location             Delay type                Incr(ns)  Path(ns)    Netlist Resource(s)
  -------------------------------------------------------------------    -------------------
    SLICE_X64Y75         FDRE                         0.000     0.000 r  hex_a/counter_reg[16]/C
    SLICE_X64Y75         FDRE (Prop_fdre_C_Q)         0.518     0.518 r  hex_a/counter_reg[16]/Q
                         net (fo=33, routed)          1.962     2.480    sw_sync/p_0_in[1]
    SLICE_X65Y78         LUT6 (Prop_lut6_I4_O)        0.124     2.604 r  sw_sync/hex_seg_a_OBUF[1]_inst_i_3/O
                         net (fo=1, routed)           1.113     3.717    sw_sync/hex_seg_a_OBUF[1]_inst_i_3_n_0
    SLICE_X65Y79         LUT4 (Prop_lut4_I3_O)        0.124     3.841 r  sw_sync/hex_seg_a_OBUF[1]_inst_i_1/O
                         net (fo=1, routed)           1.861     5.702    hex_seg_a_OBUF[1]
    B4                   OBUF (Prop_obuf_I_O)         2.917     8.620 r  hex_seg_a_OBUF[1]_inst/O
                         net (fo=0)                   0.000     8.620    hex_seg_a[1]
    B4                                                                r  hex_seg_a[1]
  -------------------------------------------------------------------    -------------------

Slack:                    inf
  Source:                 hex_a/counter_reg[16]/C
                            (rising edge-triggered cell FDRE)
  Destination:            hex_seg_a[2]
                            (output port)
  Path Group:             (none)
  Path Type:              Max at Slow Process Corner
  Data Path Delay:        8.597ns  (logic 3.675ns (42.748%)  route 4.922ns (57.252%))
  Logic Levels:           4  (FDRE=1 LUT4=1 LUT6=1 OBUF=1)

    Location             Delay type                Incr(ns)  Path(ns)    Netlist Resource(s)
  -------------------------------------------------------------------    -------------------
    SLICE_X64Y75         FDRE                         0.000     0.000 r  hex_a/counter_reg[16]/C
    SLICE_X64Y75         FDRE (Prop_fdre_C_Q)         0.518     0.518 r  hex_a/counter_reg[16]/Q
                         net (fo=33, routed)          2.337     2.855    sw_sync/p_0_in[1]
    SLICE_X65Y80         LUT6 (Prop_lut6_I4_O)        0.124     2.979 r  sw_sync/hex_seg_a_OBUF[2]_inst_i_3/O
                         net (fo=1, routed)           0.583     3.562    sw_sync/hex_seg_a_OBUF[2]_inst_i_3_n_0
    SLICE_X65Y79         LUT4 (Prop_lut4_I3_O)        0.124     3.686 r  sw_sync/hex_seg_a_OBUF[2]_inst_i_1/O
                         net (fo=1, routed)           2.002     5.688    hex_seg_a_OBUF[2]
    D5                   OBUF (Prop_obuf_I_O)         2.909     8.597 r  hex_seg_a_OBUF[2]_inst/O
                         net (fo=0)                   0.000     8.597    hex_seg_a[2]
    D5                                                                r  hex_seg_a[2]
  -------------------------------------------------------------------    -------------------

Slack:                    inf
  Source:                 button_sync[1]/q_reg/C
                            (rising edge-triggered cell FDRE)
  Destination:            hex_seg_b[3]
                            (output port)
  Path Group:             (none)
  Path Type:              Max at Slow Process Corner
  Data Path Delay:        8.596ns  (logic 3.478ns (40.457%)  route 5.118ns (59.543%))
  Logic Levels:           3  (FDRE=1 LUT4=1 OBUF=1)

    Location             Delay type                Incr(ns)  Path(ns)    Netlist Resource(s)
  -------------------------------------------------------------------    -------------------
    SLICE_X65Y60         FDRE                         0.000     0.000 r  button_sync[1]/q_reg/C
    SLICE_X65Y60         FDRE (Prop_fdre_C_Q)         0.456     0.456 r  button_sync[1]/q_reg/Q
                         net (fo=53, routed)          2.602     3.058    reg_unit/reset_s
    SLICE_X62Y77         LUT4 (Prop_lut4_I0_O)        0.124     3.182 r  reg_unit/hex_seg_b_OBUF[3]_inst_i_1/O
                         net (fo=1, routed)           2.516     5.698    hex_seg_b_OBUF[3]
    H4                   OBUF (Prop_obuf_I_O)         2.898     8.596 r  hex_seg_b_OBUF[3]_inst/O
                         net (fo=0)                   0.000     8.596    hex_seg_b[3]
    H4                                                                r  hex_seg_b[3]
  -------------------------------------------------------------------    -------------------

Slack:                    inf
  Source:                 reg_unit/data_q_reg[12]/C
                            (rising edge-triggered cell FDRE)
  Destination:            hex_seg_b[1]
                            (output port)
  Path Group:             (none)
  Path Type:              Max at Slow Process Corner
  Data Path Delay:        8.592ns  (logic 3.956ns (46.039%)  route 4.636ns (53.961%))
  Logic Levels:           5  (FDRE=1 LUT4=2 LUT6=1 OBUF=1)

    Location             Delay type                Incr(ns)  Path(ns)    Netlist Resource(s)
  -------------------------------------------------------------------    -------------------
    SLICE_X62Y78         FDRE                         0.000     0.000 r  reg_unit/data_q_reg[12]/C
    SLICE_X62Y78         FDRE (Prop_fdre_C_Q)         0.456     0.456 r  reg_unit/data_q_reg[12]/Q
                         net (fo=14, routed)          1.379     1.835    reg_unit/out[12]
    SLICE_X61Y80         LUT4 (Prop_lut4_I2_O)        0.150     1.985 f  reg_unit/hex_seg_b_OBUF[1]_inst_i_4/O
                         net (fo=1, routed)           0.299     2.284    reg_unit/hex_seg_b_OBUF[1]_inst_i_4_n_0
    SLICE_X61Y79         LUT6 (Prop_lut6_I5_O)        0.326     2.610 r  reg_unit/hex_seg_b_OBUF[1]_inst_i_2/O
                         net (fo=1, routed)           0.665     3.275    reg_unit/hex_seg_b_OBUF[1]_inst_i_2_n_0
    SLICE_X61Y79         LUT4 (Prop_lut4_I1_O)        0.124     3.399 r  reg_unit/hex_seg_b_OBUF[1]_inst_i_1/O
                         net (fo=1, routed)           2.293     5.692    hex_seg_b_OBUF[1]
    G5                   OBUF (Prop_obuf_I_O)         2.900     8.592 r  hex_seg_b_OBUF[1]_inst/O
                         net (fo=0)                   0.000     8.592    hex_seg_b[1]
    G5                                                                r  hex_seg_b[1]
  -------------------------------------------------------------------    -------------------

Slack:                    inf
  Source:                 sw_sync/data_q_reg[12]/C
                            (rising edge-triggered cell FDRE)
  Destination:            hex_seg_a[6]
                            (output port)
  Path Group:             (none)
  Path Type:              Max at Slow Process Corner
  Data Path Delay:        8.574ns  (logic 3.804ns (44.370%)  route 4.770ns (55.630%))
  Logic Levels:           5  (FDRE=1 LUT4=2 LUT6=1 OBUF=1)

    Location             Delay type                Incr(ns)  Path(ns)    Netlist Resource(s)
  -------------------------------------------------------------------    -------------------
    SLICE_X64Y82         FDRE                         0.000     0.000 r  sw_sync/data_q_reg[12]/C
    SLICE_X64Y82         FDRE (Prop_fdre_C_Q)         0.518     0.518 r  sw_sync/data_q_reg[12]/Q
                         net (fo=14, routed)          1.027     1.545    sw_sync/sw_s[12]
    SLICE_X64Y79         LUT4 (Prop_lut4_I1_O)        0.124     1.669 f  sw_sync/hex_seg_a_OBUF[6]_inst_i_4/O
                         net (fo=1, routed)           0.872     2.541    sw_sync/hex_seg_a_OBUF[6]_inst_i_4_n_0
    SLICE_X65Y79         LUT6 (Prop_lut6_I5_O)        0.124     2.665 r  sw_sync/hex_seg_a_OBUF[6]_inst_i_2/O
                         net (fo=1, routed)           1.011     3.676    sw_sync/hex_seg_a_OBUF[6]_inst_i_2_n_0
    SLICE_X65Y80         LUT4 (Prop_lut4_I1_O)        0.124     3.800 r  sw_sync/hex_seg_a_OBUF[6]_inst_i_1/O
                         net (fo=1, routed)           1.859     5.660    hex_seg_a_OBUF[6]
    C4                   OBUF (Prop_obuf_I_O)         2.914     8.574 r  hex_seg_a_OBUF[6]_inst/O
                         net (fo=0)                   0.000     8.574    hex_seg_a[6]
    C4                                                                r  hex_seg_a[6]
  -------------------------------------------------------------------    -------------------

Slack:                    inf
  Source:                 reg_unit/data_q_reg[12]/C
                            (rising edge-triggered cell FDRE)
  Destination:            hex_seg_b[0]
                            (output port)
  Path Group:             (none)
  Path Type:              Max at Slow Process Corner
  Data Path Delay:        8.526ns  (logic 3.746ns (43.943%)  route 4.779ns (56.057%))
  Logic Levels:           5  (FDRE=1 LUT4=2 LUT6=1 OBUF=1)

    Location             Delay type                Incr(ns)  Path(ns)    Netlist Resource(s)
  -------------------------------------------------------------------    -------------------
    SLICE_X62Y78         FDRE                         0.000     0.000 r  reg_unit/data_q_reg[12]/C
    SLICE_X62Y78         FDRE (Prop_fdre_C_Q)         0.456     0.456 r  reg_unit/data_q_reg[12]/Q
                         net (fo=14, routed)          1.379     1.835    reg_unit/out[12]
    SLICE_X61Y80         LUT4 (Prop_lut4_I3_O)        0.124     1.959 f  reg_unit/hex_seg_b_OBUF[0]_inst_i_4/O
                         net (fo=1, routed)           0.785     2.745    reg_unit/hex_seg_b_OBUF[0]_inst_i_4_n_0
    SLICE_X63Y78         LUT6 (Prop_lut6_I5_O)        0.124     2.869 r  reg_unit/hex_seg_b_OBUF[0]_inst_i_2/O
                         net (fo=1, routed)           0.574     3.443    reg_unit/hex_seg_b_OBUF[0]_inst_i_2_n_0
    SLICE_X63Y77         LUT4 (Prop_lut4_I1_O)        0.124     3.567 r  reg_unit/hex_seg_b_OBUF[0]_inst_i_1/O
                         net (fo=1, routed)           2.040     5.607    hex_seg_b_OBUF[0]
    F3                   OBUF (Prop_obuf_I_O)         2.918     8.526 r  hex_seg_b_OBUF[0]_inst/O
                         net (fo=0)                   0.000     8.526    hex_seg_b[0]
    F3                                                                r  hex_seg_b[0]
  -------------------------------------------------------------------    -------------------

Slack:                    inf
  Source:                 sw_sync/data_q_reg[15]/C
                            (rising edge-triggered cell FDRE)
  Destination:            hex_seg_a[4]
                            (output port)
  Path Group:             (none)
  Path Type:              Max at Slow Process Corner
  Data Path Delay:        8.519ns  (logic 4.032ns (47.324%)  route 4.488ns (52.676%))
  Logic Levels:           5  (FDRE=1 LUT4=2 LUT6=1 OBUF=1)

    Location             Delay type                Incr(ns)  Path(ns)    Netlist Resource(s)
  -------------------------------------------------------------------    -------------------
    SLICE_X64Y82         FDRE                         0.000     0.000 r  sw_sync/data_q_reg[15]/C
    SLICE_X64Y82         FDRE (Prop_fdre_C_Q)         0.518     0.518 f  sw_sync/data_q_reg[15]/Q
                         net (fo=11, routed)          1.264     1.782    sw_sync/sw_s[15]
    SLICE_X64Y78         LUT4 (Prop_lut4_I0_O)        0.146     1.928 f  sw_sync/hex_seg_a_OBUF[4]_inst_i_4/O
                         net (fo=1, routed)           0.452     2.381    sw_sync/hex_seg_a_OBUF[4]_inst_i_4_n_0
    SLICE_X64Y78         LUT6 (Prop_lut6_I5_O)        0.328     2.709 r  sw_sync/hex_seg_a_OBUF[4]_inst_i_2/O
                         net (fo=1, routed)           0.656     3.365    sw_sync/hex_seg_a_OBUF[4]_inst_i_2_n_0
    SLICE_X65Y78         LUT4 (Prop_lut4_I1_O)        0.124     3.489 r  sw_sync/hex_seg_a_OBUF[4]_inst_i_1/O
                         net (fo=1, routed)           2.115     5.604    hex_seg_a_OBUF[4]
    D7                   OBUF (Prop_obuf_I_O)         2.916     8.519 r  hex_seg_a_OBUF[4]_inst/O
                         net (fo=0)                   0.000     8.519    hex_seg_a[4]
    D7                                                                r  hex_seg_a[4]
  -------------------------------------------------------------------    -------------------





Min Delay Paths
--------------------------------------------------------------------------------------
Slack:                    inf
  Source:                 button_sync[0]/ff2_reg/C
                            (rising edge-triggered cell FDRE)
  Destination:            button_sync[0]/q_reg/D
  Path Group:             (none)
  Path Type:              Min at Fast Process Corner
  Data Path Delay:        0.296ns  (logic 0.227ns (76.736%)  route 0.069ns (23.264%))
  Logic Levels:           2  (FDRE=1 LUT4=1)

    Location             Delay type                Incr(ns)  Path(ns)    Netlist Resource(s)
  -------------------------------------------------------------------    -------------------
    SLICE_X65Y72         FDRE                         0.000     0.000 r  button_sync[0]/ff2_reg/C
    SLICE_X65Y72         FDRE (Prop_fdre_C_Q)         0.128     0.128 r  button_sync[0]/ff2_reg/Q
                         net (fo=2, routed)           0.069     0.197    button_sync[0]/ff2
    SLICE_X65Y72         LUT4 (Prop_lut4_I2_O)        0.099     0.296 r  button_sync[0]/q_i_1/O
                         net (fo=1, routed)           0.000     0.296    button_sync[0]/q_i_1_n_0
    SLICE_X65Y72         FDRE                                         r  button_sync[0]/q_reg/D
  -------------------------------------------------------------------    -------------------

Slack:                    inf
  Source:                 button_sync[0]/counter_reg[11]/C
                            (rising edge-triggered cell FDRE)
  Destination:            button_sync[0]/counter_reg[11]/D
  Path Group:             (none)
  Path Type:              Min at Fast Process Corner
  Data Path Delay:        0.357ns  (logic 0.249ns (69.714%)  route 0.108ns (30.286%))
  Logic Levels:           2  (CARRY4=1 FDRE=1)

    Location             Delay type                Incr(ns)  Path(ns)    Netlist Resource(s)
  -------------------------------------------------------------------    -------------------
    SLICE_X65Y70         FDRE                         0.000     0.000 r  button_sync[0]/counter_reg[11]/C
    SLICE_X65Y70         FDRE (Prop_fdre_C_Q)         0.141     0.141 r  button_sync[0]/counter_reg[11]/Q
                         net (fo=1, routed)           0.108     0.249    button_sync[0]/counter_reg_n_0_[11]
    SLICE_X65Y70         CARRY4 (Prop_carry4_S[3]_O[3])
                                                      0.108     0.357 r  button_sync[0]/counter_reg[8]_i_1__1/O[3]
                         net (fo=1, routed)           0.000     0.357    button_sync[0]/counter_reg[8]_i_1__1_n_4
    SLICE_X65Y70         FDRE                                         r  button_sync[0]/counter_reg[11]/D
  -------------------------------------------------------------------    -------------------

Slack:                    inf
  Source:                 button_sync[0]/counter_reg[3]/C
                            (rising edge-triggered cell FDRE)
  Destination:            button_sync[0]/counter_reg[3]/D
  Path Group:             (none)
  Path Type:              Min at Fast Process Corner
  Data Path Delay:        0.357ns  (logic 0.249ns (69.714%)  route 0.108ns (30.286%))
  Logic Levels:           2  (CARRY4=1 FDRE=1)

    Location             Delay type                Incr(ns)  Path(ns)    Netlist Resource(s)
  -------------------------------------------------------------------    -------------------
    SLICE_X65Y68         FDRE                         0.000     0.000 r  button_sync[0]/counter_reg[3]/C
    SLICE_X65Y68         FDRE (Prop_fdre_C_Q)         0.141     0.141 r  button_sync[0]/counter_reg[3]/Q
                         net (fo=1, routed)           0.108     0.249    button_sync[0]/counter_reg_n_0_[3]
    SLICE_X65Y68         CARRY4 (Prop_carry4_S[3]_O[3])
                                                      0.108     0.357 r  button_sync[0]/counter_reg[0]_i_3__0/O[3]
                         net (fo=1, routed)           0.000     0.357    button_sync[0]/counter_reg[0]_i_3__0_n_4
    SLICE_X65Y68         FDRE                                         r  button_sync[0]/counter_reg[3]/D
  -------------------------------------------------------------------    -------------------

Slack:                    inf
  Source:                 button_sync[0]/counter_reg[7]/C
                            (rising edge-triggered cell FDRE)
  Destination:            button_sync[0]/counter_reg[7]/D
  Path Group:             (none)
  Path Type:              Min at Fast Process Corner
  Data Path Delay:        0.357ns  (logic 0.249ns (69.714%)  route 0.108ns (30.286%))
  Logic Levels:           2  (CARRY4=1 FDRE=1)

    Location             Delay type                Incr(ns)  Path(ns)    Netlist Resource(s)
  -------------------------------------------------------------------    -------------------
    SLICE_X65Y69         FDRE                         0.000     0.000 r  button_sync[0]/counter_reg[7]/C
    SLICE_X65Y69         FDRE (Prop_fdre_C_Q)         0.141     0.141 r  button_sync[0]/counter_reg[7]/Q
                         net (fo=1, routed)           0.108     0.249    button_sync[0]/counter_reg_n_0_[7]
    SLICE_X65Y69         CARRY4 (Prop_carry4_S[3]_O[3])
                                                      0.108     0.357 r  button_sync[0]/counter_reg[4]_i_1__1/O[3]
                         net (fo=1, routed)           0.000     0.357    button_sync[0]/counter_reg[4]_i_1__1_n_4
    SLICE_X65Y69         FDRE                                         r  button_sync[0]/counter_reg[7]/D
  -------------------------------------------------------------------    -------------------

Slack:                    inf
  Source:                 button_sync[0]/counter_reg[12]/C
                            (rising edge-triggered cell FDRE)
  Destination:            button_sync[0]/counter_reg[12]/D
  Path Group:             (none)
  Path Type:              Min at Fast Process Corner
  Data Path Delay:        0.361ns  (logic 0.256ns (70.880%)  route 0.105ns (29.120%))
  Logic Levels:           2  (CARRY4=1 FDRE=1)

    Location             Delay type                Incr(ns)  Path(ns)    Netlist Resource(s)
  -------------------------------------------------------------------    -------------------
    SLICE_X65Y71         FDRE                         0.000     0.000 r  button_sync[0]/counter_reg[12]/C
    SLICE_X65Y71         FDRE (Prop_fdre_C_Q)         0.141     0.141 r  button_sync[0]/counter_reg[12]/Q
                         net (fo=1, routed)           0.105     0.246    button_sync[0]/counter_reg_n_0_[12]
    SLICE_X65Y71         CARRY4 (Prop_carry4_S[0]_O[0])
                                                      0.115     0.361 r  button_sync[0]/counter_reg[12]_i_1__1/O[0]
                         net (fo=1, routed)           0.000     0.361    button_sync[0]/counter_reg[12]_i_1__1_n_7
    SLICE_X65Y71         FDRE                                         r  button_sync[0]/counter_reg[12]/D
  -------------------------------------------------------------------    -------------------

Slack:                    inf
  Source:                 button_sync[0]/counter_reg[4]/C
                            (rising edge-triggered cell FDRE)
  Destination:            button_sync[0]/counter_reg[4]/D
  Path Group:             (none)
  Path Type:              Min at Fast Process Corner
  Data Path Delay:        0.361ns  (logic 0.256ns (70.880%)  route 0.105ns (29.120%))
  Logic Levels:           2  (CARRY4=1 FDRE=1)

    Location             Delay type                Incr(ns)  Path(ns)    Netlist Resource(s)
  -------------------------------------------------------------------    -------------------
    SLICE_X65Y69         FDRE                         0.000     0.000 r  button_sync[0]/counter_reg[4]/C
    SLICE_X65Y69         FDRE (Prop_fdre_C_Q)         0.141     0.141 r  button_sync[0]/counter_reg[4]/Q
                         net (fo=1, routed)           0.105     0.246    button_sync[0]/counter_reg_n_0_[4]
    SLICE_X65Y69         CARRY4 (Prop_carry4_S[0]_O[0])
                                                      0.115     0.361 r  button_sync[0]/counter_reg[4]_i_1__1/O[0]
                         net (fo=1, routed)           0.000     0.361    button_sync[0]/counter_reg[4]_i_1__1_n_7
    SLICE_X65Y69         FDRE                                         r  button_sync[0]/counter_reg[4]/D
  -------------------------------------------------------------------    -------------------

Slack:                    inf
  Source:                 button_sync[0]/counter_reg[8]/C
                            (rising edge-triggered cell FDRE)
  Destination:            button_sync[0]/counter_reg[8]/D
  Path Group:             (none)
  Path Type:              Min at Fast Process Corner
  Data Path Delay:        0.361ns  (logic 0.256ns (70.880%)  route 0.105ns (29.120%))
  Logic Levels:           2  (CARRY4=1 FDRE=1)

    Location             Delay type                Incr(ns)  Path(ns)    Netlist Resource(s)
  -------------------------------------------------------------------    -------------------
    SLICE_X65Y70         FDRE                         0.000     0.000 r  button_sync[0]/counter_reg[8]/C
    SLICE_X65Y70         FDRE (Prop_fdre_C_Q)         0.141     0.141 r  button_sync[0]/counter_reg[8]/Q
                         net (fo=1, routed)           0.105     0.246    button_sync[0]/counter_reg_n_0_[8]
    SLICE_X65Y70         CARRY4 (Prop_carry4_S[0]_O[0])
                                                      0.115     0.361 r  button_sync[0]/counter_reg[8]_i_1__1/O[0]
                         net (fo=1, routed)           0.000     0.361    button_sync[0]/counter_reg[8]_i_1__1_n_7
    SLICE_X65Y70         FDRE                                         r  button_sync[0]/counter_reg[8]/D
  -------------------------------------------------------------------    -------------------

Slack:                    inf
  Source:                 button_sync[0]/counter_reg[10]/C
                            (rising edge-triggered cell FDRE)
  Destination:            button_sync[0]/counter_reg[10]/D
  Path Group:             (none)
  Path Type:              Min at Fast Process Corner
  Data Path Delay:        0.361ns  (logic 0.252ns (69.733%)  route 0.109ns (30.267%))
  Logic Levels:           2  (CARRY4=1 FDRE=1)

    Location             Delay type                Incr(ns)  Path(ns)    Netlist Resource(s)
  -------------------------------------------------------------------    -------------------
    SLICE_X65Y70         FDRE                         0.000     0.000 r  button_sync[0]/counter_reg[10]/C
    SLICE_X65Y70         FDRE (Prop_fdre_C_Q)         0.141     0.141 r  button_sync[0]/counter_reg[10]/Q
                         net (fo=1, routed)           0.109     0.250    button_sync[0]/counter_reg_n_0_[10]
    SLICE_X65Y70         CARRY4 (Prop_carry4_S[2]_O[2])
                                                      0.111     0.361 r  button_sync[0]/counter_reg[8]_i_1__1/O[2]
                         net (fo=1, routed)           0.000     0.361    button_sync[0]/counter_reg[8]_i_1__1_n_5
    SLICE_X65Y70         FDRE                                         r  button_sync[0]/counter_reg[10]/D
  -------------------------------------------------------------------    -------------------

Slack:                    inf
  Source:                 button_sync[0]/counter_reg[14]/C
                            (rising edge-triggered cell FDRE)
  Destination:            button_sync[0]/counter_reg[14]/D
  Path Group:             (none)
  Path Type:              Min at Fast Process Corner
  Data Path Delay:        0.361ns  (logic 0.252ns (69.733%)  route 0.109ns (30.267%))
  Logic Levels:           2  (CARRY4=1 FDRE=1)

    Location             Delay type                Incr(ns)  Path(ns)    Netlist Resource(s)
  -------------------------------------------------------------------    -------------------
    SLICE_X65Y71         FDRE                         0.000     0.000 r  button_sync[0]/counter_reg[14]/C
    SLICE_X65Y71         FDRE (Prop_fdre_C_Q)         0.141     0.141 r  button_sync[0]/counter_reg[14]/Q
                         net (fo=1, routed)           0.109     0.250    button_sync[0]/counter_reg_n_0_[14]
    SLICE_X65Y71         CARRY4 (Prop_carry4_S[2]_O[2])
                                                      0.111     0.361 r  button_sync[0]/counter_reg[12]_i_1__1/O[2]
                         net (fo=1, routed)           0.000     0.361    button_sync[0]/counter_reg[12]_i_1__1_n_5
    SLICE_X65Y71         FDRE                                         r  button_sync[0]/counter_reg[14]/D
  -------------------------------------------------------------------    -------------------

Slack:                    inf
  Source:                 button_sync[0]/counter_reg[2]/C
                            (rising edge-triggered cell FDRE)
  Destination:            button_sync[0]/counter_reg[2]/D
  Path Group:             (none)
  Path Type:              Min at Fast Process Corner
  Data Path Delay:        0.361ns  (logic 0.252ns (69.733%)  route 0.109ns (30.267%))
  Logic Levels:           2  (CARRY4=1 FDRE=1)

    Location             Delay type                Incr(ns)  Path(ns)    Netlist Resource(s)
  -------------------------------------------------------------------    -------------------
    SLICE_X65Y68         FDRE                         0.000     0.000 r  button_sync[0]/counter_reg[2]/C
    SLICE_X65Y68         FDRE (Prop_fdre_C_Q)         0.141     0.141 r  button_sync[0]/counter_reg[2]/Q
                         net (fo=1, routed)           0.109     0.250    button_sync[0]/counter_reg_n_0_[2]
    SLICE_X65Y68         CARRY4 (Prop_carry4_S[2]_O[2])
                                                      0.111     0.361 r  button_sync[0]/counter_reg[0]_i_3__0/O[2]
                         net (fo=1, routed)           0.000     0.361    button_sync[0]/counter_reg[0]_i_3__0_n_5
    SLICE_X65Y68         FDRE                                         r  button_sync[0]/counter_reg[2]/D
  -------------------------------------------------------------------    -------------------





