Copyright 1986-2022 Xilinx, Inc. All Rights Reserved. Copyright 2022-2026 Advanced Micro Devices, Inc. All Rights Reserved.
---------------------------------------------------------------------------------------------------------------------------------------------------------------------------
| Tool Version : Vivado v.2026.1 (lin64) Build 6511674 Tue Jun 16 11:01:26 MDT 2026
| Date         : Thu Sep 17 22:16:53 2026
| Host         : amogks-laptop running 64-bit Fedora Linux 42 (Workstation Edition)
| Command      : report_bus_skew -warn_on_violation -file adder_toplevel_bus_skew_routed.rpt -pb adder_toplevel_bus_skew_routed.pb -rpx adder_toplevel_bus_skew_routed.rpx
| Design       : adder_toplevel
| Device       : 7s50-csga324
| Speed File   : -1  PRODUCTION 1.23 2018-06-13
| Design State : Routed
---------------------------------------------------------------------------------------------------------------------------------------------------------------------------

Bus Skew Report

No bus skew constraints

