
*** Running vivado
    with args -log adder_toplevel.vdi -applog -m64 -product Vivado -messageDb vivado.pb -mode batch -source adder_toplevel.tcl -notrace

INFO: [Common 17-3922] A valid Vivado Design Suite ENTERPRISE license has been detected. Your current license is active and will expire on 31-oct-2026.
#-----------------------------------------------------------
# Vivado v2026.1 (64-bit)
# SW Build 6511674 on Tue Jun 16 11:01:26 MDT 2026
# IP Build 6504888 on Tue Jun 09 09:05:25 MDT 2026
# SharedData Build 6501428 on Mon Jun 08 17:34:18 MDT 2026
# Start of session at: Thu Sep 17 22:16:19 2026
# Process ID         : 400895
# Current directory  : /home/amogk/Vivado/ECE-385-LABS/lab3/Lab 3 vivado/Lab 3 vivado.runs/impl_1
# Command line       : vivado -log adder_toplevel.vdi -applog -product Vivado -messageDb vivado.pb -mode batch -source adder_toplevel.tcl -notrace
# Log file           : /home/amogk/Vivado/ECE-385-LABS/lab3/Lab 3 vivado/Lab 3 vivado.runs/impl_1/adder_toplevel.vdi
# Journal file       : /home/amogk/Vivado/ECE-385-LABS/lab3/Lab 3 vivado/Lab 3 vivado.runs/impl_1/vivado.jou
# Running On         : amogks-laptop
# Platform           : Fedora
# Operating System   : Fedora Linux 42 (Workstation Edition)
# Processor Detail   : AMD Ryzen 9 6900HS with Radeon Graphics
# CPU Frequency      : 2694.407 MHz
# CPU Physical cores : 8
# CPU Logical cores  : 16
# Host memory        : 15934 MB
# Swap memory        : 8589 MB
# Total Virtual      : 24523 MB
# Available Virtual  : 8058 MB
#-----------------------------------------------------------

****** Vivado v2026.1 (64-bit)
  **** SW Build 6511674 on Tue Jun 16 11:01:26 MDT 2026
  **** IP Build 6504888 on Tue Jun 09 09:05:25 MDT 2026
  **** SharedData Build 6501428 on Mon Jun 08 17:34:18 MDT 2026
  **** Start of session at: Thu Sep 17 22:16:19 2026
    ** Copyright 1986-2022 Xilinx, Inc. All Rights Reserved.
    ** Copyright 2022-2026 Advanced Micro Devices, Inc. All Rights Reserved.

source adder_toplevel.tcl -notrace
Command: link_design -top adder_toplevel -part xc7s50csga324-1
Design is defaulting to srcset: sources_1
Design is defaulting to constrset: constrs_1
INFO: [Device 21-403] Loading part xc7s50csga324-1
Netlist sorting complete. Time (s): cpu = 00:00:00 ; elapsed = 00:00:00 . Memory (MB): peak = 2074.656 ; gain = 0.000 ; free physical = 1350 ; free virtual = 7101
INFO: [Netlist 29-17] Analyzing 13 Unisim elements for replacement
INFO: [Netlist 29-28] Unisim Transformation completed in 0 CPU seconds
INFO: [Project 1-479] Netlist was created with Vivado 2026.1
INFO: [Project 1-570] Preparing netlist for logic optimization
Parsing XDC File [/home/amogk/Vivado/ECE-385-LABS/lab3/Lab 3 vivado/Lab 3 vivado.srcs/constrs_1/new/lab2_constraints.xdc]
Finished Parsing XDC File [/home/amogk/Vivado/ECE-385-LABS/lab3/Lab 3 vivado/Lab 3 vivado.srcs/constrs_1/new/lab2_constraints.xdc]
INFO: [Opt 31-138] Pushed 0 inverter(s) to 0 load pin(s).
Netlist sorting complete. Time (s): cpu = 00:00:00 ; elapsed = 00:00:00 . Memory (MB): peak = 2261.324 ; gain = 0.000 ; free physical = 1229 ; free virtual = 6980
INFO: [Project 1-111] Unisim Transformation Summary:
No Unisim elements were transformed.

lscpu: bad usage
Try 'lscpu --help' for more information.
7 Infos, 0 Warnings, 0 Critical Warnings and 0 Errors encountered.
link_design completed successfully
Command: opt_design
Attempting to get a license for feature 'Implementation' and/or device 'xc7s50'
INFO: [Common 17-349] Got license for feature 'Implementation' and/or device 'xc7s50'
Running DRC as a precondition to command opt_design

Starting DRC Task
INFO: [DRC 23-27] Running DRC with 8 threads
INFO: [Project 1-461] DRC finished with 0 Errors
INFO: [Project 1-462] Please refer to the DRC report (report_drc) for more information.

Time (s): cpu = 00:00:02 ; elapsed = 00:00:00.47 . Memory (MB): peak = 2346.465 ; gain = 81.137 ; free physical = 1172 ; free virtual = 6923

Starting Cache Timing Information Task
INFO: [Timing 38-35] Done setting XDC timing constraints.
Ending Cache Timing Information Task | Checksum: 1c84b378a

Time (s): cpu = 00:00:04 ; elapsed = 00:00:05 . Memory (MB): peak = 2709.652 ; gain = 363.188 ; free physical = 849 ; free virtual = 6600

Starting Logic Optimization Task

Phase 1 Initialization

Phase 1.1 Core Generation And Design Setup
Phase 1.1 Core Generation And Design Setup | Checksum: 1c84b378a

Time (s): cpu = 00:00:00.01 ; elapsed = 00:00:00.01 . Memory (MB): peak = 3130.449 ; gain = 0.000 ; free physical = 432 ; free virtual = 6183

Phase 1.2 Setup Constraints And Sort Netlist
Phase 1.2 Setup Constraints And Sort Netlist | Checksum: 1c84b378a

Time (s): cpu = 00:00:00.01 ; elapsed = 00:00:00.01 . Memory (MB): peak = 3130.449 ; gain = 0.000 ; free physical = 432 ; free virtual = 6183
Phase 1 Initialization | Checksum: 1c84b378a

Time (s): cpu = 00:00:00.01 ; elapsed = 00:00:00.01 . Memory (MB): peak = 3130.449 ; gain = 0.000 ; free physical = 432 ; free virtual = 6183

Phase 2 Timer Update And Timing Data Collection

Phase 2.1 Detect if minReqCache needed
Phase 2.1 Detect if minReqCache needed | Checksum: 1c84b378a

Time (s): cpu = 00:00:00.01 ; elapsed = 00:00:00.01 . Memory (MB): peak = 3130.449 ; gain = 0.000 ; free physical = 432 ; free virtual = 6183

Phase 2.2 Timer Update
Phase 2.2 Timer Update | Checksum: 1c84b378a

Time (s): cpu = 00:00:00.02 ; elapsed = 00:00:00.02 . Memory (MB): peak = 3130.449 ; gain = 0.000 ; free physical = 432 ; free virtual = 6183

Phase 2.3 Timing Data Collection
Phase 2.3 Timing Data Collection | Checksum: 1c84b378a

Time (s): cpu = 00:00:00.02 ; elapsed = 00:00:00.02 . Memory (MB): peak = 3130.449 ; gain = 0.000 ; free physical = 432 ; free virtual = 6183
Phase 2 Timer Update And Timing Data Collection | Checksum: 1c84b378a

Time (s): cpu = 00:00:00.03 ; elapsed = 00:00:00.02 . Memory (MB): peak = 3130.449 ; gain = 0.000 ; free physical = 432 ; free virtual = 6183

Phase 3 Retarget
INFO: [Opt 31-1851] Number of loadless carry chains removed were: 0
INFO: [Opt 31-1834] Total Chains To Be Transformed Were: 0 AND Number of Transformed insts Created are: 0
INFO: [Opt 31-138] Pushed 0 inverter(s) to 0 load pin(s).
INFO: [Opt 31-49] Retargeted 0 cell(s).
Phase 3 Retarget | Checksum: 1c84b378a

Time (s): cpu = 00:00:00.03 ; elapsed = 00:00:00.04 . Memory (MB): peak = 3130.449 ; gain = 0.000 ; free physical = 432 ; free virtual = 6183
Retarget | Checksum: 1c84b378a
INFO: [Opt 31-389] Phase Retarget created 0 cells and removed 0 cells

Phase 4 Constant propagation
INFO: [Opt 31-138] Pushed 0 inverter(s) to 0 load pin(s).
Phase 4 Constant propagation | Checksum: 1c84b378a

Time (s): cpu = 00:00:00.04 ; elapsed = 00:00:00.04 . Memory (MB): peak = 3130.449 ; gain = 0.000 ; free physical = 432 ; free virtual = 6183
Constant propagation | Checksum: 1c84b378a
INFO: [Opt 31-389] Phase Constant propagation created 0 cells and removed 0 cells

Phase 5 Sweep
INFO: [Constraints 18-11670] Building netlist checker database with flags, 0x8
Done building netlist checker database: Time (s): cpu = 00:00:00 ; elapsed = 00:00:00 . Memory (MB): peak = 3130.449 ; gain = 0.000 ; free physical = 432 ; free virtual = 6183
Phase 5 Sweep | Checksum: 1fe5b4850

Time (s): cpu = 00:00:00.04 ; elapsed = 00:00:00.04 . Memory (MB): peak = 3130.449 ; gain = 0.000 ; free physical = 432 ; free virtual = 6183
Sweep | Checksum: 1fe5b4850
INFO: [Opt 31-389] Phase Sweep created 0 cells and removed 0 cells

Phase 6 BUFG optimization
Phase 6 BUFG optimization | Checksum: 1fe5b4850

Time (s): cpu = 00:00:00.05 ; elapsed = 00:00:00.05 . Memory (MB): peak = 3162.465 ; gain = 32.016 ; free physical = 432 ; free virtual = 6183
BUFG optimization | Checksum: 1fe5b4850
INFO: [Opt 31-662] Phase BUFG optimization created 0 cells of which 0 are BUFGs and removed 0 cells.

Phase 7 Shift Register Optimization
INFO: [Opt 31-1064] SRL Remap converted 0 SRLs to 0 registers and converted 0 registers of register chains to 0 SRLs
Phase 7 Shift Register Optimization | Checksum: 1fe5b4850

Time (s): cpu = 00:00:00.06 ; elapsed = 00:00:00.05 . Memory (MB): peak = 3162.465 ; gain = 32.016 ; free physical = 432 ; free virtual = 6183
Shift Register Optimization | Checksum: 1fe5b4850
INFO: [Opt 31-389] Phase Shift Register Optimization created 0 cells and removed 0 cells

Phase 8 Post Processing Netlist
Phase 8 Post Processing Netlist | Checksum: 1fe5b4850

Time (s): cpu = 00:00:00.06 ; elapsed = 00:00:00.05 . Memory (MB): peak = 3162.465 ; gain = 32.016 ; free physical = 432 ; free virtual = 6183
Post Processing Netlist | Checksum: 1fe5b4850
INFO: [Opt 31-389] Phase Post Processing Netlist created 0 cells and removed 0 cells

Phase 9 Finalization

Phase 9.1 Finalizing Design Cores and Updating Shapes
Phase 9.1 Finalizing Design Cores and Updating Shapes | Checksum: 2b28848d7

Time (s): cpu = 00:00:00.07 ; elapsed = 00:00:00.06 . Memory (MB): peak = 3162.465 ; gain = 32.016 ; free physical = 432 ; free virtual = 6183

Phase 9.2 Verifying Netlist Connectivity

Starting Connectivity Check Task

Time (s): cpu = 00:00:00 ; elapsed = 00:00:00.01 . Memory (MB): peak = 3162.465 ; gain = 0.000 ; free physical = 432 ; free virtual = 6183
Phase 9.2 Verifying Netlist Connectivity | Checksum: 2b28848d7

Time (s): cpu = 00:00:00.07 ; elapsed = 00:00:00.07 . Memory (MB): peak = 3162.465 ; gain = 32.016 ; free physical = 432 ; free virtual = 6183
Phase 9 Finalization | Checksum: 2b28848d7

Time (s): cpu = 00:00:00.07 ; elapsed = 00:00:00.07 . Memory (MB): peak = 3162.465 ; gain = 32.016 ; free physical = 432 ; free virtual = 6183
Opt_design Change Summary
=========================


-------------------------------------------------------------------------------------------------------------------------
|  Phase                        |  #Cells created  |  #Cells Removed  |  #Constrained objects preventing optimizations  |
-------------------------------------------------------------------------------------------------------------------------
|  Retarget                     |               0  |               0  |                                              0  |
|  Constant propagation         |               0  |               0  |                                              0  |
|  Sweep                        |               0  |               0  |                                              0  |
|  BUFG optimization            |               0  |               0  |                                              0  |
|  Shift Register Optimization  |               0  |               0  |                                              0  |
|  Post Processing Netlist      |               0  |               0  |                                              0  |
-------------------------------------------------------------------------------------------------------------------------


Ending Logic Optimization Task | Checksum: 2b28848d7

Time (s): cpu = 00:00:00.07 ; elapsed = 00:00:00.07 . Memory (MB): peak = 3162.465 ; gain = 32.016 ; free physical = 432 ; free virtual = 6183

Starting Power Optimization Task
INFO: [Pwropt 34-132] Skipping clock gating for clocks with a period < 2.00 ns.
Ending Power Optimization Task | Checksum: 2b28848d7

Time (s): cpu = 00:00:00 ; elapsed = 00:00:00 . Memory (MB): peak = 3162.465 ; gain = 0.000 ; free physical = 432 ; free virtual = 6183

Starting Final Cleanup Task
Ending Final Cleanup Task | Checksum: 2b28848d7

Time (s): cpu = 00:00:00 ; elapsed = 00:00:00 . Memory (MB): peak = 3162.465 ; gain = 0.000 ; free physical = 432 ; free virtual = 6183
Netlist sorting complete. Time (s): cpu = 00:00:00 ; elapsed = 00:00:00 . Memory (MB): peak = 3162.465 ; gain = 0.000 ; free physical = 432 ; free virtual = 6183
INFO: [Common 17-83] Releasing license: Implementation
27 Infos, 0 Warnings, 0 Critical Warnings and 0 Errors encountered.
opt_design completed successfully
opt_design: Time (s): cpu = 00:00:09 ; elapsed = 00:00:08 . Memory (MB): peak = 3162.465 ; gain = 897.137 ; free physical = 432 ; free virtual = 6183
INFO: [Vivado 12-24828] Executing command : report_drc -file adder_toplevel_drc_opted.rpt -pb adder_toplevel_drc_opted.pb -rpx adder_toplevel_drc_opted.rpx
Command: report_drc -file adder_toplevel_drc_opted.rpt -pb adder_toplevel_drc_opted.pb -rpx adder_toplevel_drc_opted.rpx
INFO: [IP_Flow 19-234] Refreshing IP repositories
INFO: [IP_Flow 19-1704] No user IP repositories specified
INFO: [IP_Flow 19-2313] Loaded Vivado IP repository '/home/amogk/vivado_install/2026.1/data/ip'.
INFO: [DRC 23-27] Running DRC with 8 threads
INFO: [Vivado_Tcl 2-168] The results of DRC are in file /home/amogk/Vivado/ECE-385-LABS/lab3/Lab 3 vivado/Lab 3 vivado.runs/impl_1/adder_toplevel_drc_opted.rpt.
report_drc completed successfully
INFO: [Timing 38-480] Writing timing data to binary archive.
Wrote PlaceDB: Time (s): cpu = 00:00:00 ; elapsed = 00:00:00 . Memory (MB): peak = 3162.465 ; gain = 0.000 ; free physical = 431 ; free virtual = 6183
Wrote PulsedLatchDB: Time (s): cpu = 00:00:00 ; elapsed = 00:00:00 . Memory (MB): peak = 3162.465 ; gain = 0.000 ; free physical = 431 ; free virtual = 6183
Write ShapeDB Complete: Time (s): cpu = 00:00:00 ; elapsed = 00:00:00 . Memory (MB): peak = 3162.465 ; gain = 0.000 ; free physical = 431 ; free virtual = 6183
Writing XDEF routing.
Writing XDEF routing logical nets.
Writing XDEF routing special nets.
Wrote RouteStorage: Time (s): cpu = 00:00:00.03 ; elapsed = 00:00:00.01 . Memory (MB): peak = 3162.465 ; gain = 0.000 ; free physical = 431 ; free virtual = 6183
Wrote PlaceStorage: Time (s): cpu = 00:00:00 ; elapsed = 00:00:00 . Memory (MB): peak = 3162.465 ; gain = 0.000 ; free physical = 431 ; free virtual = 6183
Wrote Netlist Cache: Time (s): cpu = 00:00:00 ; elapsed = 00:00:00 . Memory (MB): peak = 3162.465 ; gain = 0.000 ; free physical = 431 ; free virtual = 6183
Wrote Device Cache: Time (s): cpu = 00:00:00.01 ; elapsed = 00:00:00.01 . Memory (MB): peak = 3162.465 ; gain = 0.000 ; free physical = 430 ; free virtual = 6182
Write Physdb Complete: Time (s): cpu = 00:00:00.06 ; elapsed = 00:00:00.02 . Memory (MB): peak = 3162.465 ; gain = 0.000 ; free physical = 430 ; free virtual = 6182
INFO: [Common 17-1381] The checkpoint '/home/amogk/Vivado/ECE-385-LABS/lab3/Lab 3 vivado/Lab 3 vivado.runs/impl_1/adder_toplevel_opt.dcp' has been generated.
Command: place_design
Attempting to get a license for feature 'Implementation' and/or device 'xc7s50'
INFO: [Common 17-349] Got license for feature 'Implementation' and/or device 'xc7s50'
INFO: [Common 17-83] Releasing license: Implementation
INFO: [Timing 38-35] Done setting XDC timing constraints.
Running DRC as a precondition to command place_design
INFO: [DRC 23-27] Running DRC with 8 threads
INFO: [Vivado_Tcl 4-198] DRC finished with 0 Errors
INFO: [Vivado_Tcl 4-199] Please refer to the DRC report (report_drc) for more information.
INFO: [Place 30-611] Multithreading enabled for place_design using a maximum of 8 CPUs

Starting Placer Task

Phase 1 Placer Initialization

Phase 1.1 Placer Initialization Netlist Sorting
Netlist sorting complete. Time (s): cpu = 00:00:00 ; elapsed = 00:00:00 . Memory (MB): peak = 3162.465 ; gain = 0.000 ; free physical = 430 ; free virtual = 6183
Phase 1.1 Placer Initialization Netlist Sorting | Checksum: 1f692c022

Time (s): cpu = 00:00:00.01 ; elapsed = 00:00:00.01 . Memory (MB): peak = 3162.465 ; gain = 0.000 ; free physical = 430 ; free virtual = 6183
Netlist sorting complete. Time (s): cpu = 00:00:00 ; elapsed = 00:00:00 . Memory (MB): peak = 3162.465 ; gain = 0.000 ; free physical = 430 ; free virtual = 6183

Phase 1.2 IO Placement/ Clock Placement/ Build Placer Device
Phase 1.2 IO Placement/ Clock Placement/ Build Placer Device | Checksum: 22305c965

Time (s): cpu = 00:00:00.35 ; elapsed = 00:00:00.16 . Memory (MB): peak = 3162.465 ; gain = 0.000 ; free physical = 430 ; free virtual = 6183

Phase 1.3 Build Placer Netlist Model
Phase 1.3 Build Placer Netlist Model | Checksum: 308651537

Time (s): cpu = 00:00:00.43 ; elapsed = 00:00:00.19 . Memory (MB): peak = 3162.465 ; gain = 0.000 ; free physical = 430 ; free virtual = 6183

Phase 1.4 Constrain Clocks/Macros
Phase 1.4 Constrain Clocks/Macros | Checksum: 308651537

Time (s): cpu = 00:00:00.43 ; elapsed = 00:00:00.19 . Memory (MB): peak = 3162.465 ; gain = 0.000 ; free physical = 430 ; free virtual = 6183
Phase 1 Placer Initialization | Checksum: 308651537

Time (s): cpu = 00:00:00.44 ; elapsed = 00:00:00.2 . Memory (MB): peak = 3162.465 ; gain = 0.000 ; free physical = 430 ; free virtual = 6183

Phase 2 Global Placement

Phase 2.1 Floorplanning
Phase 2.1 Floorplanning | Checksum: 308651537

Time (s): cpu = 00:00:00.44 ; elapsed = 00:00:00.2 . Memory (MB): peak = 3162.465 ; gain = 0.000 ; free physical = 430 ; free virtual = 6183

Phase 2.2 Update Timing before SLR Path Opt
Phase 2.2 Update Timing before SLR Path Opt | Checksum: 308651537

Time (s): cpu = 00:00:00.44 ; elapsed = 00:00:00.2 . Memory (MB): peak = 3162.465 ; gain = 0.000 ; free physical = 430 ; free virtual = 6183

Phase 2.3 Post-Processing in Floorplanning
Phase 2.3 Post-Processing in Floorplanning | Checksum: 308651537

Time (s): cpu = 00:00:00.44 ; elapsed = 00:00:00.2 . Memory (MB): peak = 3162.465 ; gain = 0.000 ; free physical = 430 ; free virtual = 6183

Phase 2.4 Global Place Phase1
Phase 2.4 Global Place Phase1 | Checksum: 31205f88e

Time (s): cpu = 00:00:02 ; elapsed = 00:00:00.47 . Memory (MB): peak = 3194.480 ; gain = 32.016 ; free physical = 371 ; free virtual = 6123

Phase 2.5 Global Place Phase2
WARNING: [Place 46-29] Timing had been disabled during Placer and, therefore, physical synthesis in Placer will be skipped.
Phase 2.5 Global Place Phase2 | Checksum: 230e72bc0

Time (s): cpu = 00:00:02 ; elapsed = 00:00:00.51 . Memory (MB): peak = 3194.480 ; gain = 32.016 ; free physical = 373 ; free virtual = 6125
Phase 2 Global Placement | Checksum: 230e72bc0

Time (s): cpu = 00:00:02 ; elapsed = 00:00:00.51 . Memory (MB): peak = 3194.480 ; gain = 32.016 ; free physical = 373 ; free virtual = 6125

Phase 3 Detail Placement

Phase 3.1 Commit Multi Column Macros
Phase 3.1 Commit Multi Column Macros | Checksum: 230e72bc0

Time (s): cpu = 00:00:02 ; elapsed = 00:00:00.51 . Memory (MB): peak = 3194.480 ; gain = 32.016 ; free physical = 373 ; free virtual = 6125

Phase 3.2 Commit Most Macros & LUTRAMs
Phase 3.2 Commit Most Macros & LUTRAMs | Checksum: 1de4fe24d

Time (s): cpu = 00:00:02 ; elapsed = 00:00:00.53 . Memory (MB): peak = 3194.480 ; gain = 32.016 ; free physical = 373 ; free virtual = 6125

Phase 3.3 Area Swap Optimization
Phase 3.3 Area Swap Optimization | Checksum: 25f47be00

Time (s): cpu = 00:00:02 ; elapsed = 00:00:00.53 . Memory (MB): peak = 3194.480 ; gain = 32.016 ; free physical = 373 ; free virtual = 6125

Phase 3.4 Pipeline Register Optimization
Phase 3.4 Pipeline Register Optimization | Checksum: 25f47be00

Time (s): cpu = 00:00:02 ; elapsed = 00:00:00.54 . Memory (MB): peak = 3194.480 ; gain = 32.016 ; free physical = 373 ; free virtual = 6125

Phase 3.5 Small Shape Detail Placement
Phase 3.5 Small Shape Detail Placement | Checksum: 1fae80f8d

Time (s): cpu = 00:00:02 ; elapsed = 00:00:00.62 . Memory (MB): peak = 3194.480 ; gain = 32.016 ; free physical = 372 ; free virtual = 6124

Phase 3.6 Re-assign LUT pins
Phase 3.6 Re-assign LUT pins | Checksum: 1fae80f8d

Time (s): cpu = 00:00:02 ; elapsed = 00:00:00.63 . Memory (MB): peak = 3194.480 ; gain = 32.016 ; free physical = 372 ; free virtual = 6124

Phase 3.7 Pipeline Register Optimization
Phase 3.7 Pipeline Register Optimization | Checksum: 1fae80f8d

Time (s): cpu = 00:00:02 ; elapsed = 00:00:00.63 . Memory (MB): peak = 3194.480 ; gain = 32.016 ; free physical = 372 ; free virtual = 6124
Phase 3 Detail Placement | Checksum: 1fae80f8d

Time (s): cpu = 00:00:02 ; elapsed = 00:00:00.63 . Memory (MB): peak = 3194.480 ; gain = 32.016 ; free physical = 372 ; free virtual = 6124

Phase 4 Post Placement Optimization and Clean-Up

Phase 4.1 Post Commit Optimization
Phase 4.1 Post Commit Optimization | Checksum: 1fae80f8d

Time (s): cpu = 00:00:02 ; elapsed = 00:00:00.65 . Memory (MB): peak = 3194.480 ; gain = 32.016 ; free physical = 372 ; free virtual = 6124

Phase 4.2 Post Placement Cleanup
Phase 4.2 Post Placement Cleanup | Checksum: 1fae80f8d

Time (s): cpu = 00:00:02 ; elapsed = 00:00:00.66 . Memory (MB): peak = 3194.480 ; gain = 32.016 ; free physical = 372 ; free virtual = 6124

Phase 4.3 Placer Reporting

Phase 4.3.1 Print Estimated Congestion
INFO: [Place 30-612] Post-Placement Estimated Congestion 
 ____________________________________________________
|           | Global Congestion | Short Congestion  |
| Direction | Region Size       | Region Size       |
|___________|___________________|___________________|
|      North|                1x1|                1x1|
|___________|___________________|___________________|
|      South|                1x1|                1x1|
|___________|___________________|___________________|
|       East|                1x1|                1x1|
|___________|___________________|___________________|
|       West|                1x1|                1x1|
|___________|___________________|___________________|

Phase 4.3.1 Print Estimated Congestion | Checksum: 1fae80f8d

Time (s): cpu = 00:00:02 ; elapsed = 00:00:00.66 . Memory (MB): peak = 3194.480 ; gain = 32.016 ; free physical = 372 ; free virtual = 6124
Phase 4.3 Placer Reporting | Checksum: 1fae80f8d

Time (s): cpu = 00:00:02 ; elapsed = 00:00:00.66 . Memory (MB): peak = 3194.480 ; gain = 32.016 ; free physical = 372 ; free virtual = 6124

Phase 4.4 Final Placement Cleanup
Netlist sorting complete. Time (s): cpu = 00:00:00 ; elapsed = 00:00:00 . Memory (MB): peak = 3194.480 ; gain = 0.000 ; free physical = 372 ; free virtual = 6124

Time (s): cpu = 00:00:02 ; elapsed = 00:00:00.66 . Memory (MB): peak = 3194.480 ; gain = 32.016 ; free physical = 372 ; free virtual = 6124
Phase 4 Post Placement Optimization and Clean-Up | Checksum: 1c5a56265

Time (s): cpu = 00:00:02 ; elapsed = 00:00:00.66 . Memory (MB): peak = 3194.480 ; gain = 32.016 ; free physical = 372 ; free virtual = 6124
Ending Placer Task | Checksum: 171e7b6f0

Time (s): cpu = 00:00:02 ; elapsed = 00:00:00.66 . Memory (MB): peak = 3194.480 ; gain = 32.016 ; free physical = 372 ; free virtual = 6124
43 Infos, 1 Warnings, 0 Critical Warnings and 0 Errors encountered.
place_design completed successfully
INFO: [Vivado 12-24838] Running report commands "report_control_sets, report_io, report_utilization" in parallel.
Running report generation with 3 threads.
INFO: [Vivado 12-24828] Executing command : report_control_sets -verbose -file adder_toplevel_control_sets_placed.rpt
report_control_sets: Time (s): cpu = 00:00:00.09 ; elapsed = 00:00:00.09 . Memory (MB): peak = 3194.480 ; gain = 0.000 ; free physical = 375 ; free virtual = 6127
INFO: [Vivado 12-24828] Executing command : report_io -file adder_toplevel_io_placed.rpt
report_io: Time (s): cpu = 00:00:00.2 ; elapsed = 00:00:00.19 . Memory (MB): peak = 3194.480 ; gain = 0.000 ; free physical = 371 ; free virtual = 6124
INFO: [Vivado 12-24828] Executing command : report_utilization -file adder_toplevel_utilization_placed.rpt -pb adder_toplevel_utilization_placed.pb
INFO: [Timing 38-480] Writing timing data to binary archive.
Wrote PlaceDB: Time (s): cpu = 00:00:00 ; elapsed = 00:00:00 . Memory (MB): peak = 3194.480 ; gain = 0.000 ; free physical = 371 ; free virtual = 6123
Wrote PulsedLatchDB: Time (s): cpu = 00:00:00 ; elapsed = 00:00:00 . Memory (MB): peak = 3194.480 ; gain = 0.000 ; free physical = 371 ; free virtual = 6123
Writing XDEF routing.
Write ShapeDB Complete: Time (s): cpu = 00:00:00.01 ; elapsed = 00:00:00 . Memory (MB): peak = 3194.480 ; gain = 0.000 ; free physical = 371 ; free virtual = 6123
Writing XDEF routing logical nets.
Writing XDEF routing special nets.
Wrote RouteStorage: Time (s): cpu = 00:00:00.03 ; elapsed = 00:00:00.01 . Memory (MB): peak = 3194.480 ; gain = 0.000 ; free physical = 371 ; free virtual = 6123
Wrote PlaceStorage: Time (s): cpu = 00:00:00.01 ; elapsed = 00:00:00 . Memory (MB): peak = 3194.480 ; gain = 0.000 ; free physical = 371 ; free virtual = 6123
Wrote Netlist Cache: Time (s): cpu = 00:00:00 ; elapsed = 00:00:00 . Memory (MB): peak = 3194.480 ; gain = 0.000 ; free physical = 371 ; free virtual = 6123
Wrote Device Cache: Time (s): cpu = 00:00:00 ; elapsed = 00:00:00 . Memory (MB): peak = 3194.480 ; gain = 0.000 ; free physical = 371 ; free virtual = 6124
Write Physdb Complete: Time (s): cpu = 00:00:00.06 ; elapsed = 00:00:00.02 . Memory (MB): peak = 3194.480 ; gain = 0.000 ; free physical = 371 ; free virtual = 6124
INFO: [Common 17-1381] The checkpoint '/home/amogk/Vivado/ECE-385-LABS/lab3/Lab 3 vivado/Lab 3 vivado.runs/impl_1/adder_toplevel_placed.dcp' has been generated.
Command: phys_opt_design
Attempting to get a license for feature 'Implementation' and/or device 'xc7s50'
INFO: [Common 17-349] Got license for feature 'Implementation' and/or device 'xc7s50'

Starting Initial Update Timing Task

Time (s): cpu = 00:00:00.02 ; elapsed = 00:00:00.02 . Memory (MB): peak = 3194.480 ; gain = 0.000 ; free physical = 371 ; free virtual = 6123
INFO: [Vivado_Tcl 4-235] No timing constraint found. The netlist was not modified.
INFO: [Common 17-83] Releasing license: Implementation
52 Infos, 1 Warnings, 0 Critical Warnings and 0 Errors encountered.
phys_opt_design completed successfully
INFO: [Timing 38-480] Writing timing data to binary archive.
Wrote PlaceDB: Time (s): cpu = 00:00:00 ; elapsed = 00:00:00 . Memory (MB): peak = 3194.480 ; gain = 0.000 ; free physical = 371 ; free virtual = 6123
Wrote PulsedLatchDB: Time (s): cpu = 00:00:00 ; elapsed = 00:00:00 . Memory (MB): peak = 3194.480 ; gain = 0.000 ; free physical = 371 ; free virtual = 6123
Writing XDEF routing.
Write ShapeDB Complete: Time (s): cpu = 00:00:00 ; elapsed = 00:00:00 . Memory (MB): peak = 3194.480 ; gain = 0.000 ; free physical = 371 ; free virtual = 6123
Writing XDEF routing logical nets.
Writing XDEF routing special nets.
Wrote RouteStorage: Time (s): cpu = 00:00:00.03 ; elapsed = 00:00:00.01 . Memory (MB): peak = 3194.480 ; gain = 0.000 ; free physical = 371 ; free virtual = 6123
Wrote PlaceStorage: Time (s): cpu = 00:00:00.01 ; elapsed = 00:00:00 . Memory (MB): peak = 3194.480 ; gain = 0.000 ; free physical = 371 ; free virtual = 6123
Wrote Netlist Cache: Time (s): cpu = 00:00:00 ; elapsed = 00:00:00 . Memory (MB): peak = 3194.480 ; gain = 0.000 ; free physical = 371 ; free virtual = 6123
Wrote Device Cache: Time (s): cpu = 00:00:00.01 ; elapsed = 00:00:00.01 . Memory (MB): peak = 3194.480 ; gain = 0.000 ; free physical = 370 ; free virtual = 6124
Write Physdb Complete: Time (s): cpu = 00:00:00.05 ; elapsed = 00:00:00.02 . Memory (MB): peak = 3194.480 ; gain = 0.000 ; free physical = 370 ; free virtual = 6124
INFO: [Common 17-1381] The checkpoint '/home/amogk/Vivado/ECE-385-LABS/lab3/Lab 3 vivado/Lab 3 vivado.runs/impl_1/adder_toplevel_physopt.dcp' has been generated.
Command: route_design
Attempting to get a license for feature 'Implementation' and/or device 'xc7s50'
INFO: [Common 17-349] Got license for feature 'Implementation' and/or device 'xc7s50'


Starting Routing Task
INFO: [Route 35-254] Multithreading enabled for route_design using a maximum of 8 CPUs

Phase 1 Build RT Design
Checksum: PlaceDB: 82a7e945 ConstDB: 0 ShapeSum: 44ae9a75 RouteDB: aa913336
Post Restoration Checksum: NetGraph: 43e2ea97 | NumContArr: 831830be | Constraints: c2a8fa9d | Timing: c2a8fa9d
Phase 1 Build RT Design | Checksum: 24c4d108f

Time (s): cpu = 00:00:15 ; elapsed = 00:00:14 . Memory (MB): peak = 3194.480 ; gain = 0.000 ; free physical = 396 ; free virtual = 6151

Phase 2 Router Initialization
INFO: [Route 35-64] No timing constraints were detected. The router will operate in resource-optimization mode.

Phase 2.1 Fix Topology Constraints
Phase 2.1 Fix Topology Constraints | Checksum: 24c4d108f

Time (s): cpu = 00:00:15 ; elapsed = 00:00:14 . Memory (MB): peak = 3194.480 ; gain = 0.000 ; free physical = 397 ; free virtual = 6151

Phase 2.2 Pre Route Cleanup
Phase 2.2 Pre Route Cleanup | Checksum: 24c4d108f

Time (s): cpu = 00:00:15 ; elapsed = 00:00:14 . Memory (MB): peak = 3194.480 ; gain = 0.000 ; free physical = 397 ; free virtual = 6152
 Number of Nodes with overlaps = 0

Router Utilization Summary
  Global Vertical Routing Utilization    = 0 %
  Global Horizontal Routing Utilization  = 0 %
  Routable Net Status*
  *Does not include unroutable nets such as driverless and loadless.
  Run report_route_status for detailed report.
  Number of Failed Nets               = 221
    (Failed Nets is the sum of unrouted and partially routed nets)
  Number of Unrouted Nets             = 221
  Number of Partially Routed Nets     = 0
  Number of Node Overlaps             = 0

Phase 2 Router Initialization | Checksum: 2df626d92

Time (s): cpu = 00:00:16 ; elapsed = 00:00:14 . Memory (MB): peak = 3194.480 ; gain = 0.000 ; free physical = 397 ; free virtual = 6152

Phase 3 Global Routing
Phase 3 Global Routing | Checksum: 2df626d92

Time (s): cpu = 00:00:16 ; elapsed = 00:00:14 . Memory (MB): peak = 3194.480 ; gain = 0.000 ; free physical = 397 ; free virtual = 6152

Phase 4 Initial Routing

Phase 4.1 Initial Net Routing Pass
Phase 4.1 Initial Net Routing Pass | Checksum: 2fd3d0573

Time (s): cpu = 00:00:16 ; elapsed = 00:00:14 . Memory (MB): peak = 3194.480 ; gain = 0.000 ; free physical = 397 ; free virtual = 6152
Phase 4 Initial Routing | Checksum: 2fd3d0573

Time (s): cpu = 00:00:16 ; elapsed = 00:00:14 . Memory (MB): peak = 3194.480 ; gain = 0.000 ; free physical = 397 ; free virtual = 6152

Phase 5 Rip-up And Reroute

Phase 5.1 Global Iteration 0
 Number of Nodes with overlaps = 6
 Number of Nodes with overlaps = 0
Phase 5.1 Global Iteration 0 | Checksum: 281a69c5e

Time (s): cpu = 00:00:16 ; elapsed = 00:00:14 . Memory (MB): peak = 3194.480 ; gain = 0.000 ; free physical = 397 ; free virtual = 6152
Phase 5 Rip-up And Reroute | Checksum: 281a69c5e

Time (s): cpu = 00:00:16 ; elapsed = 00:00:14 . Memory (MB): peak = 3194.480 ; gain = 0.000 ; free physical = 397 ; free virtual = 6152

Phase 6 Delay and Skew Optimization
Phase 6 Delay and Skew Optimization | Checksum: 281a69c5e

Time (s): cpu = 00:00:16 ; elapsed = 00:00:14 . Memory (MB): peak = 3194.480 ; gain = 0.000 ; free physical = 397 ; free virtual = 6152

Phase 7 Post Hold Fix

Phase 7.1 Hold Fix Iter
Phase 7.1 Hold Fix Iter | Checksum: 281a69c5e

Time (s): cpu = 00:00:16 ; elapsed = 00:00:14 . Memory (MB): peak = 3194.480 ; gain = 0.000 ; free physical = 397 ; free virtual = 6152
Phase 7 Post Hold Fix | Checksum: 281a69c5e

Time (s): cpu = 00:00:16 ; elapsed = 00:00:14 . Memory (MB): peak = 3194.480 ; gain = 0.000 ; free physical = 397 ; free virtual = 6152

Phase 8 Route finalize

Router Utilization Summary
  Global Vertical Routing Utilization    = 0.0613888 %
  Global Horizontal Routing Utilization  = 0.0465903 %
  Routable Net Status*
  *Does not include unroutable nets such as driverless and loadless.
  Run report_route_status for detailed report.
  Number of Failed Nets               = 0
    (Failed Nets is the sum of unrouted and partially routed nets)
  Number of Unrouted Nets             = 0
  Number of Partially Routed Nets     = 0
  Number of Node Overlaps             = 0


--GLOBAL Congestion:
Utilization threshold used for congestion level computation: 0.85
Congestion Report
North Dir 1x1 Area, Max Cong = 13.5135%, No Congested Regions.
South Dir 1x1 Area, Max Cong = 22.5225%, No Congested Regions.
East Dir 1x1 Area, Max Cong = 22.0588%, No Congested Regions.
West Dir 1x1 Area, Max Cong = 16.1765%, No Congested Regions.

------------------------------
Reporting congestion hotspots
------------------------------
Direction: North
----------------
Congested clusters found at Level 0
Effective congestion level: 0 Aspect Ratio: 1 Sparse Ratio: 0
Direction: South
----------------
Congested clusters found at Level 0
Effective congestion level: 0 Aspect Ratio: 1 Sparse Ratio: 0
Direction: East
----------------
Congested clusters found at Level 0
Effective congestion level: 0 Aspect Ratio: 1 Sparse Ratio: 0
Direction: West
----------------
Congested clusters found at Level 0
Effective congestion level: 0 Aspect Ratio: 1 Sparse Ratio: 0

Phase 8 Route finalize | Checksum: 281a69c5e

Time (s): cpu = 00:00:16 ; elapsed = 00:00:14 . Memory (MB): peak = 3194.480 ; gain = 0.000 ; free physical = 397 ; free virtual = 6152

Phase 9 Verifying routed nets

 Verification completed successfully
Phase 9 Verifying routed nets | Checksum: 281a69c5e

Time (s): cpu = 00:00:16 ; elapsed = 00:00:14 . Memory (MB): peak = 3194.480 ; gain = 0.000 ; free physical = 397 ; free virtual = 6152

Phase 10 Depositing Routes
Phase 10 Depositing Routes | Checksum: 2f0004e45

Time (s): cpu = 00:00:16 ; elapsed = 00:00:14 . Memory (MB): peak = 3194.480 ; gain = 0.000 ; free physical = 397 ; free virtual = 6152

Phase 11 Post Process Routing
Phase 11 Post Process Routing | Checksum: 2f0004e45

Time (s): cpu = 00:00:16 ; elapsed = 00:00:14 . Memory (MB): peak = 3194.480 ; gain = 0.000 ; free physical = 397 ; free virtual = 6152
Total Elapsed time in route_design: 13.83 secs

Phase 12 Post-Route Event Processing
Phase 12 Post-Route Event Processing | Checksum: 12d4c21d1

Time (s): cpu = 00:00:16 ; elapsed = 00:00:14 . Memory (MB): peak = 3194.480 ; gain = 0.000 ; free physical = 397 ; free virtual = 6152
INFO: [Route 35-16] Router Completed Successfully
Ending Routing Task | Checksum: 12d4c21d1

Time (s): cpu = 00:00:16 ; elapsed = 00:00:14 . Memory (MB): peak = 3194.480 ; gain = 0.000 ; free physical = 397 ; free virtual = 6152

Routing Is Done.
INFO: [Common 17-83] Releasing license: Implementation
59 Infos, 1 Warnings, 0 Critical Warnings and 0 Errors encountered.
route_design completed successfully
route_design: Time (s): cpu = 00:00:16 ; elapsed = 00:00:14 . Memory (MB): peak = 3194.480 ; gain = 0.000 ; free physical = 397 ; free virtual = 6152
INFO: [Vivado 12-24828] Executing command : report_drc -file adder_toplevel_drc_routed.rpt -pb adder_toplevel_drc_routed.pb -rpx adder_toplevel_drc_routed.rpx
Command: report_drc -file adder_toplevel_drc_routed.rpt -pb adder_toplevel_drc_routed.pb -rpx adder_toplevel_drc_routed.rpx
INFO: [IP_Flow 19-1839] IP Catalog is up to date.
INFO: [DRC 23-27] Running DRC with 8 threads
INFO: [Vivado_Tcl 2-168] The results of DRC are in file /home/amogk/Vivado/ECE-385-LABS/lab3/Lab 3 vivado/Lab 3 vivado.runs/impl_1/adder_toplevel_drc_routed.rpt.
report_drc completed successfully
INFO: [Vivado 12-24828] Executing command : report_methodology -file adder_toplevel_methodology_drc_routed.rpt -pb adder_toplevel_methodology_drc_routed.pb -rpx adder_toplevel_methodology_drc_routed.rpx
Command: report_methodology -file adder_toplevel_methodology_drc_routed.rpt -pb adder_toplevel_methodology_drc_routed.pb -rpx adder_toplevel_methodology_drc_routed.rpx
INFO: [Timing 38-35] Done setting XDC timing constraints.
INFO: [DRC 23-133] Running Methodology with 8 threads
INFO: [Vivado_Tcl 2-1520] The results of Report Methodology are in file /home/amogk/Vivado/ECE-385-LABS/lab3/Lab 3 vivado/Lab 3 vivado.runs/impl_1/adder_toplevel_methodology_drc_routed.rpt.
report_methodology completed successfully
INFO: [Vivado 12-24828] Executing command : report_timing_summary -max_paths 10 -report_unconstrained -file adder_toplevel_timing_summary_routed.rpt -pb adder_toplevel_timing_summary_routed.pb -rpx adder_toplevel_timing_summary_routed.rpx -warn_on_violation 
INFO: [Timing 38-35] Done setting XDC timing constraints.
INFO: [Timing 38-91] UpdateTimingParams: Speed grade: -1, Delay Type: min_max.
INFO: [Timing 38-191] Multithreading enabled for timing update using a maximum of 8 CPUs
WARNING: [Timing 38-313] There are no user specified timing constraints. Timing constraints are needed for proper timing analysis.
INFO: [Vivado 12-24838] Running report commands "report_bus_skew, report_incremental_reuse, report_route_status" in parallel.
Running report generation with 3 threads.
INFO: [Vivado 12-24828] Executing command : report_route_status -file adder_toplevel_route_status.rpt -pb adder_toplevel_route_status.pb
INFO: [Vivado 12-24828] Executing command : report_incremental_reuse -file adder_toplevel_incremental_reuse_routed.rpt
INFO: [Vivado_Tcl 4-1062] Incremental flow is disabled. No incremental reuse Info to report.
INFO: [Vivado 12-24828] Executing command : report_bus_skew -warn_on_violation -file adder_toplevel_bus_skew_routed.rpt -pb adder_toplevel_bus_skew_routed.pb -rpx adder_toplevel_bus_skew_routed.rpx
INFO: [Timing 38-91] UpdateTimingParams: Speed grade: -1, Delay Type: min_max.
INFO: [Timing 38-191] Multithreading enabled for timing update using a maximum of 8 CPUs
INFO: [Vivado 12-24828] Executing command : report_power -file adder_toplevel_power_routed.rpt -pb adder_toplevel_power_summary_routed.pb -rpx adder_toplevel_power_routed.rpx
Command: report_power -file adder_toplevel_power_routed.rpt -pb adder_toplevel_power_summary_routed.pb -rpx adder_toplevel_power_routed.rpx
WARNING: [Power 33-232] No user defined clocks were found in the design! Power estimation will be inaccurate until this is corrected.
Resolution: Please specify clocks using create_clock/create_generated_clock for sequential elements. For pure combinatorial circuits, please specify a virtual clock, otherwise the vectorless estimation might be inaccurate
Running Vector-less Activity Propagation...

Finished Running Vector-less Activity Propagation
79 Infos, 3 Warnings, 0 Critical Warnings and 0 Errors encountered.
report_power completed successfully
INFO: [Vivado 12-24828] Executing command : report_clock_utilization -file adder_toplevel_clock_utilization_routed.rpt
INFO: [Timing 38-480] Writing timing data to binary archive.
Wrote PlaceDB: Time (s): cpu = 00:00:00 ; elapsed = 00:00:00 . Memory (MB): peak = 3209.539 ; gain = 0.000 ; free physical = 381 ; free virtual = 6136
Wrote PulsedLatchDB: Time (s): cpu = 00:00:00 ; elapsed = 00:00:00 . Memory (MB): peak = 3209.539 ; gain = 0.000 ; free physical = 381 ; free virtual = 6136
Writing XDEF routing.
Write ShapeDB Complete: Time (s): cpu = 00:00:00 ; elapsed = 00:00:00 . Memory (MB): peak = 3209.539 ; gain = 0.000 ; free physical = 381 ; free virtual = 6136
Writing XDEF routing logical nets.
Writing XDEF routing special nets.
Wrote RouteStorage: Time (s): cpu = 00:00:00.04 ; elapsed = 00:00:00.02 . Memory (MB): peak = 3209.539 ; gain = 0.000 ; free physical = 382 ; free virtual = 6137
Wrote PlaceStorage: Time (s): cpu = 00:00:00.01 ; elapsed = 00:00:00 . Memory (MB): peak = 3209.539 ; gain = 0.000 ; free physical = 382 ; free virtual = 6137
Wrote Netlist Cache: Time (s): cpu = 00:00:00.01 ; elapsed = 00:00:00 . Memory (MB): peak = 3209.539 ; gain = 0.000 ; free physical = 382 ; free virtual = 6137
Wrote Device Cache: Time (s): cpu = 00:00:00 ; elapsed = 00:00:00.01 . Memory (MB): peak = 3209.539 ; gain = 0.000 ; free physical = 381 ; free virtual = 6137
Write Physdb Complete: Time (s): cpu = 00:00:00.06 ; elapsed = 00:00:00.03 . Memory (MB): peak = 3209.539 ; gain = 0.000 ; free physical = 381 ; free virtual = 6137
INFO: [Common 17-1381] The checkpoint '/home/amogk/Vivado/ECE-385-LABS/lab3/Lab 3 vivado/Lab 3 vivado.runs/impl_1/adder_toplevel_routed.dcp' has been generated.
Command: write_bitstream -force adder_toplevel.bit
Attempting to get a license for feature 'Implementation' and/or device 'xc7s50'
INFO: [Common 17-349] Got license for feature 'Implementation' and/or device 'xc7s50'
Running DRC as a precondition to command write_bitstream
INFO: [IP_Flow 19-1839] IP Catalog is up to date.
INFO: [DRC 23-27] Running DRC with 8 threads
INFO: [Vivado 12-3199] DRC finished with 0 Errors
INFO: [Vivado 12-3200] Please refer to the DRC report (report_drc) for more information.
Integrating Hard IP ELF/MEM with the PDI.
INFO: [Designutils 20-2272] Running write_bitstream with 8 threads.
Initializing bitstream generation complete. Time (s): cpu = 00:00:00.6 ; elapsed = 00:00:00.62 . Memory (MB): peak = 3209.539 ; gain = 0.000 ; free physical = 383 ; free virtual = 6140
Loading data files...
Loading site data...
Loading route data...
Processing options...
Creating bitmap...
Creating bitstream...
Writing bitstream ./adder_toplevel.bit...
Generate Bitstream complete. Time (s): cpu = 00:00:05 ; elapsed = 00:00:04 . Memory (MB): peak = 3307.562 ; gain = 98.023 ; free physical = 379 ; free virtual = 6013
INFO: [Vivado 12-1842] Bitgen Completed Successfully.
INFO: [Common 17-83] Releasing license: Implementation
90 Infos, 3 Warnings, 0 Critical Warnings and 0 Errors encountered.
write_bitstream completed successfully
write_bitstream: Time (s): cpu = 00:00:09 ; elapsed = 00:00:35 . Memory (MB): peak = 3307.918 ; gain = 98.379 ; free physical = 373 ; free virtual = 6011
INFO: [Common 17-206] Exiting Vivado at Thu Sep 17 22:17:29 2026...
